Archive member included to satisfy reference by file (symbol)

c:/nxp/mcuxpressoide_11.9.1_2170/ide/plugins/com.nxp.mcuxpresso.tools.win32_11.9.1.202402080819/tools/bin/../lib/gcc/arm-none-eabi/12.3.1/../../../../arm-none-eabi/lib/thumb/v8-m.main+fp/hard\libcr_nohost_nf.a(_cr__main.o)
                              ./startup/startup_mcxn947_cm33_core0.o (__main)
c:/nxp/mcuxpressoide_11.9.1_2170/ide/plugins/com.nxp.mcuxpresso.tools.win32_11.9.1.202402080819/tools/bin/../lib/gcc/arm-none-eabi/12.3.1/../../../../arm-none-eabi/lib/thumb/v8-m.main+fp/hard\libcr_c.a(memset.o)
                              ./source/cmsis_usart_edma_transfer.o (memset)
c:/nxp/mcuxpressoide_11.9.1_2170/ide/plugins/com.nxp.mcuxpresso.tools.win32_11.9.1.202402080819/tools/bin/../lib/gcc/arm-none-eabi/12.3.1/../../../../arm-none-eabi/lib/thumb/v8-m.main+fp/hard\libcr_c.a(alloc.o)
                              ./drivers/fsl_common.o (malloc)
c:/nxp/mcuxpressoide_11.9.1_2170/ide/plugins/com.nxp.mcuxpresso.tools.win32_11.9.1.202402080819/tools/bin/../lib/gcc/arm-none-eabi/12.3.1/../../../../arm-none-eabi/lib/thumb/v8-m.main+fp/hard\libcr_c.a(errno.o)
                              ./utilities/fsl_str.o (errno)
c:/nxp/mcuxpressoide_11.9.1_2170/ide/plugins/com.nxp.mcuxpresso.tools.win32_11.9.1.202402080819/tools/bin/../lib/gcc/arm-none-eabi/12.3.1/../../../../arm-none-eabi/lib/thumb/v8-m.main+fp/hard\libcr_c.a(initio.o)
                              c:/nxp/mcuxpressoide_11.9.1_2170/ide/plugins/com.nxp.mcuxpresso.tools.win32_11.9.1.202402080819/tools/bin/../lib/gcc/arm-none-eabi/12.3.1/../../../../arm-none-eabi/lib/thumb/v8-m.main+fp/hard\libcr_nohost_nf.a(_cr__main.o) (_initio)
c:/nxp/mcuxpressoide_11.9.1_2170/ide/plugins/com.nxp.mcuxpresso.tools.win32_11.9.1.202402080819/tools/bin/../lib/gcc/arm-none-eabi/12.3.1/../../../../arm-none-eabi/lib/thumb/v8-m.main+fp/hard\libcr_c.a(scanf.o)
                              ./utilities/fsl_str.o (strtoul)
c:/nxp/mcuxpressoide_11.9.1_2170/ide/plugins/com.nxp.mcuxpresso.tools.win32_11.9.1.202402080819/tools/bin/../lib/gcc/arm-none-eabi/12.3.1/../../../../arm-none-eabi/lib/thumb/v8-m.main+fp/hard\libcr_c.a(setvbuf.o)
                              c:/nxp/mcuxpressoide_11.9.1_2170/ide/plugins/com.nxp.mcuxpresso.tools.win32_11.9.1.202402080819/tools/bin/../lib/gcc/arm-none-eabi/12.3.1/../../../../arm-none-eabi/lib/thumb/v8-m.main+fp/hard\libcr_c.a(initio.o) (setvbuf)
c:/nxp/mcuxpressoide_11.9.1_2170/ide/plugins/com.nxp.mcuxpresso.tools.win32_11.9.1.202402080819/tools/bin/../lib/gcc/arm-none-eabi/12.3.1/../../../../arm-none-eabi/lib/thumb/v8-m.main+fp/hard\libcr_c.a(strlen.o)
                              ./utilities/fsl_debug_console.o (strlen)
c:/nxp/mcuxpressoide_11.9.1_2170/ide/plugins/com.nxp.mcuxpresso.tools.win32_11.9.1.202402080819/tools/bin/../lib/gcc/arm-none-eabi/12.3.1/../../../../arm-none-eabi/lib/thumb/v8-m.main+fp/hard\libcr_c.a(ungetc.o)
                              c:/nxp/mcuxpressoide_11.9.1_2170/ide/plugins/com.nxp.mcuxpresso.tools.win32_11.9.1.202402080819/tools/bin/../lib/gcc/arm-none-eabi/12.3.1/../../../../arm-none-eabi/lib/thumb/v8-m.main+fp/hard\libcr_c.a(scanf.o) (ungetc)
c:/nxp/mcuxpressoide_11.9.1_2170/ide/plugins/com.nxp.mcuxpresso.tools.win32_11.9.1.202402080819/tools/bin/../lib/gcc/arm-none-eabi/12.3.1/../../../../arm-none-eabi/lib/thumb/v8-m.main+fp/hard\libcr_c.a(__fillbuf.o)
                              c:/nxp/mcuxpressoide_11.9.1_2170/ide/plugins/com.nxp.mcuxpresso.tools.win32_11.9.1.202402080819/tools/bin/../lib/gcc/arm-none-eabi/12.3.1/../../../../arm-none-eabi/lib/thumb/v8-m.main+fp/hard\libcr_c.a(scanf.o) (__filbuf)
c:/nxp/mcuxpressoide_11.9.1_2170/ide/plugins/com.nxp.mcuxpresso.tools.win32_11.9.1.202402080819/tools/bin/../lib/gcc/arm-none-eabi/12.3.1/../../../../arm-none-eabi/lib/thumb/v8-m.main+fp/hard\libcr_c.a(__init_alloc.o)
                              c:/nxp/mcuxpressoide_11.9.1_2170/ide/plugins/com.nxp.mcuxpresso.tools.win32_11.9.1.202402080819/tools/bin/../lib/gcc/arm-none-eabi/12.3.1/../../../../arm-none-eabi/lib/thumb/v8-m.main+fp/hard\libcr_c.a(alloc.o) (__heaps)
c:/nxp/mcuxpressoide_11.9.1_2170/ide/plugins/com.nxp.mcuxpresso.tools.win32_11.9.1.202402080819/tools/bin/../lib/gcc/arm-none-eabi/12.3.1/../../../../arm-none-eabi/lib/thumb/v8-m.main+fp/hard\libcr_c.a(_cr_sbrk.o)
                              c:/nxp/mcuxpressoide_11.9.1_2170/ide/plugins/com.nxp.mcuxpresso.tools.win32_11.9.1.202402080819/tools/bin/../lib/gcc/arm-none-eabi/12.3.1/../../../../arm-none-eabi/lib/thumb/v8-m.main+fp/hard\libcr_c.a(alloc.o) (_sbrk)
c:/nxp/mcuxpressoide_11.9.1_2170/ide/plugins/com.nxp.mcuxpresso.tools.win32_11.9.1.202402080819/tools/bin/../lib/gcc/arm-none-eabi/12.3.1/../../../../arm-none-eabi/lib/thumb/v8-m.main+fp/hard\libcr_c.a(_deferredlazyseek.o)
[...]
Memory Configuration

Name             Origin             Length             Attributes
PROGRAM_FLASH0   0x00000000         0x00100000         xr
PROGRAM_FLASH1   0x00100000         0x00100000         xr
SRAM             0x20000000         0x00060000         xrw
SRAMX            0x04000000         0x00018000         xrw
SRAMH            0x20060000         0x00008000         xrw
USB_RAM          0x400ba000         0x00001000         xrw
*default*        0x00000000         0xffffffff

Linker script and memory map

LOAD ./utilities/fsl_assert.o
LOAD ./utilities/fsl_debug_console.o
LOAD ./utilities/fsl_memcpy.o
LOAD ./utilities/fsl_str.o
LOAD ./startup/boot_multicore_slave.o
LOAD ./startup/startup_mcxn947_cm33_core0.o
LOAD ./source/cmsis_usart_edma_transfer.o
LOAD ./source/semihost_hardfault.o
LOAD ./drivers/fsl_clock.o
LOAD ./drivers/fsl_common.o
LOAD ./drivers/fsl_common_arm.o
LOAD ./drivers/fsl_edma.o
LOAD ./drivers/fsl_edma_soc.o
LOAD ./drivers/fsl_gpio.o
LOAD ./drivers/fsl_lpflexcomm.o
LOAD ./drivers/fsl_lpuart.o
LOAD ./drivers/fsl_lpuart_cmsis.o
LOAD ./drivers/fsl_lpuart_edma.o
LOAD ./drivers/fsl_reset.o
LOAD ./drivers/fsl_spc.o
LOAD ./device/system_MCXN947_cm33_core0.o
LOAD ./component/uart/fsl_adapter_lpuart.o
LOAD ./component/lists/fsl_component_generic_list.o
LOAD ./board/board.o
LOAD ./board/clock_config.o
LOAD ./board/pin_mux.o
START GROUP
LOAD c:/nxp/mcuxpressoide_11.9.1_2170/ide/plugins/com.nxp.mcuxpresso.tools.win32_11.9.1.202402080819/tools/bin/../lib/gcc/arm-none-eabi/12.3.1/../../../../arm-none-eabi/lib/thumb/v8-m.main+fp/hard\libcr_nohost_nf.a
LOAD c:/nxp/mcuxpressoide_11.9.1_2170/ide/plugins/com.nxp.mcuxpresso.tools.win32_11.9.1.202402080819/tools/bin/../lib/gcc/arm-none-eabi/12.3.1/../../../../arm-none-eabi/lib/thumb/v8-m.main+fp/hard\libcr_c.a
LOAD c:/nxp/mcuxpressoide_11.9.1_2170/ide/plugins/com.nxp.mcuxpresso.tools.win32_11.9.1.202402080819/tools/bin/../lib/gcc/arm-none-eabi/12.3.1/thumb/v8-m.main+fp/hard\libcr_eabihelpers.a
LOAD c:/nxp/mcuxpressoide_11.9.1_2170/ide/plugins/com.nxp.mcuxpresso.tools.win32_11.9.1.202402080819/tools/bin/../lib/gcc/arm-none-eabi/12.3.1/thumb/v8-m.main+fp/hard\libgcc.a
END GROUP
                0x00000000                        __base_PROGRAM_FLASH0 = 0x0
                0x00000000                        __base_Flash = 0x0
                0x00100000                        __top_PROGRAM_FLASH0 = 0x100000
                0x00100000                        __top_Flash = 0x100000
                0x00100000                        __base_PROGRAM_FLASH1 = 0x100000
                0x00100000                        __base_Flash2 = 0x100000
                0x00200000                        __top_PROGRAM_FLASH1 = 0x200000
                0x00200000                        __top_Flash2 = 0x200000
                0x20000000                        __base_SRAM = 0x20000000
                0x20000000                        __base_RAM = 0x20000000
                0x20060000                        __top_SRAM = 0x20060000
                0x20060000                        __top_RAM = 0x20060000
                0x04000000                        __base_SRAMX = 0x4000000
                0x04000000                        __base_RAM2 = 0x4000000
                0x04018000                        __top_SRAMX = 0x4018000
                0x04018000                        __top_RAM2 = 0x4018000
                0x20060000                        __base_SRAMH = 0x20060000
                0x20060000                        __base_RAM3 = 0x20060000
                0x20068000                        __top_SRAMH = 0x20068000
                0x20068000                        __top_RAM3 = 0x20068000
                0x400ba000                        __base_USB_RAM = 0x400ba000
                0x400ba000                        __base_RAM4 = 0x400ba000
                0x400bb000                        __top_USB_RAM = 0x400bb000
                0x400bb000                        __top_RAM4 = 0x400bb000

.text_Flash2    0x00100000        0x0
 FILL mask 0xff
 *(SORT_BY_ALIGNMENT(.text_Flash2))
 *(SORT_BY_ALIGNMENT(.text_PROGRAM_FLASH1))
 *(SORT_BY_ALIGNMENT(.text.$Flash2))
 *(SORT_BY_ALIGNMENT(.text.$PROGRAM_FLASH1))
 *(SORT_BY_ALIGNMENT(.text_Flash2.*))
 *(SORT_BY_ALIGNMENT(.text_PROGRAM_FLASH1.*))
 *(SORT_BY_ALIGNMENT(.text.$Flash2.*))
 *(SORT_BY_ALIGNMENT(.text.$PROGRAM_FLASH1.*))
 *(SORT_BY_ALIGNMENT(.rodata.$Flash2))
 *(SORT_BY_ALIGNMENT(.rodata.$PROGRAM_FLASH1))
 *(SORT_BY_ALIGNMENT(.rodata.$Flash2.*))
 *(SORT_BY_ALIGNMENT(.rodata.$PROGRAM_FLASH1.*))

.text           0x00000000     0x78c8
 FILL mask 0xff
                0x00000000                        __vectors_start__ = ABSOLUTE (.)
 *(SORT_BY_ALIGNMENT(.isr_vector))
 .isr_vector    0x00000000      0x2b0 ./startup/startup_mcxn947_cm33_core0.o
                0x00000000                g_pfnVectors
                0x00000000                __Vectors
                0x000002b0                        . = ALIGN (0x4)
                0x000002b0                        __section_table_start = .
                0x000002b0                        __data_section_table = .
                0x000002b0        0x4 LONG 0x78c8 LOADADDR (.data)
                0x000002b4        0x4 LONG 0x20000000 ADDR (.data)
                0x000002b8        0x4 LONG 0x8c SIZEOF (.data)
                0x000002bc        0x4 LONG 0x78c8 LOADADDR (.data_RAM2)
                0x000002c0        0x4 LONG 0x4000000 ADDR (.data_RAM2)
                0x000002c4        0x4 LONG 0x0 SIZEOF (.data_RAM2)
                0x000002c8        0x4 LONG 0x78c8 LOADADDR (.data_RAM3)
                0x000002cc        0x4 LONG 0x20060000 ADDR (.data_RAM3)
                0x000002d0        0x4 LONG 0x0 SIZEOF (.data_RAM3)
                0x000002d4        0x4 LONG 0x78c8 LOADADDR (.data_RAM4)
                0x000002d8        0x4 LONG 0x400ba000 ADDR (.data_RAM4)
                0x000002dc        0x4 LONG 0x0 SIZEOF (.data_RAM4)
                0x000002e0                        __data_section_table_end = .
                0x000002e0                        __bss_section_table = .
                0x000002e0        0x4 LONG 0x2000008c ADDR (.bss)
                0x000002e4        0x4 LONG 0x34c SIZEOF (.bss)
                0x000002e8        0x4 LONG 0x4000000 ADDR (.bss_RAM2)
                0x000002ec        0x4 LONG 0x0 SIZEOF (.bss_RAM2)
                0x000002f0        0x4 LONG 0x20060000 ADDR (.bss_RAM3)
                0x000002f4        0x4 LONG 0x0 SIZEOF (.bss_RAM3)
                0x000002f8        0x4 LONG 0x400ba000 ADDR (.bss_RAM4)
                0x000002fc        0x4 LONG 0x0 SIZEOF (.bss_RAM4)
                0x00000300                        __bss_section_table_end = .
                0x00000300                        __section_table_end = .
 *(SORT_BY_ALIGNMENT(.after_vectors*))
 .after_vectors.reset
                0x00000300       0x68 ./startup/startup_mcxn947_cm33_core0.o
                0x00000300                ResetISR
 .after_vectors.init_data
                0x00000368       0x1e ./startup/startup_mcxn947_cm33_core0.o
                0x00000368                data_init
 .after_vectors.init_bss
                0x00000386       0x12 ./startup/startup_mcxn947_cm33_core0.o
                0x00000386                bss_init
 .after_vectors
                0x00000398       0x16 ./startup/startup_mcxn947_cm33_core0.o
                0x00000398                NMI_Handler
                0x0000039c                MemManage_Handler
                0x0000039e                BusFault_Handler
                0x000003a0                UsageFault_Handler
                0x000003a2                SecureFault_Handler
                0x000003a4                SVC_Handler
                0x000003a6                DebugMon_Handler
                0x000003a8                PendSV_Handler
                0x000003aa                SysTick_Handler
                0x000003ac                CMC0_DriverIRQHandler
                0x000003ac                PKC_ERR_DriverIRQHandler
                0x000003ac                SCG_DriverIRQHandler
                0x000003ac                FLEXPWM1_SUBMODULE1_DriverIRQHandler
                0x000003ac                FLEXPWM0_SUBMODULE1_DriverIRQHandler
                0x000003ac                LPTMR0_DriverIRQHandler
                0x000003ac                ENC0_IDX_DriverIRQHandler
                0x000003ac                I3C0_DriverIRQHandler
                0x000003ac                FLEXPWM0_RELOAD_ERROR_DriverIRQHandler
                0x000003ac                TRNG0_DriverIRQHandler
                0x000003ac                SEC_VIO_DriverIRQHandler
                0x000003ac                ERM_MULTI_BIT_ERROR_DriverIRQHandler
                0x000003ac                GPIO31_DriverIRQHandler
                0x000003ac                EWM0_DriverIRQHandler
                0x000003ac                PKC_DriverIRQHandler
                0x000003ac                USB1_HS_PHY_DriverIRQHandler
                0x000003ac                ELS_DriverIRQHandler
                0x000003ac                ETHERNET_DriverIRQHandler
                0x000003ac                FLEXPWM1_SUBMODULE3_DriverIRQHandler
                0x000003ac                DAC1_DriverIRQHandler
                0x000003ac                CTIMER2_DriverIRQHandler
                0x000003ac                EMVSIM0_DriverIRQHandler
                0x000003ac                ITRC0_DriverIRQHandler
                0x000003ac                ETB0_DriverIRQHandler
                0x000003ac                Freqme_DriverIRQHandler
                0x000003ac                Reserved80_DriverIRQHandler
                0x000003ac                IntDefaultHandler
                0x000003ac                ELS_ERR_DriverIRQHandler
                0x000003ac                FLEXIO_DriverIRQHandler
                0x000003ac                DAC0_DriverIRQHandler
                0x000003ac                MRT0_DriverIRQHandler
                0x000003ac                USB0_FS_DriverIRQHandler
                0x000003ac                FLEXPWM0_SUBMODULE2_DriverIRQHandler
                0x000003ac                GPIO01_DriverIRQHandler
                0x000003ac                WWDT0_DriverIRQHandler
                0x000003ac                USDHC0_DriverIRQHandler
                0x000003ac                GPIO00_DriverIRQHandler
                0x000003ac                GPIO11_DriverIRQHandler
                0x000003ac                CTIMER4_DriverIRQHandler
                0x000003ac                BSP32_DriverIRQHandler
                0x000003ac                FLEXPWM0_FAULT_DriverIRQHandler
                0x000003ac                SAI1_DriverIRQHandler
                0x000003ac                ERM_SINGLE_BIT_ERROR_DriverIRQHandler
                0x000003ac                GPIO21_DriverIRQHandler
                0x000003ac                FLEXPWM1_FAULT_DriverIRQHandler
                0x000003ac                GPIO30_DriverIRQHandler
                0x000003ac                CTIMER0_DriverIRQHandler
                0x000003ac                CTIMER1_DriverIRQHandler
                0x000003ac                WWDT1_DriverIRQHandler
                0x000003ac                ADC1_DriverIRQHandler
                0x000003ac                ENC0_HOME_DriverIRQHandler
                0x000003ac                PQ_DriverIRQHandler
                0x000003ac                ETHERNET_MACLP_DriverIRQHandler
                0x000003ac                USB0_DCD_DriverIRQHandler
                0x000003ac                MAILBOX_DriverIRQHandler
                0x000003ac                WUU_DriverIRQHandler
                0x000003ac                CTIMER3_DriverIRQHandler
                0x000003ac                FLEXPWM1_SUBMODULE0_DriverIRQHandler
                0x000003ac                SM3_DriverIRQHandler
                0x000003ac                CDOG1_DriverIRQHandler
                0x000003ac                TSI_OUT_OF_SCAN_DriverIRQHandler
                0x000003ac                ENC0_WDG_SAB_DriverIRQHandler
                0x000003ac                PUF_DriverIRQHandler
                0x000003ac                SPC_DriverIRQHandler
                0x000003ac                RTC_DriverIRQHandler
                0x000003ac                VBAT0_DriverIRQHandler
                0x000003ac                Reserved65_DriverIRQHandler
                0x000003ac                HSCMP2_DriverIRQHandler
                0x000003ac                PINT0_DriverIRQHandler
                0x000003ac                PDM_EVENT_DriverIRQHandler
                0x000003ac                UTICK0_DriverIRQHandler
                0x000003ac                ETHERNET_PMT_DriverIRQHandler
                0x000003ac                FLEXPWM1_RELOAD_ERROR_DriverIRQHandler
                0x000003ac                FMU0_DriverIRQHandler
                0x000003ac                LPTMR1_DriverIRQHandler
                0x000003ac                GPIO40_DriverIRQHandler
                0x000003ac                CTI0_DriverIRQHandler
                0x000003ac                FLEXPWM1_SUBMODULE2_DriverIRQHandler
                0x000003ac                ENC1_HOME_DriverIRQHandler
                0x000003ac                GPIO20_DriverIRQHandler
                0x000003ac                GDET_DriverIRQHandler
                0x000003ac                PORT_EFT_DriverIRQHandler
                0x000003ac                Reserved85_DriverIRQHandler
                0x000003ac                Reserved81_DriverIRQHandler
                0x000003ac                TSI_END_OF_SCAN_DriverIRQHandler
                0x000003ac                ENC1_IDX_DriverIRQHandler
                0x000003ac                FLEXPWM0_SUBMODULE3_DriverIRQHandler
                0x000003ac                ADC0_DriverIRQHandler
                0x000003ac                OR_DriverIRQHandler
                0x000003ac                USB1_HS_DriverIRQHandler
                0x000003ac                DAC2_DriverIRQHandler
                0x000003ac                GPIO51_DriverIRQHandler
                0x000003ac                HSCMP0_DriverIRQHandler
                0x000003ac                CDOG0_DriverIRQHandler
                0x000003ac                CAN0_DriverIRQHandler
                0x000003ac                SMARTDMA_DriverIRQHandler
                0x000003ac                SAI0_DriverIRQHandler
                0x000003ac                EMVSIM1_DriverIRQHandler
                0x000003ac                I3C1_DriverIRQHandler
                0x000003ac                ENC0_COMPARE_DriverIRQHandler
                0x000003ac                HSCMP1_DriverIRQHandler
                0x000003ac                FLEXSPI0_DriverIRQHandler
                0x000003ac                GPIO50_DriverIRQHandler
                0x000003ac                GPIO10_DriverIRQHandler
                0x000003ac                SCT0_DriverIRQHandler
                0x000003ac                CAN1_DriverIRQHandler
                0x000003ac                ENC1_COMPARE_DriverIRQHandler
                0x000003ac                PLU_DriverIRQHandler
                0x000003ac                FLEXPWM0_SUBMODULE0_DriverIRQHandler
                0x000003ac                OS_EVENT_DriverIRQHandler
                0x000003ac                ENC1_WDG_SAB_DriverIRQHandler
                0x000003ac                SINC_FILTER_DriverIRQHandler
                0x000003ac                NPU_DriverIRQHandler
                0x000003ac                GPIO41_DriverIRQHandler
                0x000003ac                SEC_HYPERVISOR_CALL_DriverIRQHandler
 *(SORT_BY_ALIGNMENT(.text*))
 *fill*         0x000003ae        0x2 ff
 .text.__assertion_failed
                0x000003b0       0x18 ./utilities/fsl_assert.o
                0x000003b0                __assertion_failed
 .text.DbgConsole_Init
                0x000003c8       0x88 ./utilities/fsl_debug_console.o
                0x000003c8                DbgConsole_Init
 .text.DbgConsole_Vprintf
                0x00000450       0x3c ./utilities/fsl_debug_console.o
                0x00000450                DbgConsole_Vprintf
 .text.DbgConsole_Putchar
                0x0000048c       0x30 ./utilities/fsl_debug_console.o
                0x0000048c                DbgConsole_Putchar
 .text.DbgConsole_PrintfFormattedData
                0x000004bc      0x3e0 ./utilities/fsl_debug_console.o
 .text          0x0000089c       0xa0 ./utilities/fsl_memcpy.o
                0x0000089c                memcpy
 .text.EDMA_SetChannelMux
                0x0000093c       0x38 ./source/cmsis_usart_edma_transfer.o
 .text.USART_Callback
                0x00000974       0x48 ./source/cmsis_usart_edma_transfer.o
                0x00000974                USART_Callback
 .text.main     0x000009bc      0x148 ./source/cmsis_usart_edma_transfer.o
                0x000009bc                main
 .text.CLOCK_IsPLL0Locked
                0x00000b04       0x28 ./drivers/fsl_clock.o
 .text.CLOCK_IsPLL1Locked
                0x00000b2c       0x28 ./drivers/fsl_clock.o
 .text.CLOCK_SetupFROHFClocking
                0x00000b54       0x9c ./drivers/fsl_clock.o
                0x00000b54                CLOCK_SetupFROHFClocking
 .text.CLOCK_SetPll0MonitorMode
                0x00000bf0       0x38 ./drivers/fsl_clock.o
                0x00000bf0                CLOCK_SetPll0MonitorMode
 .text.CLOCK_AttachClk
                0x00000c28       0xb0 ./drivers/fsl_clock.o
                0x00000c28                CLOCK_AttachClk
 .text.CLOCK_SetClkDiv
                0x00000cd8       0x54 ./drivers/fsl_clock.o
                0x00000cd8                CLOCK_SetClkDiv
 .text.CLOCK_GetLPFlexCommClkFreq
                0x00000d2c       0xa0 ./drivers/fsl_clock.o
                0x00000d2c                CLOCK_GetLPFlexCommClkFreq
 .text.CLOCK_GetPLL0InClockRate
                0x00000dcc       0x58 ./drivers/fsl_clock.o
                0x00000dcc                CLOCK_GetPLL0InClockRate
 .text.CLOCK_GetPLL1InClockRate
                0x00000e24       0x58 ./drivers/fsl_clock.o
                0x00000e24                CLOCK_GetPLL1InClockRate
 .text.CLOCK_SetPLL0Freq
                0x00000e7c      0x10c ./drivers/fsl_clock.o
                0x00000e7c                CLOCK_SetPLL0Freq
 .text.CLOCK_GetFro12MFreq
                0x00000f88       0x2c ./drivers/fsl_clock.o
 .text.CLOCK_GetClk1MFreq
                0x00000fb4       0x14 ./drivers/fsl_clock.o
 .text.CLOCK_GetFroHfFreq
                0x00000fc8       0x4c ./drivers/fsl_clock.o
 .text.CLOCK_GetClk48MFreq
                0x00001014       0x2c ./drivers/fsl_clock.o
 .text.CLOCK_GetClk16KFreq
                0x00001040       0x44 ./drivers/fsl_clock.o
 .text.CLOCK_GetExtClkFreq
                0x00001084       0x2c ./drivers/fsl_clock.o
 .text.CLOCK_GetOsc32KFreq
                0x000010b0       0x4c ./drivers/fsl_clock.o
 .text.CLOCK_GetLposcFreq
                0x000010fc       0x48 ./drivers/fsl_clock.o
 .text.findPll0PreDiv
                0x00001144       0x40 ./drivers/fsl_clock.o
 .text.findPll1PreDiv
                0x00001184       0x40 ./drivers/fsl_clock.o
 .text.findPll0PostDiv
                0x000011c4       0x60 ./drivers/fsl_clock.o
 .text.findPll1PostDiv
                0x00001224       0x60 ./drivers/fsl_clock.o
 .text.findPll0MMult
                0x00001284       0xac ./drivers/fsl_clock.o
 .text.findPll1MMult
                0x00001330       0xac ./drivers/fsl_clock.o
 .text.__NVIC_EnableIRQ
                0x000013dc       0x3c ./drivers/fsl_edma.o
 .text.EDMA_SetChannelMux
                0x00001418       0x38 ./drivers/fsl_edma.o
 .text.EDMA_EnableChannelMasterIDReplication
                0x00001450       0x70 ./drivers/fsl_edma.o
 .text.EDMA_SetChannelSecurityLevel
                0x000014c0       0x70 ./drivers/fsl_edma.o
 .text.EDMA_SetChannelProtectionLevel
                0x00001530       0x70 ./drivers/fsl_edma.o
 .text.EDMA_GetInstance
                0x000015a0       0x4c ./drivers/fsl_edma.o
 .text.EDMA_InstallTCD
                0x000015ec      0x108 ./drivers/fsl_edma.o
                0x000015ec                EDMA_InstallTCD
 .text.EDMA_Init
                0x000016f4       0xdc ./drivers/fsl_edma.o
                0x000016f4                EDMA_Init
 .text.EDMA_InitChannel
                0x000017d0       0x70 ./drivers/fsl_edma.o
                0x000017d0                EDMA_InitChannel
 .text.EDMA_GetDefaultConfig
                0x00001840       0x48 ./drivers/fsl_edma.o
                0x00001840                EDMA_GetDefaultConfig
 .text.EDMA_SetChannelPreemptionConfig
                0x00001888       0x6c ./drivers/fsl_edma.o
                0x00001888                EDMA_SetChannelPreemptionConfig
 .text.EDMA_TcdReset
                0x000018f4       0x78 ./drivers/fsl_edma.o
                0x000018f4                EDMA_TcdReset
 .text.EDMA_TcdSetTransferConfig
                0x0000196c       0x74 ./drivers/fsl_edma.o
                0x0000196c                EDMA_TcdSetTransferConfig
 .text.EDMA_ConfigChannelSoftwareTCD
                0x000019e0      0x3a8 ./drivers/fsl_edma.o
                0x000019e0                EDMA_ConfigChannelSoftwareTCD
 .text.EDMA_GetRemainingMajorLoopCount
                0x00001d88       0x88 ./drivers/fsl_edma.o
                0x00001d88                EDMA_GetRemainingMajorLoopCount
 .text.EDMA_CreateHandle
                0x00001e10       0xec ./drivers/fsl_edma.o
                0x00001e10                EDMA_CreateHandle
 .text.EDMA_SetCallback
                0x00001efc       0x30 ./drivers/fsl_edma.o
                0x00001efc                EDMA_SetCallback
 .text.EDMA_TransferWidthMapping
                0x00001f2c       0xd4 ./drivers/fsl_edma.o
 .text.EDMA_PrepareTransferConfig
                0x00002000      0x15c ./drivers/fsl_edma.o
                0x00002000                EDMA_PrepareTransferConfig
 .text.EDMA_PrepareTransfer
                0x0000215c       0xa4 ./drivers/fsl_edma.o
                0x0000215c                EDMA_PrepareTransfer
 .text.EDMA_SubmitTransfer
                0x00002200      0x28c ./drivers/fsl_edma.o
                0x00002200                EDMA_SubmitTransfer
 .text.EDMA_StartTransfer
                0x0000248c       0x98 ./drivers/fsl_edma.o
                0x0000248c                EDMA_StartTransfer
 .text.EDMA_StopTransfer
                0x00002524       0x34 ./drivers/fsl_edma.o
                0x00002524                EDMA_StopTransfer
 .text.EDMA_HandleIRQ
                0x00002558      0x1a4 ./drivers/fsl_edma.o
                0x00002558                EDMA_HandleIRQ
 .text.EDMA_DriverIRQHandler
                0x000026fc       0x4c ./drivers/fsl_edma.o
                0x000026fc                EDMA_DriverIRQHandler
 .text.LP_FLEXCOMM_GetInterruptStatus
                0x00002748       0x28 ./drivers/fsl_lpflexcomm.o
                0x00002748                LP_FLEXCOMM_GetInterruptStatus
 .text.LP_FLEXCOMM_SetPeriph
                0x00002770       0x94 ./drivers/fsl_lpflexcomm.o
 .text.LP_FLEXCOMM_Init
                0x00002804       0x58 ./drivers/fsl_lpflexcomm.o
                0x00002804                LP_FLEXCOMM_Init
 .text.LP_FLEXCOMM_Deinit
                0x0000285c       0x44 ./drivers/fsl_lpflexcomm.o
                0x0000285c                LP_FLEXCOMM_Deinit
 .text.LP_FLEXCOMM_SetIRQHandler
                0x000028a0       0x70 ./drivers/fsl_lpflexcomm.o
                0x000028a0                LP_FLEXCOMM_SetIRQHandler
 .text.LP_FLEXCOMM_CommonIRQHandler
                0x00002910       0xb8 ./drivers/fsl_lpflexcomm.o
 .text.LPUART_GetInstance
                0x000029c8       0x4c ./drivers/fsl_lpuart.o
                0x000029c8                LPUART_GetInstance
 .text.LPUART_Init
                0x00002a14      0x3c4 ./drivers/fsl_lpuart.o
                0x00002a14                LPUART_Init
 .text.LPUART_Deinit
                0x00002dd8       0x64 ./drivers/fsl_lpuart.o
                0x00002dd8                LPUART_Deinit
 .text.LPUART_GetDefaultConfig
                0x00002e3c       0x8c ./drivers/fsl_lpuart.o
                0x00002e3c                LPUART_GetDefaultConfig
 .text.LPUART_EnableInterrupts
                0x00002ec8       0xc8 ./drivers/fsl_lpuart.o
                0x00002ec8                LPUART_EnableInterrupts
 .text.LPUART_DisableInterrupts
                0x00002f90       0xd4 ./drivers/fsl_lpuart.o
                0x00002f90                LPUART_DisableInterrupts
 .text.LPUART_GetStatusFlags
                0x00003064       0x60 ./drivers/fsl_lpuart.o
                0x00003064                LPUART_GetStatusFlags
 .text.LPUART_ClearStatusFlags
                0x000030c4       0x94 ./drivers/fsl_lpuart.o
                0x000030c4                LPUART_ClearStatusFlags
 .text.LPUART_WriteBlocking
                0x00003158       0x68 ./drivers/fsl_lpuart.o
                0x00003158                LPUART_WriteBlocking
 .text.LPUART_ReadBlocking
                0x000031c0      0x160 ./drivers/fsl_lpuart.o
                0x000031c0                LPUART_ReadBlocking
 .text.LPUARTx_GetVersion
                0x00003320       0x2c ./drivers/fsl_lpuart_cmsis.o
 .text.LPUART_EdmaPowerControl
                0x0000334c      0x114 ./drivers/fsl_lpuart_cmsis.o
 .text.LPUART4_EdmaInitialize
                0x00003460       0x24 ./drivers/fsl_lpuart_cmsis.o
 .text.LPUART4_EdmaUninitialize
                0x00003484       0x18 ./drivers/fsl_lpuart_cmsis.o
 .text.LPUART4_EdmaPowerControl
                0x0000349c       0x24 ./drivers/fsl_lpuart_cmsis.o
 .text.LPUART4_EdmaSend
                0x000034c0       0x24 ./drivers/fsl_lpuart_cmsis.o
 .text.LPUART4_EdmaReceive
                0x000034e4       0x24 ./drivers/fsl_lpuart_cmsis.o
 .text.LPUART4_EdmaTransfer
                0x00003508       0x28 ./drivers/fsl_lpuart_cmsis.o
 .text.LPUART4_EdmaGetTxCount
                0x00003530       0x14 ./drivers/fsl_lpuart_cmsis.o
 .text.LPUART4_EdmaGetRxCount
                0x00003544       0x14 ./drivers/fsl_lpuart_cmsis.o
 .text.LPUART4_EdmaControl
                0x00003558       0x24 ./drivers/fsl_lpuart_cmsis.o
 .text.LPUART4_EdmaGetStatus
                0x0000357c       0x14 ./drivers/fsl_lpuart_cmsis.o
 .text.__NVIC_EnableIRQ
                0x00003590       0x3c ./drivers/fsl_lpuart_edma.o
 .text.LPUART_SendEDMACallback
                0x000035cc       0x54 ./drivers/fsl_lpuart_edma.o
 .text.LPUART_ReceiveEDMACallback
                0x00003620       0x68 ./drivers/fsl_lpuart_edma.o
 .text.LPUART_TransferCreateHandleEDMA
                0x00003688       0xf8 ./drivers/fsl_lpuart_edma.o
                0x00003688                LPUART_TransferCreateHandleEDMA
 .text.LPUART_SendEDMA
                0x00003780       0xf0 ./drivers/fsl_lpuart_edma.o
                0x00003780                LPUART_SendEDMA
 .text.LPUART_ReceiveEDMA
                0x00003870       0xf0 ./drivers/fsl_lpuart_edma.o
                0x00003870                LPUART_ReceiveEDMA
 .text.LPUART_TransferAbortSendEDMA
                0x00003960       0x4c ./drivers/fsl_lpuart_edma.o
                0x00003960                LPUART_TransferAbortSendEDMA
 .text.LPUART_TransferAbortReceiveEDMA
                0x000039ac       0x4c ./drivers/fsl_lpuart_edma.o
                0x000039ac                LPUART_TransferAbortReceiveEDMA
 .text.LPUART_TransferGetReceiveCountEDMA
                0x000039f8       0x80 ./drivers/fsl_lpuart_edma.o
                0x000039f8                LPUART_TransferGetReceiveCountEDMA
 .text.LPUART_TransferGetSendCountEDMA
                0x00003a78       0x80 ./drivers/fsl_lpuart_edma.o
                0x00003a78                LPUART_TransferGetSendCountEDMA
 .text.LPUART_TransferEdmaHandleIRQ
                0x00003af8       0x80 ./drivers/fsl_lpuart_edma.o
                0x00003af8                LPUART_TransferEdmaHandleIRQ
 .text.RESET_SetPeripheralReset
                0x00003b78       0x64 ./drivers/fsl_reset.o
                0x00003b78                RESET_SetPeripheralReset
 .text.RESET_ClearPeripheralReset
                0x00003bdc       0x64 ./drivers/fsl_reset.o
                0x00003bdc                RESET_ClearPeripheralReset
 .text.SPC_SetSRAMOperateVoltage
                0x00003c40       0x64 ./drivers/fsl_spc.o
                0x00003c40                SPC_SetSRAMOperateVoltage
 .text.SPC_SetActiveModeCoreLDORegulatorConfig
                0x00003ca4       0xbc ./drivers/fsl_spc.o
                0x00003ca4                SPC_SetActiveModeCoreLDORegulatorConfig
 .text.SPC_SetActiveModeDCDCRegulatorConfig
                0x00003d60       0x68 ./drivers/fsl_spc.o
                0x00003d60                SPC_SetActiveModeDCDCRegulatorConfig
 .text.SystemInit
                0x00003dc8      0x114 ./device/system_MCXN947_cm33_core0.o
                0x00003dc8                SystemInit
 .text.HAL_UartInitCommon
                0x00003edc       0xe4 ./component/uart/fsl_adapter_lpuart.o
 .text.HAL_UartInit
                0x00003fc0       0x84 ./component/uart/fsl_adapter_lpuart.o
                0x00003fc0                HAL_UartInit
 .text.HAL_UartReceiveBlocking
                0x00004044       0x6c ./component/uart/fsl_adapter_lpuart.o
                0x00004044                HAL_UartReceiveBlocking
 .text.HAL_UartSendBlocking
                0x000040b0       0x64 ./component/uart/fsl_adapter_lpuart.o
                0x000040b0                HAL_UartSendBlocking
 .text.BOARD_InitDebugConsole
                0x00004114       0x38 ./board/board.o
                0x00004114                BOARD_InitDebugConsole
 .text.BOARD_BootClockPLL150M
                0x0000414c       0xd8 ./board/clock_config.o
                0x0000414c                BOARD_BootClockPLL150M
 .text.PORT_SetPinConfig
                0x00004224       0x38 ./board/pin_mux.o
 .text.LPUART4_InitPins
                0x0000425c       0x5c ./board/pin_mux.o
                0x0000425c                LPUART4_InitPins
 .text.LPUART4_DeinitPins
                0x000042b8       0x48 ./board/pin_mux.o
                0x000042b8                LPUART4_DeinitPins
 .text._initio  0x00004300       0x78 c:/nxp/mcuxpressoide_11.9.1_2170/ide/plugins/com.nxp.mcuxpresso.tools.win32_11.9.1.202402080819/tools/bin/../lib/gcc/arm-none-eabi/12.3.1/../../../../arm-none-eabi/lib/thumb/v8-m.main+fp/hard\libcr_c.a(initio.o)
                0x00004300                _initio
 .text._Cwritebuf
                0x00004378       0x6c c:/nxp/mcuxpressoide_11.9.1_2170/ide/plugins/com.nxp.mcuxpresso.tools.win32_11.9.1.202402080819/tools/bin/../lib/gcc/arm-none-eabi/12.3.1/../../../../arm-none-eabi/lib/thumb/v8-m.main+fp/hard\libcr_c.a(_writebuf.o)
                0x00004378                _Cwritebuf
 .text.fflush   0x000043e4       0x3c c:/nxp/mcuxpressoide_11.9.1_2170/ide/plugins/com.nxp.mcuxpresso.tools.win32_11.9.1.202402080819/tools/bin/../lib/gcc/arm-none-eabi/12.3.1/../../../../arm-none-eabi/lib/thumb/v8-m.main+fp/hard\libcr_c.a(fflush.o)
                0x000043e4                fflush
 .text.fseek    0x00004420       0xf8 c:/nxp/mcuxpressoide_11.9.1_2170/ide/plugins/com.nxp.mcuxpresso.tools.win32_11.9.1.202402080819/tools/bin/../lib/gcc/arm-none-eabi/12.3.1/../../../../arm-none-eabi/lib/thumb/v8-m.main+fp/hard\libcr_c.a(fseek.o)
                0x00004420                fseek
 .text.ftell    0x00004518       0x44 c:/nxp/mcuxpressoide_11.9.1_2170/ide/plugins/com.nxp.mcuxpresso.tools.win32_11.9.1.202402080819/tools/bin/../lib/gcc/arm-none-eabi/12.3.1/../../../../arm-none-eabi/lib/thumb/v8-m.main+fp/hard\libcr_c.a(ftell.o)
                0x00004518                ftell
 .text.DbgConsole_Printf
                0x0000455c       0x2c ./utilities/fsl_debug_console.o
                0x0000455c                DbgConsole_Printf
 .text.DbgConsole_PrintfPaddingCharacter
                0x00004588       0x40 ./utilities/fsl_debug_console.o
 .text.DbgConsole_ConvertRadixNumToString
                0x000045c8       0xc2 ./utilities/fsl_debug_console.o
 .text.OR_IRQHandler
                0x0000468a        0x8 ./startup/startup_mcxn947_cm33_core0.o
                0x0000468a                OR_IRQHandler
 .text.EDMA_0_CH0_IRQHandler
                0x00004692        0x8 ./startup/startup_mcxn947_cm33_core0.o
                0x00004692                EDMA_0_CH0_IRQHandler
 .text.EDMA_0_CH1_IRQHandler
                0x0000469a        0x8 ./startup/startup_mcxn947_cm33_core0.o
                0x0000469a                EDMA_0_CH1_IRQHandler
 .text.EDMA_0_CH2_IRQHandler
                0x000046a2        0x8 ./startup/startup_mcxn947_cm33_core0.o
                0x000046a2                EDMA_0_CH2_IRQHandler
 .text.EDMA_0_CH3_IRQHandler
                0x000046aa        0x8 ./startup/startup_mcxn947_cm33_core0.o
                0x000046aa                EDMA_0_CH3_IRQHandler
 .text.EDMA_0_CH4_IRQHandler
                0x000046b2        0x8 ./startup/startup_mcxn947_cm33_core0.o
                0x000046b2                EDMA_0_CH4_IRQHandler
 .text.EDMA_0_CH5_IRQHandler
                0x000046ba        0x8 ./startup/startup_mcxn947_cm33_core0.o
                0x000046ba                EDMA_0_CH5_IRQHandler
 .text.EDMA_0_CH6_IRQHandler
                0x000046c2        0x8 ./startup/startup_mcxn947_cm33_core0.o
                0x000046c2                EDMA_0_CH6_IRQHandler
 .text.EDMA_0_CH7_IRQHandler
                0x000046ca        0x8 ./startup/startup_mcxn947_cm33_core0.o
                0x000046ca                EDMA_0_CH7_IRQHandler
 .text.EDMA_0_CH8_IRQHandler
                0x000046d2        0x8 ./startup/startup_mcxn947_cm33_core0.o
                0x000046d2                EDMA_0_CH8_IRQHandler
 .text.EDMA_0_CH9_IRQHandler
                0x000046da        0x8 ./startup/startup_mcxn947_cm33_core0.o
                0x000046da                EDMA_0_CH9_IRQHandler
 .text.EDMA_0_CH10_IRQHandler
                0x000046e2        0x8 ./startup/startup_mcxn947_cm33_core0.o
                0x000046e2                EDMA_0_CH10_IRQHandler
 .text.EDMA_0_CH11_IRQHandler
                0x000046ea        0x8 ./startup/startup_mcxn947_cm33_core0.o
                0x000046ea                EDMA_0_CH11_IRQHandler
 .text.EDMA_0_CH12_IRQHandler
                0x000046f2        0x8 ./startup/startup_mcxn947_cm33_core0.o
                0x000046f2                EDMA_0_CH12_IRQHandler
 .text.EDMA_0_CH13_IRQHandler
                0x000046fa        0x8 ./startup/startup_mcxn947_cm33_core0.o
                0x000046fa                EDMA_0_CH13_IRQHandler
 .text.EDMA_0_CH14_IRQHandler
                0x00004702        0x8 ./startup/startup_mcxn947_cm33_core0.o
                0x00004702                EDMA_0_CH14_IRQHandler
 .text.EDMA_0_CH15_IRQHandler
                0x0000470a        0x8 ./startup/startup_mcxn947_cm33_core0.o
                0x0000470a                EDMA_0_CH15_IRQHandler
 .text.GPIO00_IRQHandler
                0x00004712        0x8 ./startup/startup_mcxn947_cm33_core0.o
                0x00004712                GPIO00_IRQHandler
 .text.GPIO01_IRQHandler
                0x0000471a        0x8 ./startup/startup_mcxn947_cm33_core0.o
                0x0000471a                GPIO01_IRQHandler
 .text.GPIO10_IRQHandler
                0x00004722        0x8 ./startup/startup_mcxn947_cm33_core0.o
                0x00004722                GPIO10_IRQHandler
 .text.GPIO11_IRQHandler
                0x0000472a        0x8 ./startup/startup_mcxn947_cm33_core0.o
                0x0000472a                GPIO11_IRQHandler
 .text.GPIO20_IRQHandler
                0x00004732        0x8 ./startup/startup_mcxn947_cm33_core0.o
                0x00004732                GPIO20_IRQHandler
 .text.GPIO21_IRQHandler
                0x0000473a        0x8 ./startup/startup_mcxn947_cm33_core0.o
                0x0000473a                GPIO21_IRQHandler
 .text.GPIO30_IRQHandler
                0x00004742        0x8 ./startup/startup_mcxn947_cm33_core0.o
                0x00004742                GPIO30_IRQHandler
 .text.GPIO31_IRQHandler
                0x0000474a        0x8 ./startup/startup_mcxn947_cm33_core0.o
                0x0000474a                GPIO31_IRQHandler
 .text.GPIO40_IRQHandler
                0x00004752        0x8 ./startup/startup_mcxn947_cm33_core0.o
                0x00004752                GPIO40_IRQHandler
 .text.GPIO41_IRQHandler
                0x0000475a        0x8 ./startup/startup_mcxn947_cm33_core0.o
                0x0000475a                GPIO41_IRQHandler
 .text.GPIO50_IRQHandler
                0x00004762        0x8 ./startup/startup_mcxn947_cm33_core0.o
                0x00004762                GPIO50_IRQHandler
 .text.GPIO51_IRQHandler
                0x0000476a        0x8 ./startup/startup_mcxn947_cm33_core0.o
                0x0000476a                GPIO51_IRQHandler
 .text.UTICK0_IRQHandler
                0x00004772        0x8 ./startup/startup_mcxn947_cm33_core0.o
                0x00004772                UTICK0_IRQHandler
 .text.MRT0_IRQHandler
                0x0000477a        0x8 ./startup/startup_mcxn947_cm33_core0.o
                0x0000477a                MRT0_IRQHandler
 .text.CTIMER0_IRQHandler
                0x00004782        0x8 ./startup/startup_mcxn947_cm33_core0.o
                0x00004782                CTIMER0_IRQHandler
 .text.CTIMER1_IRQHandler
                0x0000478a        0x8 ./startup/startup_mcxn947_cm33_core0.o
                0x0000478a                CTIMER1_IRQHandler
 .text.SCT0_IRQHandler
                0x00004792        0x8 ./startup/startup_mcxn947_cm33_core0.o
                0x00004792                SCT0_IRQHandler
 .text.CTIMER2_IRQHandler
                0x0000479a        0x8 ./startup/startup_mcxn947_cm33_core0.o
                0x0000479a                CTIMER2_IRQHandler
 .text.LP_FLEXCOMM0_IRQHandler
                0x000047a2        0x8 ./startup/startup_mcxn947_cm33_core0.o
                0x000047a2                LP_FLEXCOMM0_IRQHandler
 .text.LP_FLEXCOMM1_IRQHandler
                0x000047aa        0x8 ./startup/startup_mcxn947_cm33_core0.o
                0x000047aa                LP_FLEXCOMM1_IRQHandler
 .text.LP_FLEXCOMM2_IRQHandler
                0x000047b2        0x8 ./startup/startup_mcxn947_cm33_core0.o
                0x000047b2                LP_FLEXCOMM2_IRQHandler
 .text.LP_FLEXCOMM3_IRQHandler
                0x000047ba        0x8 ./startup/startup_mcxn947_cm33_core0.o
                0x000047ba                LP_FLEXCOMM3_IRQHandler
 .text.LP_FLEXCOMM4_IRQHandler
                0x000047c2        0x8 ./startup/startup_mcxn947_cm33_core0.o
                0x000047c2                LP_FLEXCOMM4_IRQHandler
 .text.LP_FLEXCOMM5_IRQHandler
                0x000047ca        0x8 ./startup/startup_mcxn947_cm33_core0.o
                0x000047ca                LP_FLEXCOMM5_IRQHandler
 .text.LP_FLEXCOMM6_IRQHandler
                0x000047d2        0x8 ./startup/startup_mcxn947_cm33_core0.o
                0x000047d2                LP_FLEXCOMM6_IRQHandler
 .text.LP_FLEXCOMM7_IRQHandler
                0x000047da        0x8 ./startup/startup_mcxn947_cm33_core0.o
                0x000047da                LP_FLEXCOMM7_IRQHandler
 .text.LP_FLEXCOMM8_IRQHandler
                0x000047e2        0x8 ./startup/startup_mcxn947_cm33_core0.o
                0x000047e2                LP_FLEXCOMM8_IRQHandler
 .text.LP_FLEXCOMM9_IRQHandler
                0x000047ea        0x8 ./startup/startup_mcxn947_cm33_core0.o
                0x000047ea                LP_FLEXCOMM9_IRQHandler
 .text.ADC0_IRQHandler
                0x000047f2        0x8 ./startup/startup_mcxn947_cm33_core0.o
                0x000047f2                ADC0_IRQHandler
 .text.ADC1_IRQHandler
                0x000047fa        0x8 ./startup/startup_mcxn947_cm33_core0.o
                0x000047fa                ADC1_IRQHandler
 .text.PINT0_IRQHandler
                0x00004802        0x8 ./startup/startup_mcxn947_cm33_core0.o
                0x00004802                PINT0_IRQHandler
 .text.PDM_EVENT_IRQHandler
                0x0000480a        0x8 ./startup/startup_mcxn947_cm33_core0.o
                0x0000480a                PDM_EVENT_IRQHandler
 .text.Reserved65_IRQHandler
                0x00004812        0x8 ./startup/startup_mcxn947_cm33_core0.o
                0x00004812                Reserved65_IRQHandler
 .text.USB0_FS_IRQHandler
                0x0000481a        0x8 ./startup/startup_mcxn947_cm33_core0.o
                0x0000481a                USB0_FS_IRQHandler
 .text.USB0_DCD_IRQHandler
                0x00004822        0x8 ./startup/startup_mcxn947_cm33_core0.o
                0x00004822                USB0_DCD_IRQHandler
 .text.RTC_IRQHandler
                0x0000482a        0x8 ./startup/startup_mcxn947_cm33_core0.o
                0x0000482a                RTC_IRQHandler
 .text.SMARTDMA_IRQHandler
                0x00004832        0x8 ./startup/startup_mcxn947_cm33_core0.o
                0x00004832                SMARTDMA_IRQHandler
 .text.MAILBOX_IRQHandler
                0x0000483a        0x8 ./startup/startup_mcxn947_cm33_core0.o
                0x0000483a                MAILBOX_IRQHandler
 .text.CTIMER3_IRQHandler
                0x00004842        0x8 ./startup/startup_mcxn947_cm33_core0.o
                0x00004842                CTIMER3_IRQHandler
 .text.CTIMER4_IRQHandler
                0x0000484a        0x8 ./startup/startup_mcxn947_cm33_core0.o
                0x0000484a                CTIMER4_IRQHandler
 .text.OS_EVENT_IRQHandler
                0x00004852        0x8 ./startup/startup_mcxn947_cm33_core0.o
                0x00004852                OS_EVENT_IRQHandler
 .text.FLEXSPI0_IRQHandler
                0x0000485a        0x8 ./startup/startup_mcxn947_cm33_core0.o
                0x0000485a                FLEXSPI0_IRQHandler
 .text.SAI0_IRQHandler
                0x00004862        0x8 ./startup/startup_mcxn947_cm33_core0.o
                0x00004862                SAI0_IRQHandler
 .text.SAI1_IRQHandler
                0x0000486a        0x8 ./startup/startup_mcxn947_cm33_core0.o
                0x0000486a                SAI1_IRQHandler
 .text.USDHC0_IRQHandler
                0x00004872        0x8 ./startup/startup_mcxn947_cm33_core0.o
                0x00004872                USDHC0_IRQHandler
 .text.CAN0_IRQHandler
                0x0000487a        0x8 ./startup/startup_mcxn947_cm33_core0.o
                0x0000487a                CAN0_IRQHandler
 .text.CAN1_IRQHandler
                0x00004882        0x8 ./startup/startup_mcxn947_cm33_core0.o
                0x00004882                CAN1_IRQHandler
 .text.Reserved80_IRQHandler
                0x0000488a        0x8 ./startup/startup_mcxn947_cm33_core0.o
                0x0000488a                Reserved80_IRQHandler
 .text.Reserved81_IRQHandler
                0x00004892        0x8 ./startup/startup_mcxn947_cm33_core0.o
                0x00004892                Reserved81_IRQHandler
 .text.USB1_HS_PHY_IRQHandler
                0x0000489a        0x8 ./startup/startup_mcxn947_cm33_core0.o
                0x0000489a                USB1_HS_PHY_IRQHandler
 .text.USB1_HS_IRQHandler
                0x000048a2        0x8 ./startup/startup_mcxn947_cm33_core0.o
                0x000048a2                USB1_HS_IRQHandler
 .text.SEC_HYPERVISOR_CALL_IRQHandler
                0x000048aa        0x8 ./startup/startup_mcxn947_cm33_core0.o
                0x000048aa                SEC_HYPERVISOR_CALL_IRQHandler
 .text.Reserved85_IRQHandler
                0x000048b2        0x8 ./startup/startup_mcxn947_cm33_core0.o
                0x000048b2                Reserved85_IRQHandler
 .text.PLU_IRQHandler
                0x000048ba        0x8 ./startup/startup_mcxn947_cm33_core0.o
                0x000048ba                PLU_IRQHandler
 .text.Freqme_IRQHandler
                0x000048c2        0x8 ./startup/startup_mcxn947_cm33_core0.o
                0x000048c2                Freqme_IRQHandler
 .text.SEC_VIO_IRQHandler
                0x000048ca        0x8 ./startup/startup_mcxn947_cm33_core0.o
                0x000048ca                SEC_VIO_IRQHandler
 .text.ELS_IRQHandler
                0x000048d2        0x8 ./startup/startup_mcxn947_cm33_core0.o
                0x000048d2                ELS_IRQHandler
 .text.PKC_IRQHandler
                0x000048da        0x8 ./startup/startup_mcxn947_cm33_core0.o
                0x000048da                PKC_IRQHandler
 .text.PUF_IRQHandler
                0x000048e2        0x8 ./startup/startup_mcxn947_cm33_core0.o
                0x000048e2                PUF_IRQHandler
 .text.PQ_IRQHandler
                0x000048ea        0x8 ./startup/startup_mcxn947_cm33_core0.o
                0x000048ea                PQ_IRQHandler
 .text.EDMA_1_CH0_IRQHandler
                0x000048f2        0x8 ./startup/startup_mcxn947_cm33_core0.o
                0x000048f2                EDMA_1_CH0_IRQHandler
 .text.EDMA_1_CH1_IRQHandler
                0x000048fa        0x8 ./startup/startup_mcxn947_cm33_core0.o
                0x000048fa                EDMA_1_CH1_IRQHandler
 .text.EDMA_1_CH2_IRQHandler
                0x00004902        0x8 ./startup/startup_mcxn947_cm33_core0.o
                0x00004902                EDMA_1_CH2_IRQHandler
 .text.EDMA_1_CH3_IRQHandler
                0x0000490a        0x8 ./startup/startup_mcxn947_cm33_core0.o
                0x0000490a                EDMA_1_CH3_IRQHandler
 .text.EDMA_1_CH4_IRQHandler
                0x00004912        0x8 ./startup/startup_mcxn947_cm33_core0.o
                0x00004912                EDMA_1_CH4_IRQHandler
 .text.EDMA_1_CH5_IRQHandler
                0x0000491a        0x8 ./startup/startup_mcxn947_cm33_core0.o
                0x0000491a                EDMA_1_CH5_IRQHandler
 .text.EDMA_1_CH6_IRQHandler
                0x00004922        0x8 ./startup/startup_mcxn947_cm33_core0.o
                0x00004922                EDMA_1_CH6_IRQHandler
 .text.EDMA_1_CH7_IRQHandler
                0x0000492a        0x8 ./startup/startup_mcxn947_cm33_core0.o
                0x0000492a                EDMA_1_CH7_IRQHandler
 .text.EDMA_1_CH8_IRQHandler
                0x00004932        0x8 ./startup/startup_mcxn947_cm33_core0.o
                0x00004932                EDMA_1_CH8_IRQHandler
 .text.EDMA_1_CH9_IRQHandler
                0x0000493a        0x8 ./startup/startup_mcxn947_cm33_core0.o
                0x0000493a                EDMA_1_CH9_IRQHandler
 .text.EDMA_1_CH10_IRQHandler
                0x00004942        0x8 ./startup/startup_mcxn947_cm33_core0.o
                0x00004942                EDMA_1_CH10_IRQHandler
 .text.EDMA_1_CH11_IRQHandler
                0x0000494a        0x8 ./startup/startup_mcxn947_cm33_core0.o
                0x0000494a                EDMA_1_CH11_IRQHandler
 .text.EDMA_1_CH12_IRQHandler
                0x00004952        0x8 ./startup/startup_mcxn947_cm33_core0.o
                0x00004952                EDMA_1_CH12_IRQHandler
 .text.EDMA_1_CH13_IRQHandler
                0x0000495a        0x8 ./startup/startup_mcxn947_cm33_core0.o
                0x0000495a                EDMA_1_CH13_IRQHandler
 .text.EDMA_1_CH14_IRQHandler
                0x00004962        0x8 ./startup/startup_mcxn947_cm33_core0.o
                0x00004962                EDMA_1_CH14_IRQHandler
 .text.EDMA_1_CH15_IRQHandler
                0x0000496a        0x8 ./startup/startup_mcxn947_cm33_core0.o
                0x0000496a                EDMA_1_CH15_IRQHandler
 .text.CDOG0_IRQHandler
                0x00004972        0x8 ./startup/startup_mcxn947_cm33_core0.o
                0x00004972                CDOG0_IRQHandler
 .text.CDOG1_IRQHandler
                0x0000497a        0x8 ./startup/startup_mcxn947_cm33_core0.o
                0x0000497a                CDOG1_IRQHandler
 .text.I3C0_IRQHandler
                0x00004982        0x8 ./startup/startup_mcxn947_cm33_core0.o
                0x00004982                I3C0_IRQHandler
 .text.I3C1_IRQHandler
                0x0000498a        0x8 ./startup/startup_mcxn947_cm33_core0.o
                0x0000498a                I3C1_IRQHandler
 .text.NPU_IRQHandler
                0x00004992        0x8 ./startup/startup_mcxn947_cm33_core0.o
                0x00004992                NPU_IRQHandler
 .text.GDET_IRQHandler
                0x0000499a        0x8 ./startup/startup_mcxn947_cm33_core0.o
                0x0000499a                GDET_IRQHandler
 .text.VBAT0_IRQHandler
                0x000049a2        0x8 ./startup/startup_mcxn947_cm33_core0.o
                0x000049a2                VBAT0_IRQHandler
 .text.EWM0_IRQHandler
                0x000049aa        0x8 ./startup/startup_mcxn947_cm33_core0.o
                0x000049aa                EWM0_IRQHandler
 .text.TSI_END_OF_SCAN_IRQHandler
                0x000049b2        0x8 ./startup/startup_mcxn947_cm33_core0.o
                0x000049b2                TSI_END_OF_SCAN_IRQHandler
 .text.TSI_OUT_OF_SCAN_IRQHandler
                0x000049ba        0x8 ./startup/startup_mcxn947_cm33_core0.o
                0x000049ba                TSI_OUT_OF_SCAN_IRQHandler
 .text.EMVSIM0_IRQHandler
                0x000049c2        0x8 ./startup/startup_mcxn947_cm33_core0.o
                0x000049c2                EMVSIM0_IRQHandler
 .text.EMVSIM1_IRQHandler
                0x000049ca        0x8 ./startup/startup_mcxn947_cm33_core0.o
                0x000049ca                EMVSIM1_IRQHandler
 .text.FLEXIO_IRQHandler
                0x000049d2        0x8 ./startup/startup_mcxn947_cm33_core0.o
                0x000049d2                FLEXIO_IRQHandler
 .text.DAC0_IRQHandler
                0x000049da        0x8 ./startup/startup_mcxn947_cm33_core0.o
                0x000049da                DAC0_IRQHandler
 .text.DAC1_IRQHandler
                0x000049e2        0x8 ./startup/startup_mcxn947_cm33_core0.o
                0x000049e2                DAC1_IRQHandler
 .text.DAC2_IRQHandler
                0x000049ea        0x8 ./startup/startup_mcxn947_cm33_core0.o
                0x000049ea                DAC2_IRQHandler
 .text.HSCMP0_IRQHandler
                0x000049f2        0x8 ./startup/startup_mcxn947_cm33_core0.o
                0x000049f2                HSCMP0_IRQHandler
 .text.HSCMP1_IRQHandler
                0x000049fa        0x8 ./startup/startup_mcxn947_cm33_core0.o
                0x000049fa                HSCMP1_IRQHandler
 .text.HSCMP2_IRQHandler
                0x00004a02        0x8 ./startup/startup_mcxn947_cm33_core0.o
                0x00004a02                HSCMP2_IRQHandler
 .text.FLEXPWM0_RELOAD_ERROR_IRQHandler
                0x00004a0a        0x8 ./startup/startup_mcxn947_cm33_core0.o
                0x00004a0a                FLEXPWM0_RELOAD_ERROR_IRQHandler
 .text.FLEXPWM0_FAULT_IRQHandler
                0x00004a12        0x8 ./startup/startup_mcxn947_cm33_core0.o
                0x00004a12                FLEXPWM0_FAULT_IRQHandler
 .text.FLEXPWM0_SUBMODULE0_IRQHandler
                0x00004a1a        0x8 ./startup/startup_mcxn947_cm33_core0.o
                0x00004a1a                FLEXPWM0_SUBMODULE0_IRQHandler
 .text.FLEXPWM0_SUBMODULE1_IRQHandler
                0x00004a22        0x8 ./startup/startup_mcxn947_cm33_core0.o
                0x00004a22                FLEXPWM0_SUBMODULE1_IRQHandler
 .text.FLEXPWM0_SUBMODULE2_IRQHandler
                0x00004a2a        0x8 ./startup/startup_mcxn947_cm33_core0.o
                0x00004a2a                FLEXPWM0_SUBMODULE2_IRQHandler
 .text.FLEXPWM0_SUBMODULE3_IRQHandler
                0x00004a32        0x8 ./startup/startup_mcxn947_cm33_core0.o
                0x00004a32                FLEXPWM0_SUBMODULE3_IRQHandler
 .text.FLEXPWM1_RELOAD_ERROR_IRQHandler
                0x00004a3a        0x8 ./startup/startup_mcxn947_cm33_core0.o
                0x00004a3a                FLEXPWM1_RELOAD_ERROR_IRQHandler
 .text.FLEXPWM1_FAULT_IRQHandler
                0x00004a42        0x8 ./startup/startup_mcxn947_cm33_core0.o
                0x00004a42                FLEXPWM1_FAULT_IRQHandler
 .text.FLEXPWM1_SUBMODULE0_IRQHandler
                0x00004a4a        0x8 ./startup/startup_mcxn947_cm33_core0.o
                0x00004a4a                FLEXPWM1_SUBMODULE0_IRQHandler
 .text.FLEXPWM1_SUBMODULE1_IRQHandler
                0x00004a52        0x8 ./startup/startup_mcxn947_cm33_core0.o
                0x00004a52                FLEXPWM1_SUBMODULE1_IRQHandler
 .text.FLEXPWM1_SUBMODULE2_IRQHandler
                0x00004a5a        0x8 ./startup/startup_mcxn947_cm33_core0.o
                0x00004a5a                FLEXPWM1_SUBMODULE2_IRQHandler
 .text.FLEXPWM1_SUBMODULE3_IRQHandler
                0x00004a62        0x8 ./startup/startup_mcxn947_cm33_core0.o
                0x00004a62                FLEXPWM1_SUBMODULE3_IRQHandler
 .text.ENC0_COMPARE_IRQHandler
                0x00004a6a        0x8 ./startup/startup_mcxn947_cm33_core0.o
                0x00004a6a                ENC0_COMPARE_IRQHandler
 .text.ENC0_HOME_IRQHandler
                0x00004a72        0x8 ./startup/startup_mcxn947_cm33_core0.o
                0x00004a72                ENC0_HOME_IRQHandler
 .text.ENC0_WDG_SAB_IRQHandler
                0x00004a7a        0x8 ./startup/startup_mcxn947_cm33_core0.o
                0x00004a7a                ENC0_WDG_SAB_IRQHandler
 .text.ENC0_IDX_IRQHandler
                0x00004a82        0x8 ./startup/startup_mcxn947_cm33_core0.o
                0x00004a82                ENC0_IDX_IRQHandler
 .text.ENC1_COMPARE_IRQHandler
                0x00004a8a        0x8 ./startup/startup_mcxn947_cm33_core0.o
                0x00004a8a                ENC1_COMPARE_IRQHandler
 .text.ENC1_HOME_IRQHandler
                0x00004a92        0x8 ./startup/startup_mcxn947_cm33_core0.o
                0x00004a92                ENC1_HOME_IRQHandler
 .text.ENC1_WDG_SAB_IRQHandler
                0x00004a9a        0x8 ./startup/startup_mcxn947_cm33_core0.o
                0x00004a9a                ENC1_WDG_SAB_IRQHandler
 .text.ENC1_IDX_IRQHandler
                0x00004aa2        0x8 ./startup/startup_mcxn947_cm33_core0.o
                0x00004aa2                ENC1_IDX_IRQHandler
 .text.ITRC0_IRQHandler
                0x00004aaa        0x8 ./startup/startup_mcxn947_cm33_core0.o
                0x00004aaa                ITRC0_IRQHandler
 .text.BSP32_IRQHandler
                0x00004ab2        0x8 ./startup/startup_mcxn947_cm33_core0.o
                0x00004ab2                BSP32_IRQHandler
 .text.ELS_ERR_IRQHandler
                0x00004aba        0x8 ./startup/startup_mcxn947_cm33_core0.o
                0x00004aba                ELS_ERR_IRQHandler
 .text.PKC_ERR_IRQHandler
                0x00004ac2        0x8 ./startup/startup_mcxn947_cm33_core0.o
                0x00004ac2                PKC_ERR_IRQHandler
 .text.ERM_SINGLE_BIT_ERROR_IRQHandler
                0x00004aca        0x8 ./startup/startup_mcxn947_cm33_core0.o
                0x00004aca                ERM_SINGLE_BIT_ERROR_IRQHandler
 .text.ERM_MULTI_BIT_ERROR_IRQHandler
                0x00004ad2        0x8 ./startup/startup_mcxn947_cm33_core0.o
                0x00004ad2                ERM_MULTI_BIT_ERROR_IRQHandler
 .text.FMU0_IRQHandler
                0x00004ada        0x8 ./startup/startup_mcxn947_cm33_core0.o
                0x00004ada                FMU0_IRQHandler
 .text.ETHERNET_IRQHandler
                0x00004ae2        0x8 ./startup/startup_mcxn947_cm33_core0.o
                0x00004ae2                ETHERNET_IRQHandler
 .text.ETHERNET_PMT_IRQHandler
                0x00004aea        0x8 ./startup/startup_mcxn947_cm33_core0.o
                0x00004aea                ETHERNET_PMT_IRQHandler
 .text.ETHERNET_MACLP_IRQHandler
                0x00004af2        0x8 ./startup/startup_mcxn947_cm33_core0.o
                0x00004af2                ETHERNET_MACLP_IRQHandler
 .text.SINC_FILTER_IRQHandler
                0x00004afa        0x8 ./startup/startup_mcxn947_cm33_core0.o
                0x00004afa                SINC_FILTER_IRQHandler
 .text.LPTMR0_IRQHandler
                0x00004b02        0x8 ./startup/startup_mcxn947_cm33_core0.o
                0x00004b02                LPTMR0_IRQHandler
 .text.LPTMR1_IRQHandler
                0x00004b0a        0x8 ./startup/startup_mcxn947_cm33_core0.o
                0x00004b0a                LPTMR1_IRQHandler
 .text.SCG_IRQHandler
                0x00004b12        0x8 ./startup/startup_mcxn947_cm33_core0.o
                0x00004b12                SCG_IRQHandler
 .text.SPC_IRQHandler
                0x00004b1a        0x8 ./startup/startup_mcxn947_cm33_core0.o
                0x00004b1a                SPC_IRQHandler
 .text.WUU_IRQHandler
                0x00004b22        0x8 ./startup/startup_mcxn947_cm33_core0.o
                0x00004b22                WUU_IRQHandler
 .text.PORT_EFT_IRQHandler
                0x00004b2a        0x8 ./startup/startup_mcxn947_cm33_core0.o
                0x00004b2a                PORT_EFT_IRQHandler
 .text.ETB0_IRQHandler
                0x00004b32        0x8 ./startup/startup_mcxn947_cm33_core0.o
                0x00004b32                ETB0_IRQHandler
 .text.SM3_IRQHandler
                0x00004b3a        0x8 ./startup/startup_mcxn947_cm33_core0.o
                0x00004b3a                SM3_IRQHandler
 .text.TRNG0_IRQHandler
                0x00004b42        0x8 ./startup/startup_mcxn947_cm33_core0.o
                0x00004b42                TRNG0_IRQHandler
 .text.WWDT0_IRQHandler
                0x00004b4a        0x8 ./startup/startup_mcxn947_cm33_core0.o
                0x00004b4a                WWDT0_IRQHandler
 .text.WWDT1_IRQHandler
                0x00004b52        0x8 ./startup/startup_mcxn947_cm33_core0.o
                0x00004b52                WWDT1_IRQHandler
 .text.CMC0_IRQHandler
                0x00004b5a        0x8 ./startup/startup_mcxn947_cm33_core0.o
                0x00004b5a                CMC0_IRQHandler
 .text.CTI0_IRQHandler
                0x00004b62        0x8 ./startup/startup_mcxn947_cm33_core0.o
                0x00004b62                CTI0_IRQHandler
 .text.CLOCK_EnableClock
                0x00004b6a       0x94 ./source/cmsis_usart_edma_transfer.o
 .text.LPUART4_GetFreq
                0x00004bfe       0x10 ./source/cmsis_usart_edma_transfer.o
                0x00004bfe                LPUART4_GetFreq
 .text.HardFault_Handler
                0x00004c0e       0x36 ./source/semihost_hardfault.o
                0x00004c0e                HardFault_Handler
 .text.CLOCK_GetPll0OutFreq
                0x00004c44       0x82 ./drivers/fsl_clock.o
                0x00004c44                CLOCK_GetPll0OutFreq
 .text.CLOCK_GetPll1OutFreq
                0x00004cc6       0x82 ./drivers/fsl_clock.o
                0x00004cc6                CLOCK_GetPll1OutFreq
 .text.CLOCK_GetPllClkDivFreq
                0x00004d48       0x5e ./drivers/fsl_clock.o
                0x00004d48                CLOCK_GetPllClkDivFreq
 .text.CLOCK_EnableClock
                0x00004da6       0x94 ./drivers/fsl_edma.o
 .text.RESET_ReleasePeripheralReset
                0x00004e3a       0x16 ./drivers/fsl_edma.o
 .text.EnableIRQ
                0x00004e50       0x32 ./drivers/fsl_edma.o
 .text.DisableGlobalIRQ
                0x00004e82       0x22 ./drivers/fsl_edma.o
 .text.EnableGlobalIRQ
                0x00004ea4       0x20 ./drivers/fsl_edma.o
 .text.EDMA_CheckErrata
                0x00004ec4       0x1c ./drivers/fsl_edma.o
 .text.EDMA_AbortTransfer
                0x00004ee0       0x3a ./drivers/fsl_edma.o
                0x00004ee0                EDMA_AbortTransfer
 .text.EDMA_0_CH0_DriverIRQHandler
                0x00004f1a       0x10 ./drivers/fsl_edma_soc.o
                0x00004f1a                EDMA_0_CH0_DriverIRQHandler
 .text.EDMA_0_CH1_DriverIRQHandler
                0x00004f2a       0x10 ./drivers/fsl_edma_soc.o
                0x00004f2a                EDMA_0_CH1_DriverIRQHandler
 .text.EDMA_0_CH2_DriverIRQHandler
                0x00004f3a       0x10 ./drivers/fsl_edma_soc.o
                0x00004f3a                EDMA_0_CH2_DriverIRQHandler
 .text.EDMA_0_CH3_DriverIRQHandler
                0x00004f4a       0x10 ./drivers/fsl_edma_soc.o
                0x00004f4a                EDMA_0_CH3_DriverIRQHandler
 .text.EDMA_0_CH4_DriverIRQHandler
                0x00004f5a       0x10 ./drivers/fsl_edma_soc.o
                0x00004f5a                EDMA_0_CH4_DriverIRQHandler
 .text.EDMA_0_CH5_DriverIRQHandler
                0x00004f6a       0x10 ./drivers/fsl_edma_soc.o
                0x00004f6a                EDMA_0_CH5_DriverIRQHandler
 .text.EDMA_0_CH6_DriverIRQHandler
                0x00004f7a       0x10 ./drivers/fsl_edma_soc.o
                0x00004f7a                EDMA_0_CH6_DriverIRQHandler
 .text.EDMA_0_CH7_DriverIRQHandler
                0x00004f8a       0x10 ./drivers/fsl_edma_soc.o
                0x00004f8a                EDMA_0_CH7_DriverIRQHandler
 .text.EDMA_0_CH8_DriverIRQHandler
                0x00004f9a       0x10 ./drivers/fsl_edma_soc.o
                0x00004f9a                EDMA_0_CH8_DriverIRQHandler
 .text.EDMA_0_CH9_DriverIRQHandler
                0x00004faa       0x10 ./drivers/fsl_edma_soc.o
                0x00004faa                EDMA_0_CH9_DriverIRQHandler
 .text.EDMA_0_CH10_DriverIRQHandler
                0x00004fba       0x10 ./drivers/fsl_edma_soc.o
                0x00004fba                EDMA_0_CH10_DriverIRQHandler
 .text.EDMA_0_CH11_DriverIRQHandler
                0x00004fca       0x10 ./drivers/fsl_edma_soc.o
                0x00004fca                EDMA_0_CH11_DriverIRQHandler
 .text.EDMA_0_CH12_DriverIRQHandler
                0x00004fda       0x10 ./drivers/fsl_edma_soc.o
                0x00004fda                EDMA_0_CH12_DriverIRQHandler
 .text.EDMA_0_CH13_DriverIRQHandler
                0x00004fea       0x10 ./drivers/fsl_edma_soc.o
                0x00004fea                EDMA_0_CH13_DriverIRQHandler
 .text.EDMA_0_CH14_DriverIRQHandler
                0x00004ffa       0x10 ./drivers/fsl_edma_soc.o
                0x00004ffa                EDMA_0_CH14_DriverIRQHandler
 .text.EDMA_0_CH15_DriverIRQHandler
                0x0000500a       0x10 ./drivers/fsl_edma_soc.o
                0x0000500a                EDMA_0_CH15_DriverIRQHandler
 .text.EDMA_1_CH0_DriverIRQHandler
                0x0000501a       0x10 ./drivers/fsl_edma_soc.o
                0x0000501a                EDMA_1_CH0_DriverIRQHandler
 .text.EDMA_1_CH1_DriverIRQHandler
                0x0000502a       0x10 ./drivers/fsl_edma_soc.o
                0x0000502a                EDMA_1_CH1_DriverIRQHandler
 .text.EDMA_1_CH2_DriverIRQHandler
                0x0000503a       0x10 ./drivers/fsl_edma_soc.o
                0x0000503a                EDMA_1_CH2_DriverIRQHandler
 .text.EDMA_1_CH3_DriverIRQHandler
                0x0000504a       0x10 ./drivers/fsl_edma_soc.o
                0x0000504a                EDMA_1_CH3_DriverIRQHandler
 .text.EDMA_1_CH4_DriverIRQHandler
                0x0000505a       0x10 ./drivers/fsl_edma_soc.o
                0x0000505a                EDMA_1_CH4_DriverIRQHandler
 .text.EDMA_1_CH5_DriverIRQHandler
                0x0000506a       0x10 ./drivers/fsl_edma_soc.o
                0x0000506a                EDMA_1_CH5_DriverIRQHandler
 .text.EDMA_1_CH6_DriverIRQHandler
                0x0000507a       0x10 ./drivers/fsl_edma_soc.o
                0x0000507a                EDMA_1_CH6_DriverIRQHandler
 .text.EDMA_1_CH7_DriverIRQHandler
                0x0000508a       0x10 ./drivers/fsl_edma_soc.o
                0x0000508a                EDMA_1_CH7_DriverIRQHandler
 .text.EDMA_1_CH8_DriverIRQHandler
                0x0000509a       0x10 ./drivers/fsl_edma_soc.o
                0x0000509a                EDMA_1_CH8_DriverIRQHandler
 .text.EDMA_1_CH9_DriverIRQHandler
                0x000050aa       0x10 ./drivers/fsl_edma_soc.o
                0x000050aa                EDMA_1_CH9_DriverIRQHandler
 .text.EDMA_1_CH10_DriverIRQHandler
                0x000050ba       0x10 ./drivers/fsl_edma_soc.o
                0x000050ba                EDMA_1_CH10_DriverIRQHandler
 .text.EDMA_1_CH11_DriverIRQHandler
                0x000050ca       0x10 ./drivers/fsl_edma_soc.o
                0x000050ca                EDMA_1_CH11_DriverIRQHandler
 .text.EDMA_1_CH12_DriverIRQHandler
                0x000050da       0x10 ./drivers/fsl_edma_soc.o
                0x000050da                EDMA_1_CH12_DriverIRQHandler
 .text.EDMA_1_CH13_DriverIRQHandler
                0x000050ea       0x10 ./drivers/fsl_edma_soc.o
                0x000050ea                EDMA_1_CH13_DriverIRQHandler
 .text.EDMA_1_CH14_DriverIRQHandler
                0x000050fa       0x10 ./drivers/fsl_edma_soc.o
                0x000050fa                EDMA_1_CH14_DriverIRQHandler
 .text.EDMA_1_CH15_DriverIRQHandler
                0x0000510a       0x10 ./drivers/fsl_edma_soc.o
                0x0000510a                EDMA_1_CH15_DriverIRQHandler
 .text.CLOCK_EnableClock
                0x0000511a       0x94 ./drivers/fsl_lpflexcomm.o
 .text.CLOCK_DisableClock
                0x000051ae       0xb8 ./drivers/fsl_lpflexcomm.o
 .text.LP_FLEXCOMM_PeripheralIsPresent
                0x00005266       0x52 ./drivers/fsl_lpflexcomm.o
 .text.LP_FLEXCOMM0_DriverIRQHandler
                0x000052b8        0xe ./drivers/fsl_lpflexcomm.o
                0x000052b8                LP_FLEXCOMM0_DriverIRQHandler
 .text.LP_FLEXCOMM1_DriverIRQHandler
                0x000052c6        0xe ./drivers/fsl_lpflexcomm.o
                0x000052c6                LP_FLEXCOMM1_DriverIRQHandler
 .text.LP_FLEXCOMM2_DriverIRQHandler
                0x000052d4        0xe ./drivers/fsl_lpflexcomm.o
                0x000052d4                LP_FLEXCOMM2_DriverIRQHandler
 .text.LP_FLEXCOMM3_DriverIRQHandler
                0x000052e2        0xe ./drivers/fsl_lpflexcomm.o
                0x000052e2                LP_FLEXCOMM3_DriverIRQHandler
 .text.LP_FLEXCOMM4_DriverIRQHandler
                0x000052f0        0xe ./drivers/fsl_lpflexcomm.o
                0x000052f0                LP_FLEXCOMM4_DriverIRQHandler
 .text.LP_FLEXCOMM5_DriverIRQHandler
                0x000052fe        0xe ./drivers/fsl_lpflexcomm.o
                0x000052fe                LP_FLEXCOMM5_DriverIRQHandler
 .text.LP_FLEXCOMM6_DriverIRQHandler
                0x0000530c        0xe ./drivers/fsl_lpflexcomm.o
                0x0000530c                LP_FLEXCOMM6_DriverIRQHandler
 .text.LP_FLEXCOMM7_DriverIRQHandler
                0x0000531a        0xe ./drivers/fsl_lpflexcomm.o
                0x0000531a                LP_FLEXCOMM7_DriverIRQHandler
 .text.LP_FLEXCOMM8_DriverIRQHandler
                0x00005328        0xe ./drivers/fsl_lpflexcomm.o
                0x00005328                LP_FLEXCOMM8_DriverIRQHandler
 .text.LP_FLEXCOMM9_DriverIRQHandler
                0x00005336        0xe ./drivers/fsl_lpflexcomm.o
                0x00005336                LP_FLEXCOMM9_DriverIRQHandler
 .text.DisableGlobalIRQ
                0x00005344       0x22 ./drivers/fsl_lpuart.o
 .text.EnableGlobalIRQ
                0x00005366       0x20 ./drivers/fsl_lpuart.o
 .text.LPUART_SoftwareReset
                0x00005386       0x2c ./drivers/fsl_lpuart.o
 .text.LPUART_EnableTx
                0x000053b2       0x38 ./drivers/fsl_lpuart_cmsis.o
 .text.LPUART_EnableRx
                0x000053ea       0x38 ./drivers/fsl_lpuart_cmsis.o
 .text.LPUART_CommonControl
                0x00005422      0x1bc ./drivers/fsl_lpuart_cmsis.o
 .text.LPUARTx_GetCapabilities
                0x000055de       0x14 ./drivers/fsl_lpuart_cmsis.o
 .text.LPUARTx_SetModemControl
                0x000055f2       0x1a ./drivers/fsl_lpuart_cmsis.o
 .text.LPUARTx_GetModemStatus
                0x0000560c       0x18 ./drivers/fsl_lpuart_cmsis.o
 .text.KSDK_LPUART_EdmaCallback
                0x00005624       0x48 ./drivers/fsl_lpuart_cmsis.o
 .text.LPUART_EdmaInitialize
                0x0000566c       0x30 ./drivers/fsl_lpuart_cmsis.o
 .text.LPUART_EdmaUninitialize
                0x0000569c       0x1c ./drivers/fsl_lpuart_cmsis.o
 .text.LPUART_EdmaSend
                0x000056b8       0x74 ./drivers/fsl_lpuart_cmsis.o
 .text.LPUART_EdmaReceive
                0x0000572c       0x74 ./drivers/fsl_lpuart_cmsis.o
 .text.LPUART_EdmaTransfer
                0x000057a0       0x1e ./drivers/fsl_lpuart_cmsis.o
 .text.LPUART_EdmaGetTxCount
                0x000057be       0x34 ./drivers/fsl_lpuart_cmsis.o
 .text.LPUART_EdmaGetRxCount
                0x000057f2       0x34 ./drivers/fsl_lpuart_cmsis.o
 .text.LPUART_EdmaControl
                0x00005826       0x9c ./drivers/fsl_lpuart_cmsis.o
 .text.LPUART_EdmaGetStatus
                0x000058c2       0xbe ./drivers/fsl_lpuart_cmsis.o
 .text.EnableIRQ
                0x00005980       0x32 ./drivers/fsl_lpuart_edma.o
 .text.LPUART_GetDataRegisterAddress
                0x000059b2       0x18 ./drivers/fsl_lpuart_edma.o
 .text.LPUART_EnableTxDMA
                0x000059ca       0x38 ./drivers/fsl_lpuart_edma.o
 .text.LPUART_EnableRxDMA
                0x00005a02       0x38 ./drivers/fsl_lpuart_edma.o
 .text.SPC_GetActiveModeBandgapMode
                0x00005a3a       0x22 ./drivers/fsl_spc.o
 .text.SPC_GetActiveModeVoltageDetectStatus
                0x00005a5c       0x22 ./drivers/fsl_spc.o
 .text.SPC_GetActiveModeCoreLDOVDDVoltageLevel
                0x00005a7e       0x22 ./drivers/fsl_spc.o
 .text.SPC_GetActiveModeCoreLDODriveStrength
                0x00005aa0       0x22 ./drivers/fsl_spc.o
 .text.SPC_SetActiveModeDCDCRegulatorVoltageLevel
                0x00005ac2       0x32 ./drivers/fsl_spc.o
 .text.SPC_SetActiveModeCoreLDORegulatorVoltageLevel
                0x00005af4       0x34 ./drivers/fsl_spc.o
                0x00005af4                SPC_SetActiveModeCoreLDORegulatorVoltageLevel
 .text.SPC_SetActiveModeCoreLDORegulatorDriveStrength
                0x00005b28       0x5e ./drivers/fsl_spc.o
                0x00005b28                SPC_SetActiveModeCoreLDORegulatorDriveStrength
 .text.SPC_SetActiveModeDCDCRegulatorDriveStrength
                0x00005b86       0x60 ./drivers/fsl_spc.o
                0x00005b86                SPC_SetActiveModeDCDCRegulatorDriveStrength
 .text.SystemInitHook
                0x00005be6        0xe ./device/system_MCXN947_cm33_core0.o
                0x00005be6                SystemInitHook
 .text.HAL_UartGetStatus
                0x00005bf4       0x28 ./component/uart/fsl_adapter_lpuart.o
 .text.CLOCK_EnableClock
                0x00005c1c       0x94 ./board/clock_config.o
 .text.BOARD_InitBootClocks
                0x00005cb0        0xc ./board/clock_config.o
                0x00005cb0                BOARD_InitBootClocks
 .text.CLOCK_EnableClock
                0x00005cbc       0x94 ./board/pin_mux.o
 .text.BOARD_InitBootPins
                0x00005d50        0xe ./board/pin_mux.o
                0x00005d50                BOARD_InitBootPins
 .text.__main   0x00005d5e        0xe c:/nxp/mcuxpressoide_11.9.1_2170/ide/plugins/com.nxp.mcuxpresso.tools.win32_11.9.1.202402080819/tools/bin/../lib/gcc/arm-none-eabi/12.3.1/../../../../arm-none-eabi/lib/thumb/v8-m.main+fp/hard\libcr_nohost_nf.a(_cr__main.o)
                0x00005d5e                __main
 .text.memset   0x00005d6c        0x4 c:/nxp/mcuxpressoide_11.9.1_2170/ide/plugins/com.nxp.mcuxpresso.tools.win32_11.9.1.202402080819/tools/bin/../lib/gcc/arm-none-eabi/12.3.1/../../../../arm-none-eabi/lib/thumb/v8-m.main+fp/hard\libcr_c.a(memset.o)
                0x00005d6c                memset
 .text.free     0x00005d70       0x30 c:/nxp/mcuxpressoide_11.9.1_2170/ide/plugins/com.nxp.mcuxpresso.tools.win32_11.9.1.202402080819/tools/bin/../lib/gcc/arm-none-eabi/12.3.1/../../../../arm-none-eabi/lib/thumb/v8-m.main+fp/hard\libcr_c.a(alloc.o)
                0x00005d70                free
 .text.setvbuf  0x00005da0       0x3e c:/nxp/mcuxpressoide_11.9.1_2170/ide/plugins/com.nxp.mcuxpresso.tools.win32_11.9.1.202402080819/tools/bin/../lib/gcc/arm-none-eabi/12.3.1/../../../../arm-none-eabi/lib/thumb/v8-m.main+fp/hard\libcr_c.a(setvbuf.o)
                0x00005da0                setvbuf
 .text.strlen   0x00005dde       0x4e c:/nxp/mcuxpressoide_11.9.1_2170/ide/plugins/com.nxp.mcuxpresso.tools.win32_11.9.1.202402080819/tools/bin/../lib/gcc/arm-none-eabi/12.3.1/../../../../arm-none-eabi/lib/thumb/v8-m.main+fp/hard\libcr_c.a(strlen.o)
                0x00005dde                strlen
 .text._deferredlazyseek
                0x00005e2c       0x40 c:/nxp/mcuxpressoide_11.9.1_2170/ide/plugins/com.nxp.mcuxpresso.tools.win32_11.9.1.202402080819/tools/bin/../lib/gcc/arm-none-eabi/12.3.1/../../../../arm-none-eabi/lib/thumb/v8-m.main+fp/hard\libcr_c.a(_deferredlazyseek.o)
                0x00005e2c                _deferredlazyseek
 .text._fdopen  0x00005e6c       0x68 c:/nxp/mcuxpressoide_11.9.1_2170/ide/plugins/com.nxp.mcuxpresso.tools.win32_11.9.1.202402080819/tools/bin/../lib/gcc/arm-none-eabi/12.3.1/../../../../arm-none-eabi/lib/thumb/v8-m.main+fp/hard\libcr_c.a(_fdopen.o)
                0x00005e6c                _fdopen
 .text._fflush  0x00005ed4       0x52 c:/nxp/mcuxpressoide_11.9.1_2170/ide/plugins/com.nxp.mcuxpresso.tools.win32_11.9.1.202402080819/tools/bin/../lib/gcc/arm-none-eabi/12.3.1/../../../../arm-none-eabi/lib/thumb/v8-m.main+fp/hard\libcr_c.a(_fflush.o)
                0x00005ed4                _fflush
 .text.fclose   0x00005f26       0x58 c:/nxp/mcuxpressoide_11.9.1_2170/ide/plugins/com.nxp.mcuxpresso.tools.win32_11.9.1.202402080819/tools/bin/../lib/gcc/arm-none-eabi/12.3.1/../../../../arm-none-eabi/lib/thumb/v8-m.main+fp/hard\libcr_c.a(fclose.o)
                0x00005f26                fclose
 .text.remove   0x00005f7e       0x14 c:/nxp/mcuxpressoide_11.9.1_2170/ide/plugins/com.nxp.mcuxpresso.tools.win32_11.9.1.202402080819/tools/bin/../lib/gcc/arm-none-eabi/12.3.1/../../../../arm-none-eabi/lib/thumb/v8-m.main+fp/hard\libcr_c.a(remove.o)
                0x00005f7e                remove
 .text._do_fflush
                0x00005f92       0x40 c:/nxp/mcuxpressoide_11.9.1_2170/ide/plugins/com.nxp.mcuxpresso.tools.win32_11.9.1.202402080819/tools/bin/../lib/gcc/arm-none-eabi/12.3.1/../../../../arm-none-eabi/lib/thumb/v8-m.main+fp/hard\libcr_c.a(_do_fflush.o)
                0x00005f92                _do_fflush
 .text.__aeabi_f2ulz
                0x00005fd2       0x3e c:/nxp/mcuxpressoide_11.9.1_2170/ide/plugins/com.nxp.mcuxpresso.tools.win32_11.9.1.202402080819/tools/bin/../lib/gcc/arm-none-eabi/12.3.1/thumb/v8-m.main+fp/hard\libcr_eabihelpers.a(float.o)
                0x00005fd2                __aeabi_f2ulz
 .text.__aeabi_memset_lowlevel
                0x00006010       0x32 c:/nxp/mcuxpressoide_11.9.1_2170/ide/plugins/com.nxp.mcuxpresso.tools.win32_11.9.1.202402080819/tools/bin/../lib/gcc/arm-none-eabi/12.3.1/thumb/v8-m.main+fp/hard\libcr_eabihelpers.a(memcpy.o)
                0x00006010                __aeabi_lowlevel_memset
 .text.__sys_close
                0x00006042        0x6 c:/nxp/mcuxpressoide_11.9.1_2170/ide/plugins/com.nxp.mcuxpresso.tools.win32_11.9.1.202402080819/tools/bin/../lib/gcc/arm-none-eabi/12.3.1/../../../../arm-none-eabi/lib/thumb/v8-m.main+fp/hard\libcr_nohost_nf.a(__sys_close.o)
                0x00006042                __sys_close
 .text.__sys_flen
                0x00006048        0x6 c:/nxp/mcuxpressoide_11.9.1_2170/ide/plugins/com.nxp.mcuxpresso.tools.win32_11.9.1.202402080819/tools/bin/../lib/gcc/arm-none-eabi/12.3.1/../../../../arm-none-eabi/lib/thumb/v8-m.main+fp/hard\libcr_nohost_nf.a(__sys_flen.o)
                0x00006048                __sys_flen
 .text.__sys_istty
                0x0000604e        0x6 c:/nxp/mcuxpressoide_11.9.1_2170/ide/plugins/com.nxp.mcuxpresso.tools.win32_11.9.1.202402080819/tools/bin/../lib/gcc/arm-none-eabi/12.3.1/../../../../arm-none-eabi/lib/thumb/v8-m.main+fp/hard\libcr_nohost_nf.a(__sys_istty.o)
                0x0000604e                __sys_istty
 .text.__sys_remove
                0x00006054        0x6 c:/nxp/mcuxpressoide_11.9.1_2170/ide/plugins/com.nxp.mcuxpresso.tools.win32_11.9.1.202402080819/tools/bin/../lib/gcc/arm-none-eabi/12.3.1/../../../../arm-none-eabi/lib/thumb/v8-m.main+fp/hard\libcr_nohost_nf.a(__sys_remove.o)
                0x00006054                __sys_remove
 .text.__sys_seek
                0x0000605a        0x6 c:/nxp/mcuxpressoide_11.9.1_2170/ide/plugins/com.nxp.mcuxpresso.tools.win32_11.9.1.202402080819/tools/bin/../lib/gcc/arm-none-eabi/12.3.1/../../../../arm-none-eabi/lib/thumb/v8-m.main+fp/hard\libcr_nohost_nf.a(__sys_seek.o)
                0x0000605a                __sys_seek
 .text.__sys_tmpnam
                0x00006060        0x6 c:/nxp/mcuxpressoide_11.9.1_2170/ide/plugins/com.nxp.mcuxpresso.tools.win32_11.9.1.202402080819/tools/bin/../lib/gcc/arm-none-eabi/12.3.1/../../../../arm-none-eabi/lib/thumb/v8-m.main+fp/hard\libcr_nohost_nf.a(__sys_tmpnam.o)
                0x00006060                __sys_tmpnam
 .text.__sys_write
                0x00006066        0x4 c:/nxp/mcuxpressoide_11.9.1_2170/ide/plugins/com.nxp.mcuxpresso.tools.win32_11.9.1.202402080819/tools/bin/../lib/gcc/arm-none-eabi/12.3.1/../../../../arm-none-eabi/lib/thumb/v8-m.main+fp/hard\libcr_nohost_nf.a(__sys_write.o)
                0x00006066                __sys_write
 *(SORT_BY_ALIGNMENT(.rodata) SORT_BY_ALIGNMENT(.rodata.*) SORT_BY_ALIGNMENT(.constdata) SORT_BY_ALIGNMENT(.constdata.*))
 *fill*         0x0000606a        0x2 ff
 .rodata.__assertion_failed.str1.4
                0x0000606c       0x14 ./utilities/fsl_assert.o
 .rodata.EDMA_SetChannelMux.str1.4
                0x00006080       0xb4 ./source/cmsis_usart_edma_transfer.o
 .rodata.EDMA_SetChannelMux.str1.4
                0x00006134       0x4e ./drivers/fsl_edma.o
 *fill*         0x00006182        0x2 ff
 .rodata.EDMA_EnableChannelMasterIDReplication.str1.4
                0x00006184       0x4e ./drivers/fsl_edma.o
 *fill*         0x000061d2        0x2 ff
 .rodata.EDMA_SetChannelSecurityLevel.str1.4
                0x000061d4       0x4e ./drivers/fsl_edma.o
 *fill*         0x00006222        0x2 ff
 .rodata.EDMA_SetChannelProtectionLevel.str1.4
                0x00006224       0x4e ./drivers/fsl_edma.o
 *fill*         0x00006272        0x2 ff
 .rodata.s_edmaBases
                0x00006274        0x8 ./drivers/fsl_edma.o
 .rodata.s_edmaClockName
                0x0000627c        0x4 ./drivers/fsl_edma.o
 .rodata.s_edmaResets
                0x00006280        0x8 ./drivers/fsl_edma.o
 .rodata.s_edmaIRQNumber
                0x00006288       0x40 ./drivers/fsl_edma.o
 .rodata.EDMA_GetInstance.str1.4
                0x000062c8       0x33 ./drivers/fsl_edma.o
 *fill*         0x000062fb        0x1 ff
 .rodata.EDMA_InstallTCD.str1.4
                0x000062fc       0xb7 ./drivers/fsl_edma.o
 *fill*         0x000063b3        0x1 ff
 .rodata.EDMA_Init.str1.4
                0x000063b4       0x20 ./drivers/fsl_edma.o
 .rodata.EDMA_InitChannel.str1.4
                0x000063d4       0x27 ./drivers/fsl_edma.o
 *fill*         0x000063fb        0x1 ff
 .rodata.EDMA_GetDefaultConfig.str1.4
                0x000063fc       0x20 ./drivers/fsl_edma.o
 .rodata.EDMA_SetChannelPreemptionConfig.str1.4
                0x0000641c       0x70 ./drivers/fsl_edma.o
 .rodata.EDMA_TcdReset.str1.4
                0x0000648c       0x4f ./drivers/fsl_edma.o
 *fill*         0x000064db        0x1 ff
 .rodata.EDMA_TcdSetTransferConfig.str1.4
                0x000064dc       0x70 ./drivers/fsl_edma.o
 .rodata.EDMA_ConfigChannelSoftwareTCD.str1.4
                0x0000654c      0x333 ./drivers/fsl_edma.o
 *fill*         0x0000687f        0x1 ff
 .rodata.EDMA_GetRemainingMajorLoopCount.str1.4
                0x00006880       0x4e ./drivers/fsl_edma.o
 *fill*         0x000068ce        0x2 ff
 .rodata.EDMA_CreateHandle.str1.4
                0x000068d0       0x73 ./drivers/fsl_edma.o
 *fill*         0x00006943        0x1 ff
 .rodata.EDMA_SetCallback.str1.4
                0x00006944       0x21 ./drivers/fsl_edma.o
 *fill*         0x00006965        0x3 ff
 .rodata.EDMA_TransferWidthMapping.str1.4
                0x00006968       0x18 ./drivers/fsl_edma.o
 .rodata.EDMA_PrepareTransferConfig.str1.4
                0x00006980      0x23e ./drivers/fsl_edma.o
 *fill*         0x00006bbe        0x2 ff
 .rodata.EDMA_PrepareTransfer.str1.4
                0x00006bc0       0x3c ./drivers/fsl_edma.o
 .rodata.EDMA_SubmitTransfer.str1.4
                0x00006bfc       0x72 ./drivers/fsl_edma.o
 *fill*         0x00006c6e        0x2 ff
 .rodata.EDMA_StartTransfer.str1.4
                0x00006c70       0x21 ./drivers/fsl_edma.o
 *fill*         0x00006c91        0x3 ff
 .rodata.EDMA_StopTransfer.str1.4
                0x00006c94       0x21 ./drivers/fsl_edma.o
 *fill*         0x00006cb5        0x3 ff
 .rodata.EDMA_HandleIRQ.str1.4
                0x00006cb8       0x21 ./drivers/fsl_edma.o
 *fill*         0x00006cd9        0x3 ff
 .rodata.s_lpflexcommBase
                0x00006cdc       0x28 ./drivers/fsl_lpflexcomm.o
 .rodata.s_lpflexcommClocks
                0x00006d04       0x14 ./drivers/fsl_lpflexcomm.o
 .rodata.s_lpflexcommResets
                0x00006d18       0x28 ./drivers/fsl_lpflexcomm.o
 .rodata.LP_FLEXCOMM_SetPeriph.str1.4
                0x00006d40       0x43 ./drivers/fsl_lpflexcomm.o
 *fill*         0x00006d83        0x1 ff
 .rodata.LP_FLEXCOMM_Init.str1.4
                0x00006d84       0x49 ./drivers/fsl_lpflexcomm.o
 *fill*         0x00006dcd        0x3 ff
 .rodata.LP_FLEXCOMM_Deinit.str1.4
                0x00006dd0       0x49 ./drivers/fsl_lpflexcomm.o
 *fill*         0x00006e19        0x3 ff
 .rodata.LP_FLEXCOMM_SetIRQHandler.str1.4
                0x00006e1c       0x49 ./drivers/fsl_lpflexcomm.o
 *fill*         0x00006e65        0x3 ff
 .rodata.s_lpuartBases
                0x00006e68       0x28 ./drivers/fsl_lpuart.o
 .rodata.s_lpuartIRQ
                0x00006e90       0x14 ./drivers/fsl_lpuart.o
                0x00006e90                s_lpuartIRQ
 .rodata.LPUART_GetInstance.str1.4
                0x00006ea4       0x38 ./drivers/fsl_lpuart.o
 .rodata.LPUART_Init.str1.4
                0x00006edc      0x10a ./drivers/fsl_lpuart.o
 *fill*         0x00006fe6        0x2 ff
 .rodata.LPUART_GetDefaultConfig.str1.4
                0x00006fe8       0x22 ./drivers/fsl_lpuart.o
 *fill*         0x0000700a        0x2 ff
 .rodata.LPUART_WriteBlocking.str1.4
                0x0000700c       0x21 ./drivers/fsl_lpuart.o
 *fill*         0x0000702d        0x3 ff
 .rodata.LPUART_ReadBlocking.str1.4
                0x00007030       0x21 ./drivers/fsl_lpuart.o
 *fill*         0x00007051        0x3 ff
 .rodata.s_lpuartDriverVersion
                0x00007054        0x4 ./drivers/fsl_lpuart_cmsis.o
 .rodata.LPUART4_Resource
                0x00007058        0x8 ./drivers/fsl_lpuart_cmsis.o
 .rodata.Driver_USART4
                0x00007060       0x38 ./drivers/fsl_lpuart_cmsis.o
                0x00007060                Driver_USART4
 .rodata.s_lpuartBases
                0x00007098       0x28 ./drivers/fsl_lpuart_edma.o
 .rodata.LPUART_SendEDMACallback.str1.4
                0x000070c0       0x26 ./drivers/fsl_lpuart_edma.o
 *fill*         0x000070e6        0x2 ff
 .rodata.LPUART_ReceiveEDMACallback.str1.4
                0x000070e8       0x26 ./drivers/fsl_lpuart_edma.o
 *fill*         0x0000710e        0x2 ff
 .rodata.LPUART_TransferCreateHandleEDMA.str1.4
                0x00007110       0x27 ./drivers/fsl_lpuart_edma.o
 *fill*         0x00007137        0x1 ff
 .rodata.LPUART_SendEDMA.str1.4
                0x00007138       0xe1 ./drivers/fsl_lpuart_edma.o
 *fill*         0x00007219        0x3 ff
 .rodata.LPUART_ReceiveEDMA.str1.4
                0x0000721c       0xe1 ./drivers/fsl_lpuart_edma.o
 *fill*         0x000072fd        0x3 ff
 .rodata.LPUART_TransferAbortSendEDMA.str1.4
                0x00007300       0x5d ./drivers/fsl_lpuart_edma.o
 *fill*         0x0000735d        0x3 ff
 .rodata.LPUART_TransferAbortReceiveEDMA.str1.4
                0x00007360       0x5d ./drivers/fsl_lpuart_edma.o
 *fill*         0x000073bd        0x3 ff
 .rodata.LPUART_TransferGetReceiveCountEDMA.str1.4
                0x000073c0       0x86 ./drivers/fsl_lpuart_edma.o
 *fill*         0x00007446        0x2 ff
 .rodata.LPUART_TransferGetSendCountEDMA.str1.4
                0x00007448       0x86 ./drivers/fsl_lpuart_edma.o
 *fill*         0x000074ce        0x2 ff
 .rodata.LPUART_TransferEdmaHandleIRQ.str1.4
                0x000074d0       0x71 ./drivers/fsl_lpuart_edma.o
 *fill*         0x00007541        0x3 ff
 .rodata.RESET_SetPeripheralReset.str1.4
                0x00007544       0x1e ./drivers/fsl_reset.o
 *fill*         0x00007562        0x2 ff
 .rodata.RESET_ClearPeripheralReset.str1.4
                0x00007564       0x1e ./drivers/fsl_reset.o
 *fill*         0x00007582        0x2 ff
 .rodata.SPC_SetSRAMOperateVoltage.str1.4
                0x00007584       0x1f ./drivers/fsl_spc.o
 *fill*         0x000075a3        0x1 ff
 .rodata.SPC_SetActiveModeCoreLDORegulatorConfig.str1.4
                0x000075a4       0x1f ./drivers/fsl_spc.o
 *fill*         0x000075c3        0x1 ff
 .rodata.SPC_SetActiveModeDCDCRegulatorConfig.str1.4
                0x000075c4       0x20 ./drivers/fsl_spc.o
 .rodata.s_LpuartAdapterBase
                0x000075e4       0x28 ./component/uart/fsl_adapter_lpuart.o
 .rodata.HAL_UartInit.str1.4
                0x0000760c      0x116 ./component/uart/fsl_adapter_lpuart.o
 *fill*         0x00007722        0x2 ff
 .rodata.HAL_UartReceiveBlocking.str1.4
                0x00007724       0x7b ./component/uart/fsl_adapter_lpuart.o
 *fill*         0x0000779f        0x1 ff
 .rodata.HAL_UartSendBlocking.str1.4
                0x000077a0       0x7b ./component/uart/fsl_adapter_lpuart.o
 *fill*         0x0000781b        0x1 ff
 .rodata        0x0000781c       0x22 ./board/clock_config.o
 *fill*         0x0000783e        0x2 ff
 .rodata.PORT_SetPinConfig.str1.4
                0x00007840       0x7e ./board/pin_mux.o
 *fill*         0x000078be        0x2 ff
 .rodata.__num_Ciob_streams
                0x000078c0        0x4 c:/nxp/mcuxpressoide_11.9.1_2170/ide/plugins/com.nxp.mcuxpresso.tools.win32_11.9.1.202402080819/tools/bin/../lib/gcc/arm-none-eabi/12.3.1/../../../../arm-none-eabi/lib/thumb/v8-m.main+fp/hard\libcr_nohost_nf.a(__ciob.o)
                0x000078c0                __num_Ciob_streams
 .rodata._initio.str1.1
                0x000078c4        0x4 c:/nxp/mcuxpressoide_11.9.1_2170/ide/plugins/com.nxp.mcuxpresso.tools.win32_11.9.1.202402080819/tools/bin/../lib/gcc/arm-none-eabi/12.3.1/../../../../arm-none-eabi/lib/thumb/v8-m.main+fp/hard\libcr_c.a(initio.o)
                0x000078c8                        . = ALIGN (0x4)

.glue_7         0x000078c8        0x0
 .glue_7        0x000078c8        0x0 linker stubs

.glue_7t        0x000078c8        0x0
 .glue_7t       0x000078c8        0x0 linker stubs

.vfp11_veneer   0x000078c8        0x0
 .vfp11_veneer  0x000078c8        0x0 linker stubs

.v4_bx          0x000078c8        0x0
 .v4_bx         0x000078c8        0x0 linker stubs

.iplt           0x000078c8        0x0
 .iplt          0x000078c8        0x0 ./utilities/fsl_assert.o

.rel.dyn        0x000078c8        0x0
 .rel.iplt      0x000078c8        0x0 ./utilities/fsl_assert.o

.ARM.extab
 *(SORT_BY_ALIGNMENT(.ARM.extab*) SORT_BY_ALIGNMENT(.gnu.linkonce.armextab.*))

.ARM.exidx      0x000078c8        0x0
                0x000078c8                        __exidx_start = .
 *(SORT_BY_ALIGNMENT(.ARM.exidx*) SORT_BY_ALIGNMENT(.gnu.linkonce.armexidx.*))
                0x000078c8                        __exidx_end = .
                0x000078c8                        _etext = .

.m_usb_data
 *(SORT_BY_ALIGNMENT(m_usb_global))

.data_RAM2      0x04000000        0x0 load address 0x000078c8
 FILL mask 0xff
                [!provide]                        PROVIDE (__start_data_RAM2 = .)
                [!provide]                        PROVIDE (__start_data_SRAMX = .)
 *(SORT_BY_ALIGNMENT(.ramfunc.$RAM2))
 *(SORT_BY_ALIGNMENT(.ramfunc.$SRAMX))
 *(SORT_BY_ALIGNMENT(.data.$RAM2))
 *(SORT_BY_ALIGNMENT(.data.$SRAMX))
 *(SORT_BY_ALIGNMENT(.data.$RAM2.*))
 *(SORT_BY_ALIGNMENT(.data.$SRAMX.*))
                0x04000000                        . = ALIGN (0x4)
                [!provide]                        PROVIDE (__end_data_RAM2 = .)
                [!provide]                        PROVIDE (__end_data_SRAMX = .)

.data_RAM3      0x20060000        0x0 load address 0x000078c8
 FILL mask 0xff
                [!provide]                        PROVIDE (__start_data_RAM3 = .)
                [!provide]                        PROVIDE (__start_data_SRAMH = .)
 *(SORT_BY_ALIGNMENT(.ramfunc.$RAM3))
 *(SORT_BY_ALIGNMENT(.ramfunc.$SRAMH))
 *(SORT_BY_ALIGNMENT(.data.$RAM3))
 *(SORT_BY_ALIGNMENT(.data.$SRAMH))
 *(SORT_BY_ALIGNMENT(.data.$RAM3.*))
 *(SORT_BY_ALIGNMENT(.data.$SRAMH.*))
                0x20060000                        . = ALIGN (0x4)
                [!provide]                        PROVIDE (__end_data_RAM3 = .)
                [!provide]                        PROVIDE (__end_data_SRAMH = .)

.data_RAM4      0x400ba000        0x0 load address 0x000078c8
 FILL mask 0xff
                [!provide]                        PROVIDE (__start_data_RAM4 = .)
                [!provide]                        PROVIDE (__start_data_USB_RAM = .)
 *(SORT_BY_ALIGNMENT(.ramfunc.$RAM4))
 *(SORT_BY_ALIGNMENT(.ramfunc.$USB_RAM))
 *(SORT_BY_ALIGNMENT(.data.$RAM4))
 *(SORT_BY_ALIGNMENT(.data.$USB_RAM))
 *(SORT_BY_ALIGNMENT(.data.$RAM4.*))
 *(SORT_BY_ALIGNMENT(.data.$USB_RAM.*))
                0x400ba000                        . = ALIGN (0x4)
                [!provide]                        PROVIDE (__end_data_RAM4 = .)
                [!provide]                        PROVIDE (__end_data_USB_RAM = .)

.uninit_RESERVED
                0x20000000        0x0
                0x20000000                        _start_uninit_RESERVED = .
 *(SORT_BY_ALIGNMENT(.bss.$RESERVED*))
                0x20000000                        . = ALIGN (0x4)
                0x20000000                        _end_uninit_RESERVED = .

.data           0x20000000       0x8c load address 0x000078c8
 FILL mask 0xff
                0x20000000                        _data = .
                [!provide]                        PROVIDE (__start_data_RAM = .)
                [!provide]                        PROVIDE (__start_data_SRAM = .)
 *(SORT_BY_ALIGNMENT(vtable))
 *(SORT_BY_ALIGNMENT(.ramfunc*))
 *(SORT_BY_ALIGNMENT(CodeQuickAccess))
 *(SORT_BY_ALIGNMENT(DataQuickAccess))
 *(SORT_BY_ALIGNMENT(RamFunction))
 *(SORT_BY_ALIGNMENT(.data*))
 .data.g_tipString
                0x20000000       0x47 ./source/cmsis_usart_edma_transfer.o
                0x20000000                g_tipString
 *fill*         0x20000047        0x1 ff
 .data.s_Ext_Clk_Freq
                0x20000048        0x4 ./drivers/fsl_clock.o
 .data.s_Xtal32_Freq
                0x2000004c        0x4 ./drivers/fsl_clock.o
 .data.LPUART4_EdmaResource
                0x20000050       0x18 ./drivers/fsl_lpuart_cmsis.o
 .data.LPUART4_EdmaDriverState
                0x20000068       0x1c ./drivers/fsl_lpuart_cmsis.o
 .data.SystemCoreClock
                0x20000084        0x4 ./device/system_MCXN947_cm33_core0.o
                0x20000084                SystemCoreClock
 .data.rxBufferEmpty
                0x20000088        0x1 ./source/cmsis_usart_edma_transfer.o
                0x20000088                rxBufferEmpty
                0x2000008c                        . = ALIGN (0x4)
 *fill*         0x20000089        0x3 ff
                0x2000008c                        _edata = .
                [!provide]                        PROVIDE (__end_data_RAM = .)
                [!provide]                        PROVIDE (__end_data_SRAM = .)

.igot.plt       0x2000008c        0x0 load address 0x00007954
 .igot.plt      0x2000008c        0x0 ./utilities/fsl_assert.o

.bss_RAM2       0x04000000        0x0
                [!provide]                        PROVIDE (__start_bss_RAM2 = .)
                [!provide]                        PROVIDE (__start_bss_SRAMX = .)
 *(SORT_BY_ALIGNMENT(.bss.$RAM2))
 *(SORT_BY_ALIGNMENT(.bss.$SRAMX))
 *(SORT_BY_ALIGNMENT(.bss.$RAM2.*))
 *(SORT_BY_ALIGNMENT(.bss.$SRAMX.*))
                0x04000000                        . = ALIGN ((. != 0x0)?0x4:0x1)
                [!provide]                        PROVIDE (__end_bss_RAM2 = .)
                [!provide]                        PROVIDE (__end_bss_SRAMX = .)

.bss_RAM3       0x20060000        0x0
                [!provide]                        PROVIDE (__start_bss_RAM3 = .)
                [!provide]                        PROVIDE (__start_bss_SRAMH = .)
 *(SORT_BY_ALIGNMENT(.bss.$RAM3))
 *(SORT_BY_ALIGNMENT(.bss.$SRAMH))
 *(SORT_BY_ALIGNMENT(.bss.$RAM3.*))
 *(SORT_BY_ALIGNMENT(.bss.$SRAMH.*))
                0x20060000                        . = ALIGN ((. != 0x0)?0x4:0x1)
                [!provide]                        PROVIDE (__end_bss_RAM3 = .)
                [!provide]                        PROVIDE (__end_bss_SRAMH = .)

.bss_RAM4       0x400ba000        0x0
                [!provide]                        PROVIDE (__start_bss_RAM4 = .)
                [!provide]                        PROVIDE (__start_bss_USB_RAM = .)
 *(SORT_BY_ALIGNMENT(.bss.$RAM4))
 *(SORT_BY_ALIGNMENT(.bss.$USB_RAM))
 *(SORT_BY_ALIGNMENT(.bss.$RAM4.*))
 *(SORT_BY_ALIGNMENT(.bss.$USB_RAM.*))
                0x400ba000                        . = ALIGN ((. != 0x0)?0x4:0x1)
                [!provide]                        PROVIDE (__end_bss_RAM4 = .)
                [!provide]                        PROVIDE (__end_bss_USB_RAM = .)

.bss            0x2000008c      0x34c
                0x2000008c                        _bss = .
                [!provide]                        PROVIDE (__start_bss_RAM = .)
                [!provide]                        PROVIDE (__start_bss_SRAM = .)
 *(SORT_BY_ALIGNMENT(.bss*))
 .bss.s_debugConsole
                0x2000008c       0x14 ./utilities/fsl_debug_console.o
 .bss.g_txBuffer
                0x200000a0        0x8 ./source/cmsis_usart_edma_transfer.o
                0x200000a0                g_txBuffer
 .bss.g_rxBuffer
                0x200000a8        0x8 ./source/cmsis_usart_edma_transfer.o
                0x200000a8                g_rxBuffer
 .bss.s_EDMAHandle
                0x200000b0       0x80 ./drivers/fsl_edma.o
 .bss.s_lpflexcommIrqHandler
                0x20000130       0xa0 ./drivers/fsl_lpflexcomm.o
 .bss.s_lpflexcommHandle
                0x200001d0       0xa0 ./drivers/fsl_lpflexcomm.o