Archive member included to satisfy reference by file (symbol)

c:/nxp/mcuxpressoide_11.9.1_2170/ide/plugins/com.nxp.mcuxpresso.tools.win32_11.9.1.202402080819/tools/bin/../lib/gcc/arm-none-eabi/12.3.1/../../../../arm-none-eabi/lib/thumb/v8-m.main+fp/hard\libcr_nohost_nf.a(_cr__main.o)
                              ./startup/startup_mcxn947_cm33_core0.o (__main)
c:/nxp/mcuxpressoide_11.9.1_2170/ide/plugins/com.nxp.mcuxpresso.tools.win32_11.9.1.202402080819/tools/bin/../lib/gcc/arm-none-eabi/12.3.1/../../../../arm-none-eabi/lib/thumb/v8-m.main+fp/hard\libcr_c.a(memset.o)
                              ./source/cmsis_usart_edma_transfer.o (memset)
c:/nxp/mcuxpressoide_11.9.1_2170/ide/plugins/com.nxp.mcuxpresso.tools.win32_11.9.1.202402080819/tools/bin/../lib/gcc/arm-none-eabi/12.3.1/../../../../arm-none-eabi/lib/thumb/v8-m.main+fp/hard\libcr_c.a(alloc.o)
                              ./drivers/fsl_common.o (malloc)
c:/nxp/mcuxpressoide_11.9.1_2170/ide/plugins/com.nxp.mcuxpresso.tools.win32_11.9.1.202402080819/tools/bin/../lib/gcc/arm-none-eabi/12.3.1/../../../../arm-none-eabi/lib/thumb/v8-m.main+fp/hard\libcr_c.a(errno.o)
                              ./utilities/fsl_str.o (errno)
c:/nxp/mcuxpressoide_11.9.1_2170/ide/plugins/com.nxp.mcuxpresso.tools.win32_11.9.1.202402080819/tools/bin/../lib/gcc/arm-none-eabi/12.3.1/../../../../arm-none-eabi/lib/thumb/v8-m.main+fp/hard\libcr_c.a(initio.o)
                              c:/nxp/mcuxpressoide_11.9.1_2170/ide/plugins/com.nxp.mcuxpresso.tools.win32_11.9.1.202402080819/tools/bin/../lib/gcc/arm-none-eabi/12.3.1/../../../../arm-none-eabi/lib/thumb/v8-m.main+fp/hard\libcr_nohost_nf.a(_cr__main.o) (_initio)
c:/nxp/mcuxpressoide_11.9.1_2170/ide/plugins/com.nxp.mcuxpresso.tools.win32_11.9.1.202402080819/tools/bin/../lib/gcc/arm-none-eabi/12.3.1/../../../../arm-none-eabi/lib/thumb/v8-m.main+fp/hard\libcr_c.a(scanf.o)
                              ./utilities/fsl_str.o (strtoul)
c:/nxp/mcuxpressoide_11.9.1_2170/ide/plugins/com.nxp.mcuxpresso.tools.win32_11.9.1.202402080819/tools/bin/../lib/gcc/arm-none-eabi/12.3.1/../../../../arm-none-eabi/lib/thumb/v8-m.main+fp/hard\libcr_c.a(setvbuf.o)
                              c:/nxp/mcuxpressoide_11.9.1_2170/ide/plugins/com.nxp.mcuxpresso.tools.win32_11.9.1.202402080819/tools/bin/../lib/gcc/arm-none-eabi/12.3.1/../../../../arm-none-eabi/lib/thumb/v8-m.main+fp/hard\libcr_c.a(initio.o) (setvbuf)
c:/nxp/mcuxpressoide_11.9.1_2170/ide/plugins/com.nxp.mcuxpresso.tools.win32_11.9.1.202402080819/tools/bin/../lib/gcc/arm-none-eabi/12.3.1/../../../../arm-none-eabi/lib/thumb/v8-m.main+fp/hard\libcr_c.a(strlen.o)
                              ./utilities/fsl_debug_console.o (strlen)
c:/nxp/mcuxpressoide_11.9.1_2170/ide/plugins/com.nxp.mcuxpresso.tools.win32_11.9.1.202402080819/tools/bin/../lib/gcc/arm-none-eabi/12.3.1/../../../../arm-none-eabi/lib/thumb/v8-m.main+fp/hard\libcr_c.a(ungetc.o)
                              c:/nxp/mcuxpressoide_11.9.1_2170/ide/plugins/com.nxp.mcuxpresso.tools.win32_11.9.1.202402080819/tools/bin/../lib/gcc/arm-none-eabi/12.3.1/../../../../arm-none-eabi/lib/thumb/v8-m.main+fp/hard\libcr_c.a(scanf.o) (ungetc)
c:/nxp/mcuxpressoide_11.9.1_2170/ide/plugins/com.nxp.mcuxpresso.tools.win32_11.9.1.202402080819/tools/bin/../lib/gcc/arm-none-eabi/12.3.1/../../../../arm-none-eabi/lib/thumb/v8-m.main+fp/hard\libcr_c.a(__fillbuf.o)
                              c:/nxp/mcuxpressoide_11.9.1_2170/ide/plugins/com.nxp.mcuxpresso.tools.win32_11.9.1.202402080819/tools/bin/../lib/gcc/arm-none-eabi/12.3.1/../../../../arm-none-eabi/lib/thumb/v8-m.main+fp/hard\libcr_c.a(scanf.o) (__filbuf)
c:/nxp/mcuxpressoide_11.9.1_2170/ide/plugins/com.nxp.mcuxpresso.tools.win32_11.9.1.202402080819/tools/bin/../lib/gcc/arm-none-eabi/12.3.1/../../../../arm-none-eabi/lib/thumb/v8-m.main+fp/hard\libcr_c.a(__init_alloc.o)
                              c:/nxp/mcuxpressoide_11.9.1_2170/ide/plugins/com.nxp.mcuxpresso.tools.win32_11.9.1.202402080819/tools/bin/../lib/gcc/arm-none-eabi/12.3.1/../../../../arm-none-eabi/lib/thumb/v8-m.main+fp/hard\libcr_c.a(alloc.o) (__heaps)
c:/nxp/mcuxpressoide_11.9.1_2170/ide/plugins/com.nxp.mcuxpresso.tools.win32_11.9.1.202402080819/tools/bin/../lib/gcc/arm-none-eabi/12.3.1/../../../../arm-none-eabi/lib/thumb/v8-m.main+fp/hard\libcr_c.a(_cr_sbrk.o)
                              c:/nxp/mcuxpressoide_11.9.1_2170/ide/plugins/com.nxp.mcuxpresso.tools.win32_11.9.1.202402080819/tools/bin/../lib/gcc/arm-none-eabi/12.3.1/../../../../arm-none-eabi/lib/thumb/v8-m.main+fp/hard\libcr_c.a(alloc.o) (_sbrk)
c:/nxp/mcuxpressoide_11.9.1_2170/ide/plugins/com.nxp.mcuxpresso.tools.win32_11.9.1.202402080819/tools/bin/../lib/gcc/arm-none-eabi/12.3.1/../../../../arm-none-eabi/lib/thumb/v8-m.main+fp/hard\libcr_c.a(_deferredlazyseek.o)
[...]
Memory Configuration

Name             Origin             Length             Attributes
PROGRAM_FLASH0   0x00000000         0x00100000         xr
PROGRAM_FLASH1   0x00100000         0x00100000         xr
SRAM             0x20000000         0x00060000         xrw
SRAMX            0x04000000         0x00018000         xrw
SRAMH            0x20060000         0x00008000         xrw
USB_RAM          0x400ba000         0x00001000         xrw
*default*        0x00000000         0xffffffff

Linker script and memory map

LOAD ./utilities/fsl_assert.o
LOAD ./utilities/fsl_debug_console.o
LOAD ./utilities/fsl_memcpy.o
LOAD ./utilities/fsl_str.o
LOAD ./startup/boot_multicore_slave.o
LOAD ./startup/startup_mcxn947_cm33_core0.o
LOAD ./source/cmsis_usart_edma_transfer.o
LOAD ./source/semihost_hardfault.o
LOAD ./drivers/fsl_clock.o
LOAD ./drivers/fsl_common.o
LOAD ./drivers/fsl_common_arm.o
LOAD ./drivers/fsl_edma.o
LOAD ./drivers/fsl_edma_soc.o
LOAD ./drivers/fsl_gpio.o
LOAD ./drivers/fsl_lpflexcomm.o
LOAD ./drivers/fsl_lpuart.o
LOAD ./drivers/fsl_lpuart_cmsis.o
LOAD ./drivers/fsl_lpuart_edma.o
LOAD ./drivers/fsl_reset.o
LOAD ./drivers/fsl_spc.o
LOAD ./device/system_MCXN947_cm33_core0.o
LOAD ./component/uart/fsl_adapter_lpuart.o
LOAD ./component/lists/fsl_component_generic_list.o
LOAD ./board/board.o
LOAD ./board/clock_config.o
LOAD ./board/pin_mux.o
START GROUP
LOAD c:/nxp/mcuxpressoide_11.9.1_2170/ide/plugins/com.nxp.mcuxpresso.tools.win32_11.9.1.202402080819/tools/bin/../lib/gcc/arm-none-eabi/12.3.1/../../../../arm-none-eabi/lib/thumb/v8-m.main+fp/hard\libcr_nohost_nf.a
LOAD c:/nxp/mcuxpressoide_11.9.1_2170/ide/plugins/com.nxp.mcuxpresso.tools.win32_11.9.1.202402080819/tools/bin/../lib/gcc/arm-none-eabi/12.3.1/../../../../arm-none-eabi/lib/thumb/v8-m.main+fp/hard\libcr_c.a
LOAD c:/nxp/mcuxpressoide_11.9.1_2170/ide/plugins/com.nxp.mcuxpresso.tools.win32_11.9.1.202402080819/tools/bin/../lib/gcc/arm-none-eabi/12.3.1/thumb/v8-m.main+fp/hard\libcr_eabihelpers.a
LOAD c:/nxp/mcuxpressoide_11.9.1_2170/ide/plugins/com.nxp.mcuxpresso.tools.win32_11.9.1.202402080819/tools/bin/../lib/gcc/arm-none-eabi/12.3.1/thumb/v8-m.main+fp/hard\libgcc.a
END GROUP
                0x00000000                        __base_PROGRAM_FLASH0 = 0x0
                0x00000000                        __base_Flash = 0x0
                0x00100000                        __top_PROGRAM_FLASH0 = 0x100000
                0x00100000                        __top_Flash = 0x100000
                0x00100000                        __base_PROGRAM_FLASH1 = 0x100000
                0x00100000                        __base_Flash2 = 0x100000
                0x00200000                        __top_PROGRAM_FLASH1 = 0x200000
                0x00200000                        __top_Flash2 = 0x200000
                0x20000000                        __base_SRAM = 0x20000000
                0x20000000                        __base_RAM = 0x20000000
                0x20060000                        __top_SRAM = 0x20060000
                0x20060000                        __top_RAM = 0x20060000
                0x04000000                        __base_SRAMX = 0x4000000
                0x04000000                        __base_RAM2 = 0x4000000
                0x04018000                        __top_SRAMX = 0x4018000
                0x04018000                        __top_RAM2 = 0x4018000
                0x20060000                        __base_SRAMH = 0x20060000
                0x20060000                        __base_RAM3 = 0x20060000
                0x20068000                        __top_SRAMH = 0x20068000
                0x20068000                        __top_RAM3 = 0x20068000
                0x400ba000                        __base_USB_RAM = 0x400ba000
                0x400ba000                        __base_RAM4 = 0x400ba000
                0x400bb000                        __top_USB_RAM = 0x400bb000
                0x400bb000                        __top_RAM4 = 0x400bb000

.text_Flash2    0x00100000        0x0
 FILL mask 0xff
 *(SORT_BY_ALIGNMENT(.text_Flash2))
 *(SORT_BY_ALIGNMENT(.text_PROGRAM_FLASH1))
 *(SORT_BY_ALIGNMENT(.text.$Flash2))
 *(SORT_BY_ALIGNMENT(.text.$PROGRAM_FLASH1))
 *(SORT_BY_ALIGNMENT(.text_Flash2.*))
 *(SORT_BY_ALIGNMENT(.text_PROGRAM_FLASH1.*))
 *(SORT_BY_ALIGNMENT(.text.$Flash2.*))
 *(SORT_BY_ALIGNMENT(.text.$PROGRAM_FLASH1.*))
 *(SORT_BY_ALIGNMENT(.rodata.$Flash2))
 *(SORT_BY_ALIGNMENT(.rodata.$PROGRAM_FLASH1))
 *(SORT_BY_ALIGNMENT(.rodata.$Flash2.*))
 *(SORT_BY_ALIGNMENT(.rodata.$PROGRAM_FLASH1.*))

.text           0x00000000     0x77f4
 FILL mask 0xff
                0x00000000                        __vectors_start__ = ABSOLUTE (.)
 *(SORT_BY_ALIGNMENT(.isr_vector))
 .isr_vector    0x00000000      0x2b0 ./startup/startup_mcxn947_cm33_core0.o
                0x00000000                g_pfnVectors
                0x00000000                __Vectors
                0x000002b0                        . = ALIGN (0x4)
                0x000002b0                        __section_table_start = .
                0x000002b0                        __data_section_table = .
                0x000002b0        0x4 LONG 0x77f4 LOADADDR (.data)
                0x000002b4        0x4 LONG 0x20000000 ADDR (.data)
                0x000002b8        0x4 LONG 0x48 SIZEOF (.data)
                0x000002bc        0x4 LONG 0x77f4 LOADADDR (.data_RAM2)
                0x000002c0        0x4 LONG 0x4000000 ADDR (.data_RAM2)
                0x000002c4        0x4 LONG 0x0 SIZEOF (.data_RAM2)
                0x000002c8        0x4 LONG 0x77f4 LOADADDR (.data_RAM3)
                0x000002cc        0x4 LONG 0x20060000 ADDR (.data_RAM3)
                0x000002d0        0x4 LONG 0x0 SIZEOF (.data_RAM3)
                0x000002d4        0x4 LONG 0x77f4 LOADADDR (.data_RAM4)
                0x000002d8        0x4 LONG 0x400ba000 ADDR (.data_RAM4)
                0x000002dc        0x4 LONG 0x0 SIZEOF (.data_RAM4)
                0x000002e0                        __data_section_table_end = .
                0x000002e0                        __bss_section_table = .
                0x000002e0        0x4 LONG 0x20000048 ADDR (.bss)
                0x000002e4        0x4 LONG 0x33c SIZEOF (.bss)
                0x000002e8        0x4 LONG 0x4000000 ADDR (.bss_RAM2)
                0x000002ec        0x4 LONG 0x0 SIZEOF (.bss_RAM2)
                0x000002f0        0x4 LONG 0x20060000 ADDR (.bss_RAM3)
                0x000002f4        0x4 LONG 0x0 SIZEOF (.bss_RAM3)
                0x000002f8        0x4 LONG 0x400ba000 ADDR (.bss_RAM4)
                0x000002fc        0x4 LONG 0x0 SIZEOF (.bss_RAM4)
                0x00000300                        __bss_section_table_end = .
                0x00000300                        __section_table_end = .
 *(SORT_BY_ALIGNMENT(.after_vectors*))
 .after_vectors.reset
                0x00000300       0x68 ./startup/startup_mcxn947_cm33_core0.o
                0x00000300                ResetISR
 .after_vectors.init_data
                0x00000368       0x1e ./startup/startup_mcxn947_cm33_core0.o
                0x00000368                data_init
 .after_vectors.init_bss
                0x00000386       0x12 ./startup/startup_mcxn947_cm33_core0.o
                0x00000386                bss_init
 .after_vectors
                0x00000398       0x16 ./startup/startup_mcxn947_cm33_core0.o
                0x00000398                NMI_Handler
                0x0000039c                MemManage_Handler
                0x0000039e                BusFault_Handler
                0x000003a0                UsageFault_Handler
                0x000003a2                SecureFault_Handler
                0x000003a4                SVC_Handler
                0x000003a6                DebugMon_Handler
                0x000003a8                PendSV_Handler
                0x000003aa                SysTick_Handler
                0x000003ac                CMC0_DriverIRQHandler
                0x000003ac                PKC_ERR_DriverIRQHandler
                0x000003ac                SCG_DriverIRQHandler
                0x000003ac                FLEXPWM1_SUBMODULE1_DriverIRQHandler
                0x000003ac                FLEXPWM0_SUBMODULE1_DriverIRQHandler
                0x000003ac                LPTMR0_DriverIRQHandler
                0x000003ac                ENC0_IDX_DriverIRQHandler
                0x000003ac                I3C0_DriverIRQHandler
                0x000003ac                FLEXPWM0_RELOAD_ERROR_DriverIRQHandler
                0x000003ac                TRNG0_DriverIRQHandler
                0x000003ac                SEC_VIO_DriverIRQHandler
                0x000003ac                ERM_MULTI_BIT_ERROR_DriverIRQHandler
                0x000003ac                GPIO31_DriverIRQHandler
                0x000003ac                EWM0_DriverIRQHandler
                0x000003ac                PKC_DriverIRQHandler
                0x000003ac                USB1_HS_PHY_DriverIRQHandler
                0x000003ac                ELS_DriverIRQHandler
                0x000003ac                ETHERNET_DriverIRQHandler
                0x000003ac                FLEXPWM1_SUBMODULE3_DriverIRQHandler
                0x000003ac                DAC1_DriverIRQHandler
                0x000003ac                CTIMER2_DriverIRQHandler
                0x000003ac                EMVSIM0_DriverIRQHandler
                0x000003ac                ITRC0_DriverIRQHandler
                0x000003ac                ETB0_DriverIRQHandler
                0x000003ac                Freqme_DriverIRQHandler
                0x000003ac                Reserved80_DriverIRQHandler
                0x000003ac                IntDefaultHandler
                0x000003ac                ELS_ERR_DriverIRQHandler
                0x000003ac                FLEXIO_DriverIRQHandler
                0x000003ac                DAC0_DriverIRQHandler
                0x000003ac                MRT0_DriverIRQHandler
                0x000003ac                USB0_FS_DriverIRQHandler
                0x000003ac                FLEXPWM0_SUBMODULE2_DriverIRQHandler
                0x000003ac                GPIO01_DriverIRQHandler
                0x000003ac                WWDT0_DriverIRQHandler
                0x000003ac                USDHC0_DriverIRQHandler
                0x000003ac                GPIO00_DriverIRQHandler
                0x000003ac                GPIO11_DriverIRQHandler
                0x000003ac                CTIMER4_DriverIRQHandler
                0x000003ac                BSP32_DriverIRQHandler
                0x000003ac                FLEXPWM0_FAULT_DriverIRQHandler
                0x000003ac                SAI1_DriverIRQHandler
                0x000003ac                ERM_SINGLE_BIT_ERROR_DriverIRQHandler
                0x000003ac                GPIO21_DriverIRQHandler
                0x000003ac                FLEXPWM1_FAULT_DriverIRQHandler
                0x000003ac                GPIO30_DriverIRQHandler
                0x000003ac                CTIMER0_DriverIRQHandler
                0x000003ac                CTIMER1_DriverIRQHandler
                0x000003ac                WWDT1_DriverIRQHandler
                0x000003ac                ADC1_DriverIRQHandler
                0x000003ac                ENC0_HOME_DriverIRQHandler
                0x000003ac                PQ_DriverIRQHandler
                0x000003ac                ETHERNET_MACLP_DriverIRQHandler
                0x000003ac                USB0_DCD_DriverIRQHandler
                0x000003ac                MAILBOX_DriverIRQHandler
                0x000003ac                WUU_DriverIRQHandler
                0x000003ac                CTIMER3_DriverIRQHandler
                0x000003ac                FLEXPWM1_SUBMODULE0_DriverIRQHandler
                0x000003ac                SM3_DriverIRQHandler
                0x000003ac                CDOG1_DriverIRQHandler
                0x000003ac                TSI_OUT_OF_SCAN_DriverIRQHandler
                0x000003ac                ENC0_WDG_SAB_DriverIRQHandler
                0x000003ac                PUF_DriverIRQHandler
                0x000003ac                SPC_DriverIRQHandler
                0x000003ac                RTC_DriverIRQHandler
                0x000003ac                VBAT0_DriverIRQHandler
                0x000003ac                Reserved65_DriverIRQHandler
                0x000003ac                HSCMP2_DriverIRQHandler
                0x000003ac                PINT0_DriverIRQHandler
                0x000003ac                PDM_EVENT_DriverIRQHandler
                0x000003ac                UTICK0_DriverIRQHandler
                0x000003ac                ETHERNET_PMT_DriverIRQHandler
                0x000003ac                FLEXPWM1_RELOAD_ERROR_DriverIRQHandler
                0x000003ac                FMU0_DriverIRQHandler
                0x000003ac                LPTMR1_DriverIRQHandler
                0x000003ac                GPIO40_DriverIRQHandler
                0x000003ac                CTI0_DriverIRQHandler
                0x000003ac                FLEXPWM1_SUBMODULE2_DriverIRQHandler
                0x000003ac                ENC1_HOME_DriverIRQHandler
                0x000003ac                GPIO20_DriverIRQHandler
                0x000003ac                GDET_DriverIRQHandler
                0x000003ac                PORT_EFT_DriverIRQHandler
                0x000003ac                Reserved85_DriverIRQHandler
                0x000003ac                Reserved81_DriverIRQHandler
                0x000003ac                TSI_END_OF_SCAN_DriverIRQHandler
                0x000003ac                ENC1_IDX_DriverIRQHandler
                0x000003ac                FLEXPWM0_SUBMODULE3_DriverIRQHandler
                0x000003ac                ADC0_DriverIRQHandler
                0x000003ac                OR_DriverIRQHandler
                0x000003ac                USB1_HS_DriverIRQHandler
                0x000003ac                DAC2_DriverIRQHandler
                0x000003ac                GPIO51_DriverIRQHandler
                0x000003ac                HSCMP0_DriverIRQHandler
                0x000003ac                CDOG0_DriverIRQHandler
                0x000003ac                CAN0_DriverIRQHandler
                0x000003ac                SMARTDMA_DriverIRQHandler
                0x000003ac                SAI0_DriverIRQHandler
                0x000003ac                EMVSIM1_DriverIRQHandler
                0x000003ac                I3C1_DriverIRQHandler
                0x000003ac                ENC0_COMPARE_DriverIRQHandler
                0x000003ac                HSCMP1_DriverIRQHandler
                0x000003ac                FLEXSPI0_DriverIRQHandler
                0x000003ac                GPIO50_DriverIRQHandler
                0x000003ac                GPIO10_DriverIRQHandler
                0x000003ac                SCT0_DriverIRQHandler
                0x000003ac                CAN1_DriverIRQHandler
                0x000003ac                ENC1_COMPARE_DriverIRQHandler
                0x000003ac                PLU_DriverIRQHandler
                0x000003ac                FLEXPWM0_SUBMODULE0_DriverIRQHandler
                0x000003ac                OS_EVENT_DriverIRQHandler
                0x000003ac                ENC1_WDG_SAB_DriverIRQHandler
                0x000003ac                SINC_FILTER_DriverIRQHandler
                0x000003ac                NPU_DriverIRQHandler
                0x000003ac                GPIO41_DriverIRQHandler
                0x000003ac                SEC_HYPERVISOR_CALL_DriverIRQHandler
 *(SORT_BY_ALIGNMENT(.text*))
 *fill*         0x000003ae        0x2 ff
 .text.__assertion_failed
                0x000003b0       0x18 ./utilities/fsl_assert.o
                0x000003b0                __assertion_failed
 .text.DbgConsole_Init
                0x000003c8       0x88 ./utilities/fsl_debug_console.o
                0x000003c8                DbgConsole_Init
 .text.DbgConsole_Vprintf
                0x00000450       0x3c ./utilities/fsl_debug_console.o
                0x00000450                DbgConsole_Vprintf
 .text.DbgConsole_Putchar
                0x0000048c       0x30 ./utilities/fsl_debug_console.o
                0x0000048c                DbgConsole_Putchar
 .text.DbgConsole_PrintfFormattedData
                0x000004bc      0x3e0 ./utilities/fsl_debug_console.o
 .text          0x0000089c       0xa0 ./utilities/fsl_memcpy.o
                0x0000089c                memcpy
 .text.EDMA_SetChannelMux
                0x0000093c       0x38 ./source/cmsis_usart_edma_transfer.o
 .text.delay    0x00000974       0x30 ./source/cmsis_usart_edma_transfer.o
                0x00000974                delay
 .text.USART_Callback
                0x000009a4       0x48 ./source/cmsis_usart_edma_transfer.o
                0x000009a4                USART_Callback
 .text.main     0x000009ec       0xb0 ./source/cmsis_usart_edma_transfer.o
                0x000009ec                main
 .text.CLOCK_IsPLL0Locked
                0x00000a9c       0x28 ./drivers/fsl_clock.o
 .text.CLOCK_IsPLL1Locked
                0x00000ac4       0x28 ./drivers/fsl_clock.o
 .text.CLOCK_SetupFROHFClocking
                0x00000aec       0x9c ./drivers/fsl_clock.o
                0x00000aec                CLOCK_SetupFROHFClocking
 .text.CLOCK_SetPll0MonitorMode
                0x00000b88       0x38 ./drivers/fsl_clock.o
                0x00000b88                CLOCK_SetPll0MonitorMode
 .text.CLOCK_AttachClk
                0x00000bc0       0xb0 ./drivers/fsl_clock.o
                0x00000bc0                CLOCK_AttachClk
 .text.CLOCK_SetClkDiv
                0x00000c70       0x54 ./drivers/fsl_clock.o
                0x00000c70                CLOCK_SetClkDiv
 .text.CLOCK_GetLPFlexCommClkFreq
                0x00000cc4       0xa0 ./drivers/fsl_clock.o
                0x00000cc4                CLOCK_GetLPFlexCommClkFreq
 .text.CLOCK_GetPLL0InClockRate
                0x00000d64       0x58 ./drivers/fsl_clock.o
                0x00000d64                CLOCK_GetPLL0InClockRate
 .text.CLOCK_GetPLL1InClockRate
                0x00000dbc       0x58 ./drivers/fsl_clock.o
                0x00000dbc                CLOCK_GetPLL1InClockRate
 .text.CLOCK_SetPLL0Freq
                0x00000e14      0x10c ./drivers/fsl_clock.o
                0x00000e14                CLOCK_SetPLL0Freq
 .text.CLOCK_GetFro12MFreq
                0x00000f20       0x2c ./drivers/fsl_clock.o
 .text.CLOCK_GetClk1MFreq
                0x00000f4c       0x14 ./drivers/fsl_clock.o
 .text.CLOCK_GetFroHfFreq
                0x00000f60       0x4c ./drivers/fsl_clock.o
 .text.CLOCK_GetClk48MFreq
                0x00000fac       0x2c ./drivers/fsl_clock.o
 .text.CLOCK_GetClk16KFreq
                0x00000fd8       0x44 ./drivers/fsl_clock.o
 .text.CLOCK_GetExtClkFreq
                0x0000101c       0x2c ./drivers/fsl_clock.o
 .text.CLOCK_GetOsc32KFreq
                0x00001048       0x4c ./drivers/fsl_clock.o
 .text.CLOCK_GetLposcFreq
                0x00001094       0x48 ./drivers/fsl_clock.o
 .text.findPll0PreDiv
                0x000010dc       0x40 ./drivers/fsl_clock.o
 .text.findPll1PreDiv
                0x0000111c       0x40 ./drivers/fsl_clock.o
 .text.findPll0PostDiv
                0x0000115c       0x60 ./drivers/fsl_clock.o
 .text.findPll1PostDiv
                0x000011bc       0x60 ./drivers/fsl_clock.o
 .text.findPll0MMult
                0x0000121c       0xac ./drivers/fsl_clock.o
 .text.findPll1MMult
                0x000012c8       0xac ./drivers/fsl_clock.o
 .text.__NVIC_EnableIRQ
                0x00001374       0x3c ./drivers/fsl_edma.o
 .text.EDMA_SetChannelMux
                0x000013b0       0x38 ./drivers/fsl_edma.o
 .text.EDMA_EnableChannelMasterIDReplication
                0x000013e8       0x70 ./drivers/fsl_edma.o
 .text.EDMA_SetChannelSecurityLevel
                0x00001458       0x70 ./drivers/fsl_edma.o
 .text.EDMA_SetChannelProtectionLevel
                0x000014c8       0x70 ./drivers/fsl_edma.o
 .text.EDMA_GetInstance
                0x00001538       0x4c ./drivers/fsl_edma.o
 .text.EDMA_InstallTCD
                0x00001584      0x108 ./drivers/fsl_edma.o
                0x00001584                EDMA_InstallTCD
 .text.EDMA_Init
                0x0000168c       0xdc ./drivers/fsl_edma.o
                0x0000168c                EDMA_Init
 .text.EDMA_InitChannel
                0x00001768       0x70 ./drivers/fsl_edma.o
                0x00001768                EDMA_InitChannel
 .text.EDMA_GetDefaultConfig
                0x000017d8       0x48 ./drivers/fsl_edma.o
                0x000017d8                EDMA_GetDefaultConfig
 .text.EDMA_SetChannelPreemptionConfig
                0x00001820       0x6c ./drivers/fsl_edma.o
                0x00001820                EDMA_SetChannelPreemptionConfig
 .text.EDMA_TcdReset
                0x0000188c       0x78 ./drivers/fsl_edma.o
                0x0000188c                EDMA_TcdReset
 .text.EDMA_TcdSetTransferConfig
                0x00001904       0x74 ./drivers/fsl_edma.o
                0x00001904                EDMA_TcdSetTransferConfig
 .text.EDMA_ConfigChannelSoftwareTCD
                0x00001978      0x3a8 ./drivers/fsl_edma.o
                0x00001978                EDMA_ConfigChannelSoftwareTCD
 .text.EDMA_GetRemainingMajorLoopCount
                0x00001d20       0x88 ./drivers/fsl_edma.o
                0x00001d20                EDMA_GetRemainingMajorLoopCount
 .text.EDMA_CreateHandle
                0x00001da8       0xec ./drivers/fsl_edma.o
                0x00001da8                EDMA_CreateHandle
 .text.EDMA_SetCallback
                0x00001e94       0x30 ./drivers/fsl_edma.o
                0x00001e94                EDMA_SetCallback
 .text.EDMA_TransferWidthMapping
                0x00001ec4       0xd4 ./drivers/fsl_edma.o
 .text.EDMA_PrepareTransferConfig
                0x00001f98      0x15c ./drivers/fsl_edma.o
                0x00001f98                EDMA_PrepareTransferConfig
 .text.EDMA_PrepareTransfer
                0x000020f4       0xa4 ./drivers/fsl_edma.o
                0x000020f4                EDMA_PrepareTransfer
 .text.EDMA_SubmitTransfer
                0x00002198      0x28c ./drivers/fsl_edma.o
                0x00002198                EDMA_SubmitTransfer
 .text.EDMA_StartTransfer
                0x00002424       0x98 ./drivers/fsl_edma.o
                0x00002424                EDMA_StartTransfer
 .text.EDMA_StopTransfer
                0x000024bc       0x34 ./drivers/fsl_edma.o
                0x000024bc                EDMA_StopTransfer
 .text.EDMA_HandleIRQ
                0x000024f0      0x1a4 ./drivers/fsl_edma.o
                0x000024f0                EDMA_HandleIRQ
 .text.EDMA_DriverIRQHandler
                0x00002694       0x4c ./drivers/fsl_edma.o
                0x00002694                EDMA_DriverIRQHandler
 .text.LP_FLEXCOMM_GetInterruptStatus
                0x000026e0       0x28 ./drivers/fsl_lpflexcomm.o
                0x000026e0                LP_FLEXCOMM_GetInterruptStatus
 .text.LP_FLEXCOMM_SetPeriph
                0x00002708       0x94 ./drivers/fsl_lpflexcomm.o
 .text.LP_FLEXCOMM_Init
                0x0000279c       0x58 ./drivers/fsl_lpflexcomm.o
                0x0000279c                LP_FLEXCOMM_Init
 .text.LP_FLEXCOMM_Deinit
                0x000027f4       0x44 ./drivers/fsl_lpflexcomm.o
                0x000027f4                LP_FLEXCOMM_Deinit
 .text.LP_FLEXCOMM_SetIRQHandler
                0x00002838       0x70 ./drivers/fsl_lpflexcomm.o
                0x00002838                LP_FLEXCOMM_SetIRQHandler
 .text.LP_FLEXCOMM_CommonIRQHandler
                0x000028a8       0xb8 ./drivers/fsl_lpflexcomm.o
 .text.LPUART_GetInstance
                0x00002960       0x4c ./drivers/fsl_lpuart.o
                0x00002960                LPUART_GetInstance
 .text.LPUART_Init
                0x000029ac      0x3c4 ./drivers/fsl_lpuart.o
                0x000029ac                LPUART_Init
 .text.LPUART_Deinit
                0x00002d70       0x64 ./drivers/fsl_lpuart.o
                0x00002d70                LPUART_Deinit
 .text.LPUART_GetDefaultConfig
                0x00002dd4       0x8c ./drivers/fsl_lpuart.o
                0x00002dd4                LPUART_GetDefaultConfig
 .text.LPUART_EnableInterrupts
                0x00002e60       0xc8 ./drivers/fsl_lpuart.o
                0x00002e60                LPUART_EnableInterrupts
 .text.LPUART_DisableInterrupts
                0x00002f28       0xd4 ./drivers/fsl_lpuart.o
                0x00002f28                LPUART_DisableInterrupts
 .text.LPUART_GetStatusFlags
                0x00002ffc       0x60 ./drivers/fsl_lpuart.o
                0x00002ffc                LPUART_GetStatusFlags
 .text.LPUART_ClearStatusFlags
                0x0000305c       0x94 ./drivers/fsl_lpuart.o
                0x0000305c                LPUART_ClearStatusFlags
 .text.LPUART_WriteBlocking
                0x000030f0       0x68 ./drivers/fsl_lpuart.o
                0x000030f0                LPUART_WriteBlocking
 .text.LPUART_ReadBlocking
                0x00003158      0x160 ./drivers/fsl_lpuart.o
                0x00003158                LPUART_ReadBlocking
 .text.LPUARTx_GetVersion
                0x000032b8       0x2c ./drivers/fsl_lpuart_cmsis.o
 .text.LPUART_EdmaPowerControl
                0x000032e4      0x114 ./drivers/fsl_lpuart_cmsis.o
 .text.LPUART4_EdmaInitialize
                0x000033f8       0x24 ./drivers/fsl_lpuart_cmsis.o
 .text.LPUART4_EdmaUninitialize
                0x0000341c       0x18 ./drivers/fsl_lpuart_cmsis.o
 .text.LPUART4_EdmaPowerControl
                0x00003434       0x24 ./drivers/fsl_lpuart_cmsis.o
 .text.LPUART4_EdmaSend
                0x00003458       0x24 ./drivers/fsl_lpuart_cmsis.o
 .text.LPUART4_EdmaReceive
                0x0000347c       0x24 ./drivers/fsl_lpuart_cmsis.o
 .text.LPUART4_EdmaTransfer
                0x000034a0       0x28 ./drivers/fsl_lpuart_cmsis.o
 .text.LPUART4_EdmaGetTxCount
                0x000034c8       0x14 ./drivers/fsl_lpuart_cmsis.o
 .text.LPUART4_EdmaGetRxCount
                0x000034dc       0x14 ./drivers/fsl_lpuart_cmsis.o
 .text.LPUART4_EdmaControl
                0x000034f0       0x24 ./drivers/fsl_lpuart_cmsis.o
 .text.LPUART4_EdmaGetStatus
                0x00003514       0x14 ./drivers/fsl_lpuart_cmsis.o
 .text.__NVIC_EnableIRQ
                0x00003528       0x3c ./drivers/fsl_lpuart_edma.o
 .text.LPUART_SendEDMACallback
                0x00003564       0x54 ./drivers/fsl_lpuart_edma.o
 .text.LPUART_ReceiveEDMACallback
                0x000035b8       0x68 ./drivers/fsl_lpuart_edma.o
 .text.LPUART_TransferCreateHandleEDMA
                0x00003620       0xf8 ./drivers/fsl_lpuart_edma.o
                0x00003620                LPUART_TransferCreateHandleEDMA
 .text.LPUART_SendEDMA
                0x00003718       0xf0 ./drivers/fsl_lpuart_edma.o
                0x00003718                LPUART_SendEDMA
 .text.LPUART_ReceiveEDMA
                0x00003808       0xf0 ./drivers/fsl_lpuart_edma.o
                0x00003808                LPUART_ReceiveEDMA
 .text.LPUART_TransferAbortSendEDMA
                0x000038f8       0x4c ./drivers/fsl_lpuart_edma.o
                0x000038f8                LPUART_TransferAbortSendEDMA
 .text.LPUART_TransferAbortReceiveEDMA
                0x00003944       0x4c ./drivers/fsl_lpuart_edma.o
                0x00003944                LPUART_TransferAbortReceiveEDMA
 .text.LPUART_TransferGetReceiveCountEDMA
                0x00003990       0x80 ./drivers/fsl_lpuart_edma.o
                0x00003990                LPUART_TransferGetReceiveCountEDMA
 .text.LPUART_TransferGetSendCountEDMA
                0x00003a10       0x80 ./drivers/fsl_lpuart_edma.o
                0x00003a10                LPUART_TransferGetSendCountEDMA
 .text.LPUART_TransferEdmaHandleIRQ
                0x00003a90       0x80 ./drivers/fsl_lpuart_edma.o
                0x00003a90                LPUART_TransferEdmaHandleIRQ
 .text.RESET_SetPeripheralReset
                0x00003b10       0x64 ./drivers/fsl_reset.o
                0x00003b10                RESET_SetPeripheralReset
 .text.RESET_ClearPeripheralReset
                0x00003b74       0x64 ./drivers/fsl_reset.o
                0x00003b74                RESET_ClearPeripheralReset
 .text.SPC_SetSRAMOperateVoltage
                0x00003bd8       0x64 ./drivers/fsl_spc.o
                0x00003bd8                SPC_SetSRAMOperateVoltage
 .text.SPC_SetActiveModeCoreLDORegulatorConfig
                0x00003c3c       0xbc ./drivers/fsl_spc.o
                0x00003c3c                SPC_SetActiveModeCoreLDORegulatorConfig
 .text.SPC_SetActiveModeDCDCRegulatorConfig
                0x00003cf8       0x68 ./drivers/fsl_spc.o
                0x00003cf8                SPC_SetActiveModeDCDCRegulatorConfig
 .text.SystemInit
                0x00003d60      0x114 ./device/system_MCXN947_cm33_core0.o
                0x00003d60                SystemInit
 .text.HAL_UartInitCommon
                0x00003e74       0xe4 ./component/uart/fsl_adapter_lpuart.o
 .text.HAL_UartInit
                0x00003f58       0x84 ./component/uart/fsl_adapter_lpuart.o
                0x00003f58                HAL_UartInit
 .text.HAL_UartReceiveBlocking
                0x00003fdc       0x6c ./component/uart/fsl_adapter_lpuart.o
                0x00003fdc                HAL_UartReceiveBlocking
 .text.HAL_UartSendBlocking
                0x00004048       0x64 ./component/uart/fsl_adapter_lpuart.o
                0x00004048                HAL_UartSendBlocking
 .text.BOARD_InitDebugConsole
                0x000040ac       0x38 ./board/board.o
                0x000040ac                BOARD_InitDebugConsole
 .text.BOARD_BootClockPLL150M
                0x000040e4       0xd8 ./board/clock_config.o
                0x000040e4                BOARD_BootClockPLL150M
 .text.PORT_SetPinConfig
                0x000041bc       0x38 ./board/pin_mux.o
 .text.LPUART4_InitPins
                0x000041f4       0x5c ./board/pin_mux.o
                0x000041f4                LPUART4_InitPins
 .text.LPUART4_DeinitPins
                0x00004250       0x48 ./board/pin_mux.o
                0x00004250                LPUART4_DeinitPins
 .text._initio  0x00004298       0x78 c:/nxp/mcuxpressoide_11.9.1_2170/ide/plugins/com.nxp.mcuxpresso.tools.win32_11.9.1.202402080819/tools/bin/../lib/gcc/arm-none-eabi/12.3.1/../../../../arm-none-eabi/lib/thumb/v8-m.main+fp/hard\libcr_c.a(initio.o)
                0x00004298                _initio
 .text._Cwritebuf
                0x00004310       0x6c c:/nxp/mcuxpressoide_11.9.1_2170/ide/plugins/com.nxp.mcuxpresso.tools.win32_11.9.1.202402080819/tools/bin/../lib/gcc/arm-none-eabi/12.3.1/../../../../arm-none-eabi/lib/thumb/v8-m.main+fp/hard\libcr_c.a(_writebuf.o)
                0x00004310                _Cwritebuf
 .text.fflush   0x0000437c       0x3c c:/nxp/mcuxpressoide_11.9.1_2170/ide/plugins/com.nxp.mcuxpresso.tools.win32_11.9.1.202402080819/tools/bin/../lib/gcc/arm-none-eabi/12.3.1/../../../../arm-none-eabi/lib/thumb/v8-m.main+fp/hard\libcr_c.a(fflush.o)
                0x0000437c                fflush
 .text.fseek    0x000043b8       0xf8 c:/nxp/mcuxpressoide_11.9.1_2170/ide/plugins/com.nxp.mcuxpresso.tools.win32_11.9.1.202402080819/tools/bin/../lib/gcc/arm-none-eabi/12.3.1/../../../../arm-none-eabi/lib/thumb/v8-m.main+fp/hard\libcr_c.a(fseek.o)
                0x000043b8                fseek
 .text.ftell    0x000044b0       0x44 c:/nxp/mcuxpressoide_11.9.1_2170/ide/plugins/com.nxp.mcuxpresso.tools.win32_11.9.1.202402080819/tools/bin/../lib/gcc/arm-none-eabi/12.3.1/../../../../arm-none-eabi/lib/thumb/v8-m.main+fp/hard\libcr_c.a(ftell.o)
                0x000044b0                ftell
 .text.DbgConsole_Printf
                0x000044f4       0x2c ./utilities/fsl_debug_console.o
                0x000044f4                DbgConsole_Printf
 .text.DbgConsole_PrintfPaddingCharacter
                0x00004520       0x40 ./utilities/fsl_debug_console.o
 .text.DbgConsole_ConvertRadixNumToString
                0x00004560       0xc2 ./utilities/fsl_debug_console.o
 .text.OR_IRQHandler
                0x00004622        0x8 ./startup/startup_mcxn947_cm33_core0.o
                0x00004622                OR_IRQHandler
 .text.EDMA_0_CH0_IRQHandler
                0x0000462a        0x8 ./startup/startup_mcxn947_cm33_core0.o
                0x0000462a                EDMA_0_CH0_IRQHandler
 .text.EDMA_0_CH1_IRQHandler
                0x00004632        0x8 ./startup/startup_mcxn947_cm33_core0.o
                0x00004632                EDMA_0_CH1_IRQHandler
 .text.EDMA_0_CH2_IRQHandler
                0x0000463a        0x8 ./startup/startup_mcxn947_cm33_core0.o
                0x0000463a                EDMA_0_CH2_IRQHandler
 .text.EDMA_0_CH3_IRQHandler
                0x00004642        0x8 ./startup/startup_mcxn947_cm33_core0.o
                0x00004642                EDMA_0_CH3_IRQHandler
 .text.EDMA_0_CH4_IRQHandler
                0x0000464a        0x8 ./startup/startup_mcxn947_cm33_core0.o
                0x0000464a                EDMA_0_CH4_IRQHandler
 .text.EDMA_0_CH5_IRQHandler
                0x00004652        0x8 ./startup/startup_mcxn947_cm33_core0.o
                0x00004652                EDMA_0_CH5_IRQHandler
 .text.EDMA_0_CH6_IRQHandler
                0x0000465a        0x8 ./startup/startup_mcxn947_cm33_core0.o
                0x0000465a                EDMA_0_CH6_IRQHandler
 .text.EDMA_0_CH7_IRQHandler
                0x00004662        0x8 ./startup/startup_mcxn947_cm33_core0.o
                0x00004662                EDMA_0_CH7_IRQHandler
 .text.EDMA_0_CH8_IRQHandler
                0x0000466a        0x8 ./startup/startup_mcxn947_cm33_core0.o
                0x0000466a                EDMA_0_CH8_IRQHandler
 .text.EDMA_0_CH9_IRQHandler
                0x00004672        0x8 ./startup/startup_mcxn947_cm33_core0.o
                0x00004672                EDMA_0_CH9_IRQHandler
 .text.EDMA_0_CH10_IRQHandler
                0x0000467a        0x8 ./startup/startup_mcxn947_cm33_core0.o
                0x0000467a                EDMA_0_CH10_IRQHandler
 .text.EDMA_0_CH11_IRQHandler
                0x00004682        0x8 ./startup/startup_mcxn947_cm33_core0.o
                0x00004682                EDMA_0_CH11_IRQHandler
 .text.EDMA_0_CH12_IRQHandler
                0x0000468a        0x8 ./startup/startup_mcxn947_cm33_core0.o
                0x0000468a                EDMA_0_CH12_IRQHandler
 .text.EDMA_0_CH13_IRQHandler
                0x00004692        0x8 ./startup/startup_mcxn947_cm33_core0.o
                0x00004692                EDMA_0_CH13_IRQHandler
 .text.EDMA_0_CH14_IRQHandler
                0x0000469a        0x8 ./startup/startup_mcxn947_cm33_core0.o
                0x0000469a                EDMA_0_CH14_IRQHandler
 .text.EDMA_0_CH15_IRQHandler
                0x000046a2        0x8 ./startup/startup_mcxn947_cm33_core0.o
                0x000046a2                EDMA_0_CH15_IRQHandler
 .text.GPIO00_IRQHandler
                0x000046aa        0x8 ./startup/startup_mcxn947_cm33_core0.o
                0x000046aa                GPIO00_IRQHandler
 .text.GPIO01_IRQHandler
                0x000046b2        0x8 ./startup/startup_mcxn947_cm33_core0.o
                0x000046b2                GPIO01_IRQHandler
 .text.GPIO10_IRQHandler
                0x000046ba        0x8 ./startup/startup_mcxn947_cm33_core0.o
                0x000046ba                GPIO10_IRQHandler
 .text.GPIO11_IRQHandler
                0x000046c2        0x8 ./startup/startup_mcxn947_cm33_core0.o
                0x000046c2                GPIO11_IRQHandler
 .text.GPIO20_IRQHandler
                0x000046ca        0x8 ./startup/startup_mcxn947_cm33_core0.o
                0x000046ca                GPIO20_IRQHandler
 .text.GPIO21_IRQHandler
                0x000046d2        0x8 ./startup/startup_mcxn947_cm33_core0.o
                0x000046d2                GPIO21_IRQHandler
 .text.GPIO30_IRQHandler
                0x000046da        0x8 ./startup/startup_mcxn947_cm33_core0.o
                0x000046da                GPIO30_IRQHandler
 .text.GPIO31_IRQHandler
                0x000046e2        0x8 ./startup/startup_mcxn947_cm33_core0.o
                0x000046e2                GPIO31_IRQHandler
 .text.GPIO40_IRQHandler
                0x000046ea        0x8 ./startup/startup_mcxn947_cm33_core0.o
                0x000046ea                GPIO40_IRQHandler
 .text.GPIO41_IRQHandler
                0x000046f2        0x8 ./startup/startup_mcxn947_cm33_core0.o
                0x000046f2                GPIO41_IRQHandler
 .text.GPIO50_IRQHandler
                0x000046fa        0x8 ./startup/startup_mcxn947_cm33_core0.o
                0x000046fa                GPIO50_IRQHandler
 .text.GPIO51_IRQHandler
                0x00004702        0x8 ./startup/startup_mcxn947_cm33_core0.o
                0x00004702                GPIO51_IRQHandler
 .text.UTICK0_IRQHandler
                0x0000470a        0x8 ./startup/startup_mcxn947_cm33_core0.o
                0x0000470a                UTICK0_IRQHandler
 .text.MRT0_IRQHandler
                0x00004712        0x8 ./startup/startup_mcxn947_cm33_core0.o
                0x00004712                MRT0_IRQHandler
 .text.CTIMER0_IRQHandler
                0x0000471a        0x8 ./startup/startup_mcxn947_cm33_core0.o
                0x0000471a                CTIMER0_IRQHandler
 .text.CTIMER1_IRQHandler
                0x00004722        0x8 ./startup/startup_mcxn947_cm33_core0.o
                0x00004722                CTIMER1_IRQHandler
 .text.SCT0_IRQHandler
                0x0000472a        0x8 ./startup/startup_mcxn947_cm33_core0.o
                0x0000472a                SCT0_IRQHandler
 .text.CTIMER2_IRQHandler
                0x00004732        0x8 ./startup/startup_mcxn947_cm33_core0.o
                0x00004732                CTIMER2_IRQHandler
 .text.LP_FLEXCOMM0_IRQHandler
                0x0000473a        0x8 ./startup/startup_mcxn947_cm33_core0.o
                0x0000473a                LP_FLEXCOMM0_IRQHandler
 .text.LP_FLEXCOMM1_IRQHandler
                0x00004742        0x8 ./startup/startup_mcxn947_cm33_core0.o
                0x00004742                LP_FLEXCOMM1_IRQHandler
 .text.LP_FLEXCOMM2_IRQHandler
                0x0000474a        0x8 ./startup/startup_mcxn947_cm33_core0.o
                0x0000474a                LP_FLEXCOMM2_IRQHandler
 .text.LP_FLEXCOMM3_IRQHandler
                0x00004752        0x8 ./startup/startup_mcxn947_cm33_core0.o
                0x00004752                LP_FLEXCOMM3_IRQHandler
 .text.LP_FLEXCOMM4_IRQHandler
                0x0000475a        0x8 ./startup/startup_mcxn947_cm33_core0.o
                0x0000475a                LP_FLEXCOMM4_IRQHandler
 .text.LP_FLEXCOMM5_IRQHandler
                0x00004762        0x8 ./startup/startup_mcxn947_cm33_core0.o
                0x00004762                LP_FLEXCOMM5_IRQHandler
 .text.LP_FLEXCOMM6_IRQHandler
                0x0000476a        0x8 ./startup/startup_mcxn947_cm33_core0.o
                0x0000476a                LP_FLEXCOMM6_IRQHandler
 .text.LP_FLEXCOMM7_IRQHandler
                0x00004772        0x8 ./startup/startup_mcxn947_cm33_core0.o
                0x00004772                LP_FLEXCOMM7_IRQHandler
 .text.LP_FLEXCOMM8_IRQHandler
                0x0000477a        0x8 ./startup/startup_mcxn947_cm33_core0.o
                0x0000477a                LP_FLEXCOMM8_IRQHandler
 .text.LP_FLEXCOMM9_IRQHandler
                0x00004782        0x8 ./startup/startup_mcxn947_cm33_core0.o
                0x00004782                LP_FLEXCOMM9_IRQHandler
 .text.ADC0_IRQHandler
                0x0000478a        0x8 ./startup/startup_mcxn947_cm33_core0.o
                0x0000478a                ADC0_IRQHandler
 .text.ADC1_IRQHandler
                0x00004792        0x8 ./startup/startup_mcxn947_cm33_core0.o
                0x00004792                ADC1_IRQHandler
 .text.PINT0_IRQHandler
                0x0000479a        0x8 ./startup/startup_mcxn947_cm33_core0.o
                0x0000479a                PINT0_IRQHandler
 .text.PDM_EVENT_IRQHandler
                0x000047a2        0x8 ./startup/startup_mcxn947_cm33_core0.o
                0x000047a2                PDM_EVENT_IRQHandler
 .text.Reserved65_IRQHandler
                0x000047aa        0x8 ./startup/startup_mcxn947_cm33_core0.o
                0x000047aa                Reserved65_IRQHandler
 .text.USB0_FS_IRQHandler
                0x000047b2        0x8 ./startup/startup_mcxn947_cm33_core0.o
                0x000047b2                USB0_FS_IRQHandler
 .text.USB0_DCD_IRQHandler
                0x000047ba        0x8 ./startup/startup_mcxn947_cm33_core0.o
                0x000047ba                USB0_DCD_IRQHandler
 .text.RTC_IRQHandler
                0x000047c2        0x8 ./startup/startup_mcxn947_cm33_core0.o
                0x000047c2                RTC_IRQHandler
 .text.SMARTDMA_IRQHandler
                0x000047ca        0x8 ./startup/startup_mcxn947_cm33_core0.o
                0x000047ca                SMARTDMA_IRQHandler
 .text.MAILBOX_IRQHandler
                0x000047d2        0x8 ./startup/startup_mcxn947_cm33_core0.o
                0x000047d2                MAILBOX_IRQHandler
 .text.CTIMER3_IRQHandler
                0x000047da        0x8 ./startup/startup_mcxn947_cm33_core0.o
                0x000047da                CTIMER3_IRQHandler
 .text.CTIMER4_IRQHandler
                0x000047e2        0x8 ./startup/startup_mcxn947_cm33_core0.o
                0x000047e2                CTIMER4_IRQHandler
 .text.OS_EVENT_IRQHandler
                0x000047ea        0x8 ./startup/startup_mcxn947_cm33_core0.o
                0x000047ea                OS_EVENT_IRQHandler
 .text.FLEXSPI0_IRQHandler
                0x000047f2        0x8 ./startup/startup_mcxn947_cm33_core0.o
                0x000047f2                FLEXSPI0_IRQHandler
 .text.SAI0_IRQHandler
                0x000047fa        0x8 ./startup/startup_mcxn947_cm33_core0.o
                0x000047fa                SAI0_IRQHandler
 .text.SAI1_IRQHandler
                0x00004802        0x8 ./startup/startup_mcxn947_cm33_core0.o
                0x00004802                SAI1_IRQHandler
 .text.USDHC0_IRQHandler
                0x0000480a        0x8 ./startup/startup_mcxn947_cm33_core0.o
                0x0000480a                USDHC0_IRQHandler
 .text.CAN0_IRQHandler
                0x00004812        0x8 ./startup/startup_mcxn947_cm33_core0.o
                0x00004812                CAN0_IRQHandler
 .text.CAN1_IRQHandler
                0x0000481a        0x8 ./startup/startup_mcxn947_cm33_core0.o
                0x0000481a                CAN1_IRQHandler
 .text.Reserved80_IRQHandler
                0x00004822        0x8 ./startup/startup_mcxn947_cm33_core0.o
                0x00004822                Reserved80_IRQHandler
 .text.Reserved81_IRQHandler
                0x0000482a        0x8 ./startup/startup_mcxn947_cm33_core0.o
                0x0000482a                Reserved81_IRQHandler
 .text.USB1_HS_PHY_IRQHandler
                0x00004832        0x8 ./startup/startup_mcxn947_cm33_core0.o
                0x00004832                USB1_HS_PHY_IRQHandler
 .text.USB1_HS_IRQHandler
                0x0000483a        0x8 ./startup/startup_mcxn947_cm33_core0.o
                0x0000483a                USB1_HS_IRQHandler
 .text.SEC_HYPERVISOR_CALL_IRQHandler
                0x00004842        0x8 ./startup/startup_mcxn947_cm33_core0.o
                0x00004842                SEC_HYPERVISOR_CALL_IRQHandler
 .text.Reserved85_IRQHandler
                0x0000484a        0x8 ./startup/startup_mcxn947_cm33_core0.o
                0x0000484a                Reserved85_IRQHandler
 .text.PLU_IRQHandler
                0x00004852        0x8 ./startup/startup_mcxn947_cm33_core0.o
                0x00004852                PLU_IRQHandler
 .text.Freqme_IRQHandler
                0x0000485a        0x8 ./startup/startup_mcxn947_cm33_core0.o
                0x0000485a                Freqme_IRQHandler
 .text.SEC_VIO_IRQHandler
                0x00004862        0x8 ./startup/startup_mcxn947_cm33_core0.o
                0x00004862                SEC_VIO_IRQHandler
 .text.ELS_IRQHandler
                0x0000486a        0x8 ./startup/startup_mcxn947_cm33_core0.o
                0x0000486a                ELS_IRQHandler
 .text.PKC_IRQHandler
                0x00004872        0x8 ./startup/startup_mcxn947_cm33_core0.o
                0x00004872                PKC_IRQHandler
 .text.PUF_IRQHandler
                0x0000487a        0x8 ./startup/startup_mcxn947_cm33_core0.o
                0x0000487a                PUF_IRQHandler
 .text.PQ_IRQHandler
                0x00004882        0x8 ./startup/startup_mcxn947_cm33_core0.o
                0x00004882                PQ_IRQHandler
 .text.EDMA_1_CH0_IRQHandler
                0x0000488a        0x8 ./startup/startup_mcxn947_cm33_core0.o
                0x0000488a                EDMA_1_CH0_IRQHandler
 .text.EDMA_1_CH1_IRQHandler
                0x00004892        0x8 ./startup/startup_mcxn947_cm33_core0.o
                0x00004892                EDMA_1_CH1_IRQHandler
 .text.EDMA_1_CH2_IRQHandler
                0x0000489a        0x8 ./startup/startup_mcxn947_cm33_core0.o
                0x0000489a                EDMA_1_CH2_IRQHandler
 .text.EDMA_1_CH3_IRQHandler
                0x000048a2        0x8 ./startup/startup_mcxn947_cm33_core0.o
                0x000048a2                EDMA_1_CH3_IRQHandler
 .text.EDMA_1_CH4_IRQHandler
                0x000048aa        0x8 ./startup/startup_mcxn947_cm33_core0.o
                0x000048aa                EDMA_1_CH4_IRQHandler
 .text.EDMA_1_CH5_IRQHandler
                0x000048b2        0x8 ./startup/startup_mcxn947_cm33_core0.o
                0x000048b2                EDMA_1_CH5_IRQHandler
 .text.EDMA_1_CH6_IRQHandler
                0x000048ba        0x8 ./startup/startup_mcxn947_cm33_core0.o
                0x000048ba                EDMA_1_CH6_IRQHandler
 .text.EDMA_1_CH7_IRQHandler
                0x000048c2        0x8 ./startup/startup_mcxn947_cm33_core0.o
                0x000048c2                EDMA_1_CH7_IRQHandler
 .text.EDMA_1_CH8_IRQHandler
                0x000048ca        0x8 ./startup/startup_mcxn947_cm33_core0.o
                0x000048ca                EDMA_1_CH8_IRQHandler
 .text.EDMA_1_CH9_IRQHandler
                0x000048d2        0x8 ./startup/startup_mcxn947_cm33_core0.o
                0x000048d2                EDMA_1_CH9_IRQHandler
 .text.EDMA_1_CH10_IRQHandler
                0x000048da        0x8 ./startup/startup_mcxn947_cm33_core0.o
                0x000048da                EDMA_1_CH10_IRQHandler
 .text.EDMA_1_CH11_IRQHandler
                0x000048e2        0x8 ./startup/startup_mcxn947_cm33_core0.o
                0x000048e2                EDMA_1_CH11_IRQHandler
 .text.EDMA_1_CH12_IRQHandler
                0x000048ea        0x8 ./startup/startup_mcxn947_cm33_core0.o
                0x000048ea                EDMA_1_CH12_IRQHandler
 .text.EDMA_1_CH13_IRQHandler
                0x000048f2        0x8 ./startup/startup_mcxn947_cm33_core0.o
                0x000048f2                EDMA_1_CH13_IRQHandler
 .text.EDMA_1_CH14_IRQHandler
                0x000048fa        0x8 ./startup/startup_mcxn947_cm33_core0.o
                0x000048fa                EDMA_1_CH14_IRQHandler
 .text.EDMA_1_CH15_IRQHandler
                0x00004902        0x8 ./startup/startup_mcxn947_cm33_core0.o
                0x00004902                EDMA_1_CH15_IRQHandler
 .text.CDOG0_IRQHandler
                0x0000490a        0x8 ./startup/startup_mcxn947_cm33_core0.o
                0x0000490a                CDOG0_IRQHandler
 .text.CDOG1_IRQHandler
                0x00004912        0x8 ./startup/startup_mcxn947_cm33_core0.o
                0x00004912                CDOG1_IRQHandler
 .text.I3C0_IRQHandler
                0x0000491a        0x8 ./startup/startup_mcxn947_cm33_core0.o
                0x0000491a                I3C0_IRQHandler
 .text.I3C1_IRQHandler
                0x00004922        0x8 ./startup/startup_mcxn947_cm33_core0.o
                0x00004922                I3C1_IRQHandler
 .text.NPU_IRQHandler
                0x0000492a        0x8 ./startup/startup_mcxn947_cm33_core0.o
                0x0000492a                NPU_IRQHandler
 .text.GDET_IRQHandler
                0x00004932        0x8 ./startup/startup_mcxn947_cm33_core0.o
                0x00004932                GDET_IRQHandler
 .text.VBAT0_IRQHandler
                0x0000493a        0x8 ./startup/startup_mcxn947_cm33_core0.o
                0x0000493a                VBAT0_IRQHandler
 .text.EWM0_IRQHandler
                0x00004942        0x8 ./startup/startup_mcxn947_cm33_core0.o
                0x00004942                EWM0_IRQHandler
 .text.TSI_END_OF_SCAN_IRQHandler
                0x0000494a        0x8 ./startup/startup_mcxn947_cm33_core0.o
                0x0000494a                TSI_END_OF_SCAN_IRQHandler
 .text.TSI_OUT_OF_SCAN_IRQHandler
                0x00004952        0x8 ./startup/startup_mcxn947_cm33_core0.o
                0x00004952                TSI_OUT_OF_SCAN_IRQHandler
 .text.EMVSIM0_IRQHandler
                0x0000495a        0x8 ./startup/startup_mcxn947_cm33_core0.o
                0x0000495a                EMVSIM0_IRQHandler
 .text.EMVSIM1_IRQHandler
                0x00004962        0x8 ./startup/startup_mcxn947_cm33_core0.o
                0x00004962                EMVSIM1_IRQHandler
 .text.FLEXIO_IRQHandler
                0x0000496a        0x8 ./startup/startup_mcxn947_cm33_core0.o
                0x0000496a                FLEXIO_IRQHandler
 .text.DAC0_IRQHandler
                0x00004972        0x8 ./startup/startup_mcxn947_cm33_core0.o
                0x00004972                DAC0_IRQHandler
 .text.DAC1_IRQHandler
                0x0000497a        0x8 ./startup/startup_mcxn947_cm33_core0.o
                0x0000497a                DAC1_IRQHandler
 .text.DAC2_IRQHandler
                0x00004982        0x8 ./startup/startup_mcxn947_cm33_core0.o
                0x00004982                DAC2_IRQHandler
 .text.HSCMP0_IRQHandler
                0x0000498a        0x8 ./startup/startup_mcxn947_cm33_core0.o
                0x0000498a                HSCMP0_IRQHandler
 .text.HSCMP1_IRQHandler
                0x00004992        0x8 ./startup/startup_mcxn947_cm33_core0.o
                0x00004992                HSCMP1_IRQHandler
 .text.HSCMP2_IRQHandler
                0x0000499a        0x8 ./startup/startup_mcxn947_cm33_core0.o
                0x0000499a                HSCMP2_IRQHandler
 .text.FLEXPWM0_RELOAD_ERROR_IRQHandler
                0x000049a2        0x8 ./startup/startup_mcxn947_cm33_core0.o
                0x000049a2                FLEXPWM0_RELOAD_ERROR_IRQHandler
 .text.FLEXPWM0_FAULT_IRQHandler
                0x000049aa        0x8 ./startup/startup_mcxn947_cm33_core0.o
                0x000049aa                FLEXPWM0_FAULT_IRQHandler
 .text.FLEXPWM0_SUBMODULE0_IRQHandler
                0x000049b2        0x8 ./startup/startup_mcxn947_cm33_core0.o
                0x000049b2                FLEXPWM0_SUBMODULE0_IRQHandler
 .text.FLEXPWM0_SUBMODULE1_IRQHandler
                0x000049ba        0x8 ./startup/startup_mcxn947_cm33_core0.o
                0x000049ba                FLEXPWM0_SUBMODULE1_IRQHandler
 .text.FLEXPWM0_SUBMODULE2_IRQHandler
                0x000049c2        0x8 ./startup/startup_mcxn947_cm33_core0.o
                0x000049c2                FLEXPWM0_SUBMODULE2_IRQHandler
 .text.FLEXPWM0_SUBMODULE3_IRQHandler
                0x000049ca        0x8 ./startup/startup_mcxn947_cm33_core0.o
                0x000049ca                FLEXPWM0_SUBMODULE3_IRQHandler
 .text.FLEXPWM1_RELOAD_ERROR_IRQHandler
                0x000049d2        0x8 ./startup/startup_mcxn947_cm33_core0.o
                0x000049d2                FLEXPWM1_RELOAD_ERROR_IRQHandler
 .text.FLEXPWM1_FAULT_IRQHandler
                0x000049da        0x8 ./startup/startup_mcxn947_cm33_core0.o
                0x000049da                FLEXPWM1_FAULT_IRQHandler
 .text.FLEXPWM1_SUBMODULE0_IRQHandler
                0x000049e2        0x8 ./startup/startup_mcxn947_cm33_core0.o
                0x000049e2                FLEXPWM1_SUBMODULE0_IRQHandler
 .text.FLEXPWM1_SUBMODULE1_IRQHandler
                0x000049ea        0x8 ./startup/startup_mcxn947_cm33_core0.o
                0x000049ea                FLEXPWM1_SUBMODULE1_IRQHandler
 .text.FLEXPWM1_SUBMODULE2_IRQHandler
                0x000049f2        0x8 ./startup/startup_mcxn947_cm33_core0.o
                0x000049f2                FLEXPWM1_SUBMODULE2_IRQHandler
 .text.FLEXPWM1_SUBMODULE3_IRQHandler
                0x000049fa        0x8 ./startup/startup_mcxn947_cm33_core0.o
                0x000049fa                FLEXPWM1_SUBMODULE3_IRQHandler
 .text.ENC0_COMPARE_IRQHandler
                0x00004a02        0x8 ./startup/startup_mcxn947_cm33_core0.o
                0x00004a02                ENC0_COMPARE_IRQHandler
 .text.ENC0_HOME_IRQHandler
                0x00004a0a        0x8 ./startup/startup_mcxn947_cm33_core0.o
                0x00004a0a                ENC0_HOME_IRQHandler
 .text.ENC0_WDG_SAB_IRQHandler
                0x00004a12        0x8 ./startup/startup_mcxn947_cm33_core0.o
                0x00004a12                ENC0_WDG_SAB_IRQHandler
 .text.ENC0_IDX_IRQHandler
                0x00004a1a        0x8 ./startup/startup_mcxn947_cm33_core0.o
                0x00004a1a                ENC0_IDX_IRQHandler
 .text.ENC1_COMPARE_IRQHandler
                0x00004a22        0x8 ./startup/startup_mcxn947_cm33_core0.o
                0x00004a22                ENC1_COMPARE_IRQHandler
 .text.ENC1_HOME_IRQHandler
                0x00004a2a        0x8 ./startup/startup_mcxn947_cm33_core0.o
                0x00004a2a                ENC1_HOME_IRQHandler
 .text.ENC1_WDG_SAB_IRQHandler
                0x00004a32        0x8 ./startup/startup_mcxn947_cm33_core0.o
                0x00004a32                ENC1_WDG_SAB_IRQHandler
 .text.ENC1_IDX_IRQHandler
                0x00004a3a        0x8 ./startup/startup_mcxn947_cm33_core0.o
                0x00004a3a                ENC1_IDX_IRQHandler
 .text.ITRC0_IRQHandler
                0x00004a42        0x8 ./startup/startup_mcxn947_cm33_core0.o
                0x00004a42                ITRC0_IRQHandler
 .text.BSP32_IRQHandler
                0x00004a4a        0x8 ./startup/startup_mcxn947_cm33_core0.o
                0x00004a4a                BSP32_IRQHandler
 .text.ELS_ERR_IRQHandler
                0x00004a52        0x8 ./startup/startup_mcxn947_cm33_core0.o
                0x00004a52                ELS_ERR_IRQHandler
 .text.PKC_ERR_IRQHandler
                0x00004a5a        0x8 ./startup/startup_mcxn947_cm33_core0.o
                0x00004a5a                PKC_ERR_IRQHandler
 .text.ERM_SINGLE_BIT_ERROR_IRQHandler
                0x00004a62        0x8 ./startup/startup_mcxn947_cm33_core0.o
                0x00004a62                ERM_SINGLE_BIT_ERROR_IRQHandler
 .text.ERM_MULTI_BIT_ERROR_IRQHandler
                0x00004a6a        0x8 ./startup/startup_mcxn947_cm33_core0.o
                0x00004a6a                ERM_MULTI_BIT_ERROR_IRQHandler
 .text.FMU0_IRQHandler
                0x00004a72        0x8 ./startup/startup_mcxn947_cm33_core0.o
                0x00004a72                FMU0_IRQHandler
 .text.ETHERNET_IRQHandler
                0x00004a7a        0x8 ./startup/startup_mcxn947_cm33_core0.o
                0x00004a7a                ETHERNET_IRQHandler
 .text.ETHERNET_PMT_IRQHandler
                0x00004a82        0x8 ./startup/startup_mcxn947_cm33_core0.o
                0x00004a82                ETHERNET_PMT_IRQHandler
 .text.ETHERNET_MACLP_IRQHandler
                0x00004a8a        0x8 ./startup/startup_mcxn947_cm33_core0.o
                0x00004a8a                ETHERNET_MACLP_IRQHandler
 .text.SINC_FILTER_IRQHandler
                0x00004a92        0x8 ./startup/startup_mcxn947_cm33_core0.o
                0x00004a92                SINC_FILTER_IRQHandler
 .text.LPTMR0_IRQHandler
                0x00004a9a        0x8 ./startup/startup_mcxn947_cm33_core0.o
                0x00004a9a                LPTMR0_IRQHandler
 .text.LPTMR1_IRQHandler
                0x00004aa2        0x8 ./startup/startup_mcxn947_cm33_core0.o
                0x00004aa2                LPTMR1_IRQHandler
 .text.SCG_IRQHandler
                0x00004aaa        0x8 ./startup/startup_mcxn947_cm33_core0.o
                0x00004aaa                SCG_IRQHandler
 .text.SPC_IRQHandler
                0x00004ab2        0x8 ./startup/startup_mcxn947_cm33_core0.o
                0x00004ab2                SPC_IRQHandler
 .text.WUU_IRQHandler
                0x00004aba        0x8 ./startup/startup_mcxn947_cm33_core0.o
                0x00004aba                WUU_IRQHandler
 .text.PORT_EFT_IRQHandler
                0x00004ac2        0x8 ./startup/startup_mcxn947_cm33_core0.o
                0x00004ac2                PORT_EFT_IRQHandler
 .text.ETB0_IRQHandler
                0x00004aca        0x8 ./startup/startup_mcxn947_cm33_core0.o
                0x00004aca                ETB0_IRQHandler
 .text.SM3_IRQHandler
                0x00004ad2        0x8 ./startup/startup_mcxn947_cm33_core0.o
                0x00004ad2                SM3_IRQHandler
 .text.TRNG0_IRQHandler
                0x00004ada        0x8 ./startup/startup_mcxn947_cm33_core0.o
                0x00004ada                TRNG0_IRQHandler
 .text.WWDT0_IRQHandler
                0x00004ae2        0x8 ./startup/startup_mcxn947_cm33_core0.o
                0x00004ae2                WWDT0_IRQHandler
 .text.WWDT1_IRQHandler
                0x00004aea        0x8 ./startup/startup_mcxn947_cm33_core0.o
                0x00004aea                WWDT1_IRQHandler
 .text.CMC0_IRQHandler
                0x00004af2        0x8 ./startup/startup_mcxn947_cm33_core0.o
                0x00004af2                CMC0_IRQHandler
 .text.CTI0_IRQHandler
                0x00004afa        0x8 ./startup/startup_mcxn947_cm33_core0.o
                0x00004afa                CTI0_IRQHandler
 .text.CLOCK_EnableClock
                0x00004b02       0x94 ./source/cmsis_usart_edma_transfer.o
 .text.LPUART4_GetFreq
                0x00004b96       0x10 ./source/cmsis_usart_edma_transfer.o
                0x00004b96                LPUART4_GetFreq
 .text.HardFault_Handler
                0x00004ba6       0x36 ./source/semihost_hardfault.o
                0x00004ba6                HardFault_Handler
 .text.CLOCK_GetPll0OutFreq
                0x00004bdc       0x82 ./drivers/fsl_clock.o
                0x00004bdc                CLOCK_GetPll0OutFreq
 .text.CLOCK_GetPll1OutFreq
                0x00004c5e       0x82 ./drivers/fsl_clock.o
                0x00004c5e                CLOCK_GetPll1OutFreq
 .text.CLOCK_GetPllClkDivFreq
                0x00004ce0       0x5e ./drivers/fsl_clock.o
                0x00004ce0                CLOCK_GetPllClkDivFreq
 .text.CLOCK_EnableClock
                0x00004d3e       0x94 ./drivers/fsl_edma.o
 .text.RESET_ReleasePeripheralReset
                0x00004dd2       0x16 ./drivers/fsl_edma.o
 .text.EnableIRQ
                0x00004de8       0x32 ./drivers/fsl_edma.o
 .text.DisableGlobalIRQ
                0x00004e1a       0x22 ./drivers/fsl_edma.o
 .text.EnableGlobalIRQ
                0x00004e3c       0x20 ./drivers/fsl_edma.o
 .text.EDMA_CheckErrata
                0x00004e5c       0x1c ./drivers/fsl_edma.o
 .text.EDMA_AbortTransfer
                0x00004e78       0x3a ./drivers/fsl_edma.o
                0x00004e78                EDMA_AbortTransfer
 .text.EDMA_0_CH0_DriverIRQHandler
                0x00004eb2       0x10 ./drivers/fsl_edma_soc.o
                0x00004eb2                EDMA_0_CH0_DriverIRQHandler
 .text.EDMA_0_CH1_DriverIRQHandler
                0x00004ec2       0x10 ./drivers/fsl_edma_soc.o
                0x00004ec2                EDMA_0_CH1_DriverIRQHandler
 .text.EDMA_0_CH2_DriverIRQHandler
                0x00004ed2       0x10 ./drivers/fsl_edma_soc.o
                0x00004ed2                EDMA_0_CH2_DriverIRQHandler
 .text.EDMA_0_CH3_DriverIRQHandler
                0x00004ee2       0x10 ./drivers/fsl_edma_soc.o
                0x00004ee2                EDMA_0_CH3_DriverIRQHandler
 .text.EDMA_0_CH4_DriverIRQHandler
                0x00004ef2       0x10 ./drivers/fsl_edma_soc.o
                0x00004ef2                EDMA_0_CH4_DriverIRQHandler
 .text.EDMA_0_CH5_DriverIRQHandler
                0x00004f02       0x10 ./drivers/fsl_edma_soc.o
                0x00004f02                EDMA_0_CH5_DriverIRQHandler
 .text.EDMA_0_CH6_DriverIRQHandler
                0x00004f12       0x10 ./drivers/fsl_edma_soc.o
                0x00004f12                EDMA_0_CH6_DriverIRQHandler
 .text.EDMA_0_CH7_DriverIRQHandler
                0x00004f22       0x10 ./drivers/fsl_edma_soc.o
                0x00004f22                EDMA_0_CH7_DriverIRQHandler
 .text.EDMA_0_CH8_DriverIRQHandler
                0x00004f32       0x10 ./drivers/fsl_edma_soc.o
                0x00004f32                EDMA_0_CH8_DriverIRQHandler
 .text.EDMA_0_CH9_DriverIRQHandler
                0x00004f42       0x10 ./drivers/fsl_edma_soc.o
                0x00004f42                EDMA_0_CH9_DriverIRQHandler
 .text.EDMA_0_CH10_DriverIRQHandler
                0x00004f52       0x10 ./drivers/fsl_edma_soc.o
                0x00004f52                EDMA_0_CH10_DriverIRQHandler
 .text.EDMA_0_CH11_DriverIRQHandler
                0x00004f62       0x10 ./drivers/fsl_edma_soc.o
                0x00004f62                EDMA_0_CH11_DriverIRQHandler
 .text.EDMA_0_CH12_DriverIRQHandler
                0x00004f72       0x10 ./drivers/fsl_edma_soc.o
                0x00004f72                EDMA_0_CH12_DriverIRQHandler
 .text.EDMA_0_CH13_DriverIRQHandler
                0x00004f82       0x10 ./drivers/fsl_edma_soc.o
                0x00004f82                EDMA_0_CH13_DriverIRQHandler
 .text.EDMA_0_CH14_DriverIRQHandler
                0x00004f92       0x10 ./drivers/fsl_edma_soc.o
                0x00004f92                EDMA_0_CH14_DriverIRQHandler
 .text.EDMA_0_CH15_DriverIRQHandler
                0x00004fa2       0x10 ./drivers/fsl_edma_soc.o
                0x00004fa2                EDMA_0_CH15_DriverIRQHandler
 .text.EDMA_1_CH0_DriverIRQHandler
                0x00004fb2       0x10 ./drivers/fsl_edma_soc.o
                0x00004fb2                EDMA_1_CH0_DriverIRQHandler
 .text.EDMA_1_CH1_DriverIRQHandler
                0x00004fc2       0x10 ./drivers/fsl_edma_soc.o
                0x00004fc2                EDMA_1_CH1_DriverIRQHandler
 .text.EDMA_1_CH2_DriverIRQHandler
                0x00004fd2       0x10 ./drivers/fsl_edma_soc.o
                0x00004fd2                EDMA_1_CH2_DriverIRQHandler
 .text.EDMA_1_CH3_DriverIRQHandler
                0x00004fe2       0x10 ./drivers/fsl_edma_soc.o
                0x00004fe2                EDMA_1_CH3_DriverIRQHandler
 .text.EDMA_1_CH4_DriverIRQHandler
                0x00004ff2       0x10 ./drivers/fsl_edma_soc.o
                0x00004ff2                EDMA_1_CH4_DriverIRQHandler
 .text.EDMA_1_CH5_DriverIRQHandler
                0x00005002       0x10 ./drivers/fsl_edma_soc.o
                0x00005002                EDMA_1_CH5_DriverIRQHandler
 .text.EDMA_1_CH6_DriverIRQHandler
                0x00005012       0x10 ./drivers/fsl_edma_soc.o
                0x00005012                EDMA_1_CH6_DriverIRQHandler
 .text.EDMA_1_CH7_DriverIRQHandler
                0x00005022       0x10 ./drivers/fsl_edma_soc.o
                0x00005022                EDMA_1_CH7_DriverIRQHandler
 .text.EDMA_1_CH8_DriverIRQHandler
                0x00005032       0x10 ./drivers/fsl_edma_soc.o
                0x00005032                EDMA_1_CH8_DriverIRQHandler
 .text.EDMA_1_CH9_DriverIRQHandler
                0x00005042       0x10 ./drivers/fsl_edma_soc.o
                0x00005042                EDMA_1_CH9_DriverIRQHandler
 .text.EDMA_1_CH10_DriverIRQHandler
                0x00005052       0x10 ./drivers/fsl_edma_soc.o
                0x00005052                EDMA_1_CH10_DriverIRQHandler
 .text.EDMA_1_CH11_DriverIRQHandler
                0x00005062       0x10 ./drivers/fsl_edma_soc.o
                0x00005062                EDMA_1_CH11_DriverIRQHandler
 .text.EDMA_1_CH12_DriverIRQHandler
                0x00005072       0x10 ./drivers/fsl_edma_soc.o
                0x00005072                EDMA_1_CH12_DriverIRQHandler
 .text.EDMA_1_CH13_DriverIRQHandler
                0x00005082       0x10 ./drivers/fsl_edma_soc.o
                0x00005082                EDMA_1_CH13_DriverIRQHandler
 .text.EDMA_1_CH14_DriverIRQHandler
                0x00005092       0x10 ./drivers/fsl_edma_soc.o
                0x00005092                EDMA_1_CH14_DriverIRQHandler
 .text.EDMA_1_CH15_DriverIRQHandler
                0x000050a2       0x10 ./drivers/fsl_edma_soc.o
                0x000050a2                EDMA_1_CH15_DriverIRQHandler
 .text.CLOCK_EnableClock
                0x000050b2       0x94 ./drivers/fsl_lpflexcomm.o
 .text.CLOCK_DisableClock
                0x00005146       0xb8 ./drivers/fsl_lpflexcomm.o
 .text.LP_FLEXCOMM_PeripheralIsPresent
                0x000051fe       0x52 ./drivers/fsl_lpflexcomm.o
 .text.LP_FLEXCOMM0_DriverIRQHandler
                0x00005250        0xe ./drivers/fsl_lpflexcomm.o
                0x00005250                LP_FLEXCOMM0_DriverIRQHandler
 .text.LP_FLEXCOMM1_DriverIRQHandler
                0x0000525e        0xe ./drivers/fsl_lpflexcomm.o
                0x0000525e                LP_FLEXCOMM1_DriverIRQHandler
 .text.LP_FLEXCOMM2_DriverIRQHandler
                0x0000526c        0xe ./drivers/fsl_lpflexcomm.o
                0x0000526c                LP_FLEXCOMM2_DriverIRQHandler
 .text.LP_FLEXCOMM3_DriverIRQHandler
                0x0000527a        0xe ./drivers/fsl_lpflexcomm.o
                0x0000527a                LP_FLEXCOMM3_DriverIRQHandler
 .text.LP_FLEXCOMM4_DriverIRQHandler
                0x00005288        0xe ./drivers/fsl_lpflexcomm.o
                0x00005288                LP_FLEXCOMM4_DriverIRQHandler
 .text.LP_FLEXCOMM5_DriverIRQHandler
                0x00005296        0xe ./drivers/fsl_lpflexcomm.o
                0x00005296                LP_FLEXCOMM5_DriverIRQHandler
 .text.LP_FLEXCOMM6_DriverIRQHandler
                0x000052a4        0xe ./drivers/fsl_lpflexcomm.o
                0x000052a4                LP_FLEXCOMM6_DriverIRQHandler
 .text.LP_FLEXCOMM7_DriverIRQHandler
                0x000052b2        0xe ./drivers/fsl_lpflexcomm.o
                0x000052b2                LP_FLEXCOMM7_DriverIRQHandler
 .text.LP_FLEXCOMM8_DriverIRQHandler
                0x000052c0        0xe ./drivers/fsl_lpflexcomm.o
                0x000052c0                LP_FLEXCOMM8_DriverIRQHandler
 .text.LP_FLEXCOMM9_DriverIRQHandler
                0x000052ce        0xe ./drivers/fsl_lpflexcomm.o
                0x000052ce                LP_FLEXCOMM9_DriverIRQHandler
 .text.DisableGlobalIRQ
                0x000052dc       0x22 ./drivers/fsl_lpuart.o
 .text.EnableGlobalIRQ
                0x000052fe       0x20 ./drivers/fsl_lpuart.o
 .text.LPUART_SoftwareReset
                0x0000531e       0x2c ./drivers/fsl_lpuart.o
 .text.LPUART_EnableTx
                0x0000534a       0x38 ./drivers/fsl_lpuart_cmsis.o
 .text.LPUART_EnableRx
                0x00005382       0x38 ./drivers/fsl_lpuart_cmsis.o
 .text.LPUART_CommonControl
                0x000053ba      0x1bc ./drivers/fsl_lpuart_cmsis.o
 .text.LPUARTx_GetCapabilities
                0x00005576       0x14 ./drivers/fsl_lpuart_cmsis.o
 .text.LPUARTx_SetModemControl
                0x0000558a       0x1a ./drivers/fsl_lpuart_cmsis.o
 .text.LPUARTx_GetModemStatus
                0x000055a4       0x18 ./drivers/fsl_lpuart_cmsis.o
 .text.KSDK_LPUART_EdmaCallback
                0x000055bc       0x48 ./drivers/fsl_lpuart_cmsis.o
 .text.LPUART_EdmaInitialize
                0x00005604       0x30 ./drivers/fsl_lpuart_cmsis.o
 .text.LPUART_EdmaUninitialize
                0x00005634       0x1c ./drivers/fsl_lpuart_cmsis.o
 .text.LPUART_EdmaSend
                0x00005650       0x74 ./drivers/fsl_lpuart_cmsis.o
 .text.LPUART_EdmaReceive
                0x000056c4       0x74 ./drivers/fsl_lpuart_cmsis.o
 .text.LPUART_EdmaTransfer
                0x00005738       0x1e ./drivers/fsl_lpuart_cmsis.o
 .text.LPUART_EdmaGetTxCount
                0x00005756       0x34 ./drivers/fsl_lpuart_cmsis.o
 .text.LPUART_EdmaGetRxCount
                0x0000578a       0x34 ./drivers/fsl_lpuart_cmsis.o
 .text.LPUART_EdmaControl
                0x000057be       0x9c ./drivers/fsl_lpuart_cmsis.o
 .text.LPUART_EdmaGetStatus
                0x0000585a       0xbe ./drivers/fsl_lpuart_cmsis.o
 .text.EnableIRQ
                0x00005918       0x32 ./drivers/fsl_lpuart_edma.o
 .text.LPUART_GetDataRegisterAddress
                0x0000594a       0x18 ./drivers/fsl_lpuart_edma.o
 .text.LPUART_EnableTxDMA
                0x00005962       0x38 ./drivers/fsl_lpuart_edma.o
 .text.LPUART_EnableRxDMA
                0x0000599a       0x38 ./drivers/fsl_lpuart_edma.o
 .text.SPC_GetActiveModeBandgapMode
                0x000059d2       0x22 ./drivers/fsl_spc.o
 .text.SPC_GetActiveModeVoltageDetectStatus
                0x000059f4       0x22 ./drivers/fsl_spc.o
 .text.SPC_GetActiveModeCoreLDOVDDVoltageLevel
                0x00005a16       0x22 ./drivers/fsl_spc.o
 .text.SPC_GetActiveModeCoreLDODriveStrength
                0x00005a38       0x22 ./drivers/fsl_spc.o
 .text.SPC_SetActiveModeDCDCRegulatorVoltageLevel
                0x00005a5a       0x32 ./drivers/fsl_spc.o
 .text.SPC_SetActiveModeCoreLDORegulatorVoltageLevel
                0x00005a8c       0x34 ./drivers/fsl_spc.o
                0x00005a8c                SPC_SetActiveModeCoreLDORegulatorVoltageLevel
 .text.SPC_SetActiveModeCoreLDORegulatorDriveStrength
                0x00005ac0       0x5e ./drivers/fsl_spc.o
                0x00005ac0                SPC_SetActiveModeCoreLDORegulatorDriveStrength
 .text.SPC_SetActiveModeDCDCRegulatorDriveStrength
                0x00005b1e       0x60 ./drivers/fsl_spc.o
                0x00005b1e                SPC_SetActiveModeDCDCRegulatorDriveStrength
 .text.SystemInitHook
                0x00005b7e        0xe ./device/system_MCXN947_cm33_core0.o
                0x00005b7e                SystemInitHook
 .text.HAL_UartGetStatus
                0x00005b8c       0x28 ./component/uart/fsl_adapter_lpuart.o
 .text.CLOCK_EnableClock
                0x00005bb4       0x94 ./board/clock_config.o
 .text.BOARD_InitBootClocks
                0x00005c48        0xc ./board/clock_config.o
                0x00005c48                BOARD_InitBootClocks
 .text.CLOCK_EnableClock
                0x00005c54       0x94 ./board/pin_mux.o
 .text.BOARD_InitBootPins
                0x00005ce8        0xe ./board/pin_mux.o
                0x00005ce8                BOARD_InitBootPins
 .text.__main   0x00005cf6        0xe c:/nxp/mcuxpressoide_11.9.1_2170/ide/plugins/com.nxp.mcuxpresso.tools.win32_11.9.1.202402080819/tools/bin/../lib/gcc/arm-none-eabi/12.3.1/../../../../arm-none-eabi/lib/thumb/v8-m.main+fp/hard\libcr_nohost_nf.a(_cr__main.o)
                0x00005cf6                __main
 .text.memset   0x00005d04        0x4 c:/nxp/mcuxpressoide_11.9.1_2170/ide/plugins/com.nxp.mcuxpresso.tools.win32_11.9.1.202402080819/tools/bin/../lib/gcc/arm-none-eabi/12.3.1/../../../../arm-none-eabi/lib/thumb/v8-m.main+fp/hard\libcr_c.a(memset.o)
                0x00005d04                memset
 .text.free     0x00005d08       0x30 c:/nxp/mcuxpressoide_11.9.1_2170/ide/plugins/com.nxp.mcuxpresso.tools.win32_11.9.1.202402080819/tools/bin/../lib/gcc/arm-none-eabi/12.3.1/../../../../arm-none-eabi/lib/thumb/v8-m.main+fp/hard\libcr_c.a(alloc.o)
                0x00005d08                free
 .text.setvbuf  0x00005d38       0x3e c:/nxp/mcuxpressoide_11.9.1_2170/ide/plugins/com.nxp.mcuxpresso.tools.win32_11.9.1.202402080819/tools/bin/../lib/gcc/arm-none-eabi/12.3.1/../../../../arm-none-eabi/lib/thumb/v8-m.main+fp/hard\libcr_c.a(setvbuf.o)
                0x00005d38                setvbuf
 .text.strlen   0x00005d76       0x4e c:/nxp/mcuxpressoide_11.9.1_2170/ide/plugins/com.nxp.mcuxpresso.tools.win32_11.9.1.202402080819/tools/bin/../lib/gcc/arm-none-eabi/12.3.1/../../../../arm-none-eabi/lib/thumb/v8-m.main+fp/hard\libcr_c.a(strlen.o)
                0x00005d76                strlen
 .text._deferredlazyseek
                0x00005dc4       0x40 c:/nxp/mcuxpressoide_11.9.1_2170/ide/plugins/com.nxp.mcuxpresso.tools.win32_11.9.1.202402080819/tools/bin/../lib/gcc/arm-none-eabi/12.3.1/../../../../arm-none-eabi/lib/thumb/v8-m.main+fp/hard\libcr_c.a(_deferredlazyseek.o)
                0x00005dc4                _deferredlazyseek
 .text._fdopen  0x00005e04       0x68 c:/nxp/mcuxpressoide_11.9.1_2170/ide/plugins/com.nxp.mcuxpresso.tools.win32_11.9.1.202402080819/tools/bin/../lib/gcc/arm-none-eabi/12.3.1/../../../../arm-none-eabi/lib/thumb/v8-m.main+fp/hard\libcr_c.a(_fdopen.o)
                0x00005e04                _fdopen
 .text._fflush  0x00005e6c       0x52 c:/nxp/mcuxpressoide_11.9.1_2170/ide/plugins/com.nxp.mcuxpresso.tools.win32_11.9.1.202402080819/tools/bin/../lib/gcc/arm-none-eabi/12.3.1/../../../../arm-none-eabi/lib/thumb/v8-m.main+fp/hard\libcr_c.a(_fflush.o)
                0x00005e6c                _fflush
 .text.fclose   0x00005ebe       0x58 c:/nxp/mcuxpressoide_11.9.1_2170/ide/plugins/com.nxp.mcuxpresso.tools.win32_11.9.1.202402080819/tools/bin/../lib/gcc/arm-none-eabi/12.3.1/../../../../arm-none-eabi/lib/thumb/v8-m.main+fp/hard\libcr_c.a(fclose.o)
                0x00005ebe                fclose
 .text.remove   0x00005f16       0x14 c:/nxp/mcuxpressoide_11.9.1_2170/ide/plugins/com.nxp.mcuxpresso.tools.win32_11.9.1.202402080819/tools/bin/../lib/gcc/arm-none-eabi/12.3.1/../../../../arm-none-eabi/lib/thumb/v8-m.main+fp/hard\libcr_c.a(remove.o)
                0x00005f16                remove
 .text._do_fflush
                0x00005f2a       0x40 c:/nxp/mcuxpressoide_11.9.1_2170/ide/plugins/com.nxp.mcuxpresso.tools.win32_11.9.1.202402080819/tools/bin/../lib/gcc/arm-none-eabi/12.3.1/../../../../arm-none-eabi/lib/thumb/v8-m.main+fp/hard\libcr_c.a(_do_fflush.o)
                0x00005f2a                _do_fflush
 .text.__aeabi_f2ulz
                0x00005f6a       0x3e c:/nxp/mcuxpressoide_11.9.1_2170/ide/plugins/com.nxp.mcuxpresso.tools.win32_11.9.1.202402080819/tools/bin/../lib/gcc/arm-none-eabi/12.3.1/thumb/v8-m.main+fp/hard\libcr_eabihelpers.a(float.o)
                0x00005f6a                __aeabi_f2ulz
 .text.__aeabi_memset_lowlevel
                0x00005fa8       0x32 c:/nxp/mcuxpressoide_11.9.1_2170/ide/plugins/com.nxp.mcuxpresso.tools.win32_11.9.1.202402080819/tools/bin/../lib/gcc/arm-none-eabi/12.3.1/thumb/v8-m.main+fp/hard\libcr_eabihelpers.a(memcpy.o)
                0x00005fa8                __aeabi_lowlevel_memset
 .text.__sys_close
                0x00005fda        0x6 c:/nxp/mcuxpressoide_11.9.1_2170/ide/plugins/com.nxp.mcuxpresso.tools.win32_11.9.1.202402080819/tools/bin/../lib/gcc/arm-none-eabi/12.3.1/../../../../arm-none-eabi/lib/thumb/v8-m.main+fp/hard\libcr_nohost_nf.a(__sys_close.o)
                0x00005fda                __sys_close
 .text.__sys_flen
                0x00005fe0        0x6 c:/nxp/mcuxpressoide_11.9.1_2170/ide/plugins/com.nxp.mcuxpresso.tools.win32_11.9.1.202402080819/tools/bin/../lib/gcc/arm-none-eabi/12.3.1/../../../../arm-none-eabi/lib/thumb/v8-m.main+fp/hard\libcr_nohost_nf.a(__sys_flen.o)
                0x00005fe0                __sys_flen
 .text.__sys_istty
                0x00005fe6        0x6 c:/nxp/mcuxpressoide_11.9.1_2170/ide/plugins/com.nxp.mcuxpresso.tools.win32_11.9.1.202402080819/tools/bin/../lib/gcc/arm-none-eabi/12.3.1/../../../../arm-none-eabi/lib/thumb/v8-m.main+fp/hard\libcr_nohost_nf.a(__sys_istty.o)
                0x00005fe6                __sys_istty
 .text.__sys_remove
                0x00005fec        0x6 c:/nxp/mcuxpressoide_11.9.1_2170/ide/plugins/com.nxp.mcuxpresso.tools.win32_11.9.1.202402080819/tools/bin/../lib/gcc/arm-none-eabi/12.3.1/../../../../arm-none-eabi/lib/thumb/v8-m.main+fp/hard\libcr_nohost_nf.a(__sys_remove.o)
                0x00005fec                __sys_remove
 .text.__sys_seek
                0x00005ff2        0x6 c:/nxp/mcuxpressoide_11.9.1_2170/ide/plugins/com.nxp.mcuxpresso.tools.win32_11.9.1.202402080819/tools/bin/../lib/gcc/arm-none-eabi/12.3.1/../../../../arm-none-eabi/lib/thumb/v8-m.main+fp/hard\libcr_nohost_nf.a(__sys_seek.o)
                0x00005ff2                __sys_seek
 .text.__sys_tmpnam
                0x00005ff8        0x6 c:/nxp/mcuxpressoide_11.9.1_2170/ide/plugins/com.nxp.mcuxpresso.tools.win32_11.9.1.202402080819/tools/bin/../lib/gcc/arm-none-eabi/12.3.1/../../../../arm-none-eabi/lib/thumb/v8-m.main+fp/hard\libcr_nohost_nf.a(__sys_tmpnam.o)
                0x00005ff8                __sys_tmpnam
 .text.__sys_write
                0x00005ffe        0x4 c:/nxp/mcuxpressoide_11.9.1_2170/ide/plugins/com.nxp.mcuxpresso.tools.win32_11.9.1.202402080819/tools/bin/../lib/gcc/arm-none-eabi/12.3.1/../../../../arm-none-eabi/lib/thumb/v8-m.main+fp/hard\libcr_nohost_nf.a(__sys_write.o)
                0x00005ffe                __sys_write
 *(SORT_BY_ALIGNMENT(.rodata) SORT_BY_ALIGNMENT(.rodata.*) SORT_BY_ALIGNMENT(.constdata) SORT_BY_ALIGNMENT(.constdata.*))
 *fill*         0x00006002        0x2 ff
 .rodata.__assertion_failed.str1.4
                0x00006004       0x14 ./utilities/fsl_assert.o
 .rodata.EDMA_SetChannelMux.str1.4
                0x00006018       0xa6 ./source/cmsis_usart_edma_transfer.o
 .rodata.EDMA_SetChannelMux.str1.4
                0x000060be       0xa6 ./drivers/fsl_edma.o
                                 0x4e (size before relaxing)
 *fill*         0x000060be        0x2 ff
 .rodata.EDMA_EnableChannelMasterIDReplication.str1.4
                0x000060c0       0x4e ./drivers/fsl_edma.o
 *fill*         0x0000610e        0x2 ff
 .rodata.EDMA_SetChannelSecurityLevel.str1.4
                0x00006110       0x4e ./drivers/fsl_edma.o
 *fill*         0x0000615e        0x2 ff
 .rodata.EDMA_SetChannelProtectionLevel.str1.4
                0x00006160       0x4e ./drivers/fsl_edma.o
 *fill*         0x000061ae        0x2 ff
 .rodata.s_edmaBases
                0x000061b0        0x8 ./drivers/fsl_edma.o
 .rodata.s_edmaClockName
                0x000061b8        0x4 ./drivers/fsl_edma.o
 .rodata.s_edmaResets
                0x000061bc        0x8 ./drivers/fsl_edma.o
 .rodata.s_edmaIRQNumber
                0x000061c4       0x40 ./drivers/fsl_edma.o
 .rodata.EDMA_GetInstance.str1.4
                0x00006204       0x33 ./drivers/fsl_edma.o
 *fill*         0x00006237        0x1 ff
 .rodata.EDMA_InstallTCD.str1.4
                0x00006238       0xb7 ./drivers/fsl_edma.o
 *fill*         0x000062ef        0x1 ff
 .rodata.EDMA_Init.str1.4
                0x000062f0       0x20 ./drivers/fsl_edma.o
 .rodata.EDMA_InitChannel.str1.4
                0x00006310       0x27 ./drivers/fsl_edma.o
 *fill*         0x00006337        0x1 ff
 .rodata.EDMA_GetDefaultConfig.str1.4
                0x00006338       0x20 ./drivers/fsl_edma.o
 .rodata.EDMA_SetChannelPreemptionConfig.str1.4
                0x00006358       0x70 ./drivers/fsl_edma.o
 .rodata.EDMA_TcdReset.str1.4
                0x000063c8       0x4f ./drivers/fsl_edma.o
 *fill*         0x00006417        0x1 ff
 .rodata.EDMA_TcdSetTransferConfig.str1.4
                0x00006418       0x70 ./drivers/fsl_edma.o
 .rodata.EDMA_ConfigChannelSoftwareTCD.str1.4
                0x00006488      0x333 ./drivers/fsl_edma.o
 *fill*         0x000067bb        0x1 ff
 .rodata.EDMA_GetRemainingMajorLoopCount.str1.4
                0x000067bc       0x4e ./drivers/fsl_edma.o
 *fill*         0x0000680a        0x2 ff
 .rodata.EDMA_CreateHandle.str1.4
                0x0000680c       0x73 ./drivers/fsl_edma.o
 *fill*         0x0000687f        0x1 ff
 .rodata.EDMA_SetCallback.str1.4
                0x00006880       0x21 ./drivers/fsl_edma.o
 *fill*         0x000068a1        0x3 ff
 .rodata.EDMA_TransferWidthMapping.str1.4
                0x000068a4       0x18 ./drivers/fsl_edma.o
 .rodata.EDMA_PrepareTransferConfig.str1.4
                0x000068bc      0x23e ./drivers/fsl_edma.o
 *fill*         0x00006afa        0x2 ff
 .rodata.EDMA_PrepareTransfer.str1.4
                0x00006afc       0x3c ./drivers/fsl_edma.o
 .rodata.EDMA_SubmitTransfer.str1.4
                0x00006b38       0x72 ./drivers/fsl_edma.o
 *fill*         0x00006baa        0x2 ff
 .rodata.EDMA_StartTransfer.str1.4
                0x00006bac       0x21 ./drivers/fsl_edma.o
 *fill*         0x00006bcd        0x3 ff
 .rodata.EDMA_StopTransfer.str1.4
                0x00006bd0       0x21 ./drivers/fsl_edma.o
 *fill*         0x00006bf1        0x3 ff
 .rodata.EDMA_HandleIRQ.str1.4
                0x00006bf4       0x21 ./drivers/fsl_edma.o
 *fill*         0x00006c15        0x3 ff
 .rodata.s_lpflexcommBase
                0x00006c18       0x28 ./drivers/fsl_lpflexcomm.o
 .rodata.s_lpflexcommClocks
                0x00006c40       0x14 ./drivers/fsl_lpflexcomm.o
 .rodata.s_lpflexcommResets
                0x00006c54       0x28 ./drivers/fsl_lpflexcomm.o
 .rodata.LP_FLEXCOMM_SetPeriph.str1.4
                0x00006c7c       0x43 ./drivers/fsl_lpflexcomm.o
 *fill*         0x00006cbf        0x1 ff
 .rodata.LP_FLEXCOMM_Init.str1.4
                0x00006cc0       0x49 ./drivers/fsl_lpflexcomm.o
 *fill*         0x00006d09        0x3 ff
 .rodata.LP_FLEXCOMM_Deinit.str1.4
                0x00006d0c       0x49 ./drivers/fsl_lpflexcomm.o
 *fill*         0x00006d55        0x3 ff
 .rodata.LP_FLEXCOMM_SetIRQHandler.str1.4
                0x00006d58       0x49 ./drivers/fsl_lpflexcomm.o
 *fill*         0x00006da1        0x3 ff
 .rodata.s_lpuartBases
                0x00006da4       0x28 ./drivers/fsl_lpuart.o
 .rodata.s_lpuartIRQ
                0x00006dcc       0x14 ./drivers/fsl_lpuart.o
                0x00006dcc                s_lpuartIRQ
 .rodata.LPUART_GetInstance.str1.4
                0x00006de0       0x38 ./drivers/fsl_lpuart.o
 .rodata.LPUART_Init.str1.4
                0x00006e18      0x10a ./drivers/fsl_lpuart.o
 *fill*         0x00006f22        0x2 ff
 .rodata.LPUART_GetDefaultConfig.str1.4
                0x00006f24       0x22 ./drivers/fsl_lpuart.o
 *fill*         0x00006f46        0x2 ff
 .rodata.LPUART_WriteBlocking.str1.4
                0x00006f48       0x21 ./drivers/fsl_lpuart.o
 *fill*         0x00006f69        0x3 ff
 .rodata.LPUART_ReadBlocking.str1.4
                0x00006f6c       0x21 ./drivers/fsl_lpuart.o
 *fill*         0x00006f8d        0x3 ff
 .rodata.s_lpuartDriverVersion
                0x00006f90        0x4 ./drivers/fsl_lpuart_cmsis.o
 .rodata.LPUART4_Resource
                0x00006f94        0x8 ./drivers/fsl_lpuart_cmsis.o
 .rodata.Driver_USART4
                0x00006f9c       0x38 ./drivers/fsl_lpuart_cmsis.o
                0x00006f9c                Driver_USART4
 .rodata.s_lpuartBases
                0x00006fd4       0x28 ./drivers/fsl_lpuart_edma.o
 .rodata.LPUART_SendEDMACallback.str1.4
                0x00006ffc       0x26 ./drivers/fsl_lpuart_edma.o
 *fill*         0x00007022        0x2 ff
 .rodata.LPUART_ReceiveEDMACallback.str1.4
                0x00007024       0x26 ./drivers/fsl_lpuart_edma.o
 *fill*         0x0000704a        0x2 ff
 .rodata.LPUART_TransferCreateHandleEDMA.str1.4
                0x0000704c       0x27 ./drivers/fsl_lpuart_edma.o
 *fill*         0x00007073        0x1 ff
 .rodata.LPUART_SendEDMA.str1.4
                0x00007074       0xe1 ./drivers/fsl_lpuart_edma.o
 *fill*         0x00007155        0x3 ff
 .rodata.LPUART_ReceiveEDMA.str1.4
                0x00007158       0xe1 ./drivers/fsl_lpuart_edma.o
 *fill*         0x00007239        0x3 ff
 .rodata.LPUART_TransferAbortSendEDMA.str1.4
                0x0000723c       0x5d ./drivers/fsl_lpuart_edma.o
 *fill*         0x00007299        0x3 ff
 .rodata.LPUART_TransferAbortReceiveEDMA.str1.4
                0x0000729c       0x5d ./drivers/fsl_lpuart_edma.o
 *fill*         0x000072f9        0x3 ff
 .rodata.LPUART_TransferGetReceiveCountEDMA.str1.4
                0x000072fc       0x86 ./drivers/fsl_lpuart_edma.o
 *fill*         0x00007382        0x2 ff
 .rodata.LPUART_TransferGetSendCountEDMA.str1.4
                0x00007384       0x86 ./drivers/fsl_lpuart_edma.o
 *fill*         0x0000740a        0x2 ff
 .rodata.LPUART_TransferEdmaHandleIRQ.str1.4
                0x0000740c       0x71 ./drivers/fsl_lpuart_edma.o
 *fill*         0x0000747d        0x3 ff
 .rodata.RESET_SetPeripheralReset.str1.4
                0x00007480       0x1e ./drivers/fsl_reset.o
 *fill*         0x0000749e        0x2 ff
 .rodata.RESET_ClearPeripheralReset.str1.4
                0x000074a0       0x1e ./drivers/fsl_reset.o
 *fill*         0x000074be        0x2 ff
 .rodata.SPC_SetSRAMOperateVoltage.str1.4
                0x000074c0       0x1f ./drivers/fsl_spc.o
 *fill*         0x000074df        0x1 ff
 .rodata.SPC_SetActiveModeCoreLDORegulatorConfig.str1.4
                0x000074e0       0x1f ./drivers/fsl_spc.o
 *fill*         0x000074ff        0x1 ff
 .rodata.SPC_SetActiveModeDCDCRegulatorConfig.str1.4
                0x00007500       0x20 ./drivers/fsl_spc.o
 .rodata.s_LpuartAdapterBase
                0x00007520       0x28 ./component/uart/fsl_adapter_lpuart.o
 .rodata.HAL_UartInit.str1.4
                0x00007548      0x116 ./component/uart/fsl_adapter_lpuart.o
 *fill*         0x0000765e        0x2 ff
 .rodata.HAL_UartReceiveBlocking.str1.4
                0x00007660       0x7b ./component/uart/fsl_adapter_lpuart.o
 *fill*         0x000076db        0x1 ff
 .rodata.HAL_UartSendBlocking.str1.4
                0x000076dc       0x7b ./component/uart/fsl_adapter_lpuart.o
 *fill*         0x00007757        0x1 ff
 .rodata        0x00007758       0x22 ./board/clock_config.o
 *fill*         0x0000777a        0x2 ff
 .rodata.PORT_SetPinConfig.str1.4
                0x0000777c       0x70 ./board/pin_mux.o
 .rodata.__num_Ciob_streams
                0x000077ec        0x4 c:/nxp/mcuxpressoide_11.9.1_2170/ide/plugins/com.nxp.mcuxpresso.tools.win32_11.9.1.202402080819/tools/bin/../lib/gcc/arm-none-eabi/12.3.1/../../../../arm-none-eabi/lib/thumb/v8-m.main+fp/hard\libcr_nohost_nf.a(__ciob.o)
                0x000077ec                __num_Ciob_streams
 .rodata._initio.str1.1
                0x000077f0        0x4 c:/nxp/mcuxpressoide_11.9.1_2170/ide/plugins/com.nxp.mcuxpresso.tools.win32_11.9.1.202402080819/tools/bin/../lib/gcc/arm-none-eabi/12.3.1/../../../../arm-none-eabi/lib/thumb/v8-m.main+fp/hard\libcr_c.a(initio.o)
                0x000077f4                        . = ALIGN (0x4)

.glue_7         0x000077f4        0x0
 .glue_7        0x000077f4        0x0 linker stubs

.glue_7t        0x000077f4        0x0
 .glue_7t       0x000077f4        0x0 linker stubs

.vfp11_veneer   0x000077f4        0x0
 .vfp11_veneer  0x000077f4        0x0 linker stubs

.v4_bx          0x000077f4        0x0
 .v4_bx         0x000077f4        0x0 linker stubs

.iplt           0x000077f4        0x0
 .iplt          0x000077f4        0x0 ./utilities/fsl_assert.o

.rel.dyn        0x000077f4        0x0
 .rel.iplt      0x000077f4        0x0 ./utilities/fsl_assert.o

.ARM.extab
 *(SORT_BY_ALIGNMENT(.ARM.extab*) SORT_BY_ALIGNMENT(.gnu.linkonce.armextab.*))

.ARM.exidx      0x000077f4        0x0
                0x000077f4                        __exidx_start = .
 *(SORT_BY_ALIGNMENT(.ARM.exidx*) SORT_BY_ALIGNMENT(.gnu.linkonce.armexidx.*))
                0x000077f4                        __exidx_end = .
                0x000077f4                        _etext = .

.m_usb_data
 *(SORT_BY_ALIGNMENT(m_usb_global))

.data_RAM2      0x04000000        0x0 load address 0x000077f4
 FILL mask 0xff
                [!provide]                        PROVIDE (__start_data_RAM2 = .)
                [!provide]                        PROVIDE (__start_data_SRAMX = .)
 *(SORT_BY_ALIGNMENT(.ramfunc.$RAM2))
 *(SORT_BY_ALIGNMENT(.ramfunc.$SRAMX))
 *(SORT_BY_ALIGNMENT(.data.$RAM2))
 *(SORT_BY_ALIGNMENT(.data.$SRAMX))
 *(SORT_BY_ALIGNMENT(.data.$RAM2.*))
 *(SORT_BY_ALIGNMENT(.data.$SRAMX.*))
                0x04000000                        . = ALIGN (0x4)
                [!provide]                        PROVIDE (__end_data_RAM2 = .)
                [!provide]                        PROVIDE (__end_data_SRAMX = .)

.data_RAM3      0x20060000        0x0 load address 0x000077f4
 FILL mask 0xff
                [!provide]                        PROVIDE (__start_data_RAM3 = .)
                [!provide]                        PROVIDE (__start_data_SRAMH = .)
 *(SORT_BY_ALIGNMENT(.ramfunc.$RAM3))
 *(SORT_BY_ALIGNMENT(.ramfunc.$SRAMH))
 *(SORT_BY_ALIGNMENT(.data.$RAM3))
 *(SORT_BY_ALIGNMENT(.data.$SRAMH))
 *(SORT_BY_ALIGNMENT(.data.$RAM3.*))
 *(SORT_BY_ALIGNMENT(.data.$SRAMH.*))
                0x20060000                        . = ALIGN (0x4)
                [!provide]                        PROVIDE (__end_data_RAM3 = .)
                [!provide]                        PROVIDE (__end_data_SRAMH = .)

.data_RAM4      0x400ba000        0x0 load address 0x000077f4
 FILL mask 0xff
                [!provide]                        PROVIDE (__start_data_RAM4 = .)
                [!provide]                        PROVIDE (__start_data_USB_RAM = .)
 *(SORT_BY_ALIGNMENT(.ramfunc.$RAM4))
 *(SORT_BY_ALIGNMENT(.ramfunc.$USB_RAM))
 *(SORT_BY_ALIGNMENT(.data.$RAM4))
 *(SORT_BY_ALIGNMENT(.data.$USB_RAM))
 *(SORT_BY_ALIGNMENT(.data.$RAM4.*))
 *(SORT_BY_ALIGNMENT(.data.$USB_RAM.*))
                0x400ba000                        . = ALIGN (0x4)
                [!provide]                        PROVIDE (__end_data_RAM4 = .)
                [!provide]                        PROVIDE (__end_data_USB_RAM = .)

.uninit_RESERVED
                0x20000000        0x0
                0x20000000                        _start_uninit_RESERVED = .
 *(SORT_BY_ALIGNMENT(.bss.$RESERVED*))
                0x20000000                        . = ALIGN (0x4)
                0x20000000                        _end_uninit_RESERVED = .

.data           0x20000000       0x48 load address 0x000077f4
 FILL mask 0xff
                0x20000000                        _data = .
                [!provide]                        PROVIDE (__start_data_RAM = .)
                [!provide]                        PROVIDE (__start_data_SRAM = .)
 *(SORT_BY_ALIGNMENT(vtable))
 *(SORT_BY_ALIGNMENT(.ramfunc*))
 *(SORT_BY_ALIGNMENT(CodeQuickAccess))
 *(SORT_BY_ALIGNMENT(DataQuickAccess))
 *(SORT_BY_ALIGNMENT(RamFunction))
 *(SORT_BY_ALIGNMENT(.data*))
 .data.rx_data  0x20000000        0x1 ./source/cmsis_usart_edma_transfer.o
                0x20000000                rx_data
 *fill*         0x20000001        0x3 ff
 .data.s_Ext_Clk_Freq
                0x20000004        0x4 ./drivers/fsl_clock.o
 .data.s_Xtal32_Freq
                0x20000008        0x4 ./drivers/fsl_clock.o
 .data.LPUART4_EdmaResource
                0x2000000c       0x18 ./drivers/fsl_lpuart_cmsis.o
 .data.LPUART4_EdmaDriverState
                0x20000024       0x1c ./drivers/fsl_lpuart_cmsis.o
 .data.SystemCoreClock
                0x20000040        0x4 ./device/system_MCXN947_cm33_core0.o
                0x20000040                SystemCoreClock
 .data.rxBufferEmpty
                0x20000044        0x1 ./source/cmsis_usart_edma_transfer.o
                0x20000044                rxBufferEmpty
                0x20000048                        . = ALIGN (0x4)
 *fill*         0x20000045        0x3 ff
                0x20000048                        _edata = .
                [!provide]                        PROVIDE (__end_data_RAM = .)
                [!provide]                        PROVIDE (__end_data_SRAM = .)

.igot.plt       0x20000048        0x0 load address 0x0000783c
 .igot.plt      0x20000048        0x0 ./utilities/fsl_assert.o

.bss_RAM2       0x04000000        0x0
                [!provide]                        PROVIDE (__start_bss_RAM2 = .)
                [!provide]                        PROVIDE (__start_bss_SRAMX = .)
 *(SORT_BY_ALIGNMENT(.bss.$RAM2))
 *(SORT_BY_ALIGNMENT(.bss.$SRAMX))
 *(SORT_BY_ALIGNMENT(.bss.$RAM2.*))
 *(SORT_BY_ALIGNMENT(.bss.$SRAMX.*))
                0x04000000                        . = ALIGN ((. != 0x0)?0x4:0x1)
                [!provide]                        PROVIDE (__end_bss_RAM2 = .)
                [!provide]                        PROVIDE (__end_bss_SRAMX = .)

.bss_RAM3       0x20060000        0x0
                [!provide]                        PROVIDE (__start_bss_RAM3 = .)
                [!provide]                        PROVIDE (__start_bss_SRAMH = .)
 *(SORT_BY_ALIGNMENT(.bss.$RAM3))
 *(SORT_BY_ALIGNMENT(.bss.$SRAMH))
 *(SORT_BY_ALIGNMENT(.bss.$RAM3.*))
 *(SORT_BY_ALIGNMENT(.bss.$SRAMH.*))
                0x20060000                        . = ALIGN ((. != 0x0)?0x4:0x1)
                [!provide]                        PROVIDE (__end_bss_RAM3 = .)
                [!provide]                        PROVIDE (__end_bss_SRAMH = .)

.bss_RAM4       0x400ba000        0x0
                [!provide]                        PROVIDE (__start_bss_RAM4 = .)
                [!provide]                        PROVIDE (__start_bss_USB_RAM = .)
 *(SORT_BY_ALIGNMENT(.bss.$RAM4))
 *(SORT_BY_ALIGNMENT(.bss.$USB_RAM))
 *(SORT_BY_ALIGNMENT(.bss.$RAM4.*))
 *(SORT_BY_ALIGNMENT(.bss.$USB_RAM.*))
                0x400ba000                        . = ALIGN ((. != 0x0)?0x4:0x1)
                [!provide]                        PROVIDE (__end_bss_RAM4 = .)
                [!provide]                        PROVIDE (__end_bss_USB_RAM = .)

.bss            0x20000048      0x33c
                0x20000048                        _bss = .
                [!provide]                        PROVIDE (__start_bss_RAM = .)
                [!provide]                        PROVIDE (__start_bss_SRAM = .)
 *(SORT_BY_ALIGNMENT(.bss*))
 .bss.s_debugConsole
                0x20000048       0x14 ./utilities/fsl_debug_console.o
 .bss.s_EDMAHandle
                0x2000005c       0x80 ./drivers/fsl_edma.o
 .bss.s_lpflexcommIrqHandler
                0x200000dc       0xa0 ./drivers/fsl_lpflexcomm.o
 .bss.s_lpflexcommHandle
                0x2000017c       0xa0 ./drivers/fsl_lpflexcomm.o
 .bss.LPUART4_EdmaHandle
                0x2000021c       0x1c ./drivers/fsl_lpuart_cmsis.o
 .bss.LPUART4_EdmaRxHandle