Archive member included to satisfy reference by file (symbol)

c:/nxp/mcuxpressoide_11.9.1_2170/ide/plugins/com.nxp.mcuxpresso.tools.win32_11.9.1.202402080819/tools/bin/../lib/gcc/arm-none-eabi/12.3.1/../../../../arm-none-eabi/lib/thumb/v8-m.main+fp/hard\libcr_nohost_nf.a(_cr__main.o)
                              ./startup/startup_mcxn947_cm33_core0.o (__main)
c:/nxp/mcuxpressoide_11.9.1_2170/ide/plugins/com.nxp.mcuxpresso.tools.win32_11.9.1.202402080819/tools/bin/../lib/gcc/arm-none-eabi/12.3.1/../../../../arm-none-eabi/lib/thumb/v8-m.main+fp/hard\libcr_c.a(memset.o)
                              ./drivers/fsl_lpi2c.o (memset)
c:/nxp/mcuxpressoide_11.9.1_2170/ide/plugins/com.nxp.mcuxpresso.tools.win32_11.9.1.202402080819/tools/bin/../lib/gcc/arm-none-eabi/12.3.1/../../../../arm-none-eabi/lib/thumb/v8-m.main+fp/hard\libcr_c.a(alloc.o)
                              ./drivers/fsl_common.o (malloc)
c:/nxp/mcuxpressoide_11.9.1_2170/ide/plugins/com.nxp.mcuxpresso.tools.win32_11.9.1.202402080819/tools/bin/../lib/gcc/arm-none-eabi/12.3.1/../../../../arm-none-eabi/lib/thumb/v8-m.main+fp/hard\libcr_c.a(errno.o)
                              ./utilities/fsl_str.o (errno)
c:/nxp/mcuxpressoide_11.9.1_2170/ide/plugins/com.nxp.mcuxpresso.tools.win32_11.9.1.202402080819/tools/bin/../lib/gcc/arm-none-eabi/12.3.1/../../../../arm-none-eabi/lib/thumb/v8-m.main+fp/hard\libcr_c.a(initio.o)
                              c:/nxp/mcuxpressoide_11.9.1_2170/ide/plugins/com.nxp.mcuxpresso.tools.win32_11.9.1.202402080819/tools/bin/../lib/gcc/arm-none-eabi/12.3.1/../../../../arm-none-eabi/lib/thumb/v8-m.main+fp/hard\libcr_nohost_nf.a(_cr__main.o) (_initio)
c:/nxp/mcuxpressoide_11.9.1_2170/ide/plugins/com.nxp.mcuxpresso.tools.win32_11.9.1.202402080819/tools/bin/../lib/gcc/arm-none-eabi/12.3.1/../../../../arm-none-eabi/lib/thumb/v8-m.main+fp/hard\libcr_c.a(scanf.o)
                              ./utilities/fsl_str.o (strtoul)
c:/nxp/mcuxpressoide_11.9.1_2170/ide/plugins/com.nxp.mcuxpresso.tools.win32_11.9.1.202402080819/tools/bin/../lib/gcc/arm-none-eabi/12.3.1/../../../../arm-none-eabi/lib/thumb/v8-m.main+fp/hard\libcr_c.a(setvbuf.o)
                              c:/nxp/mcuxpressoide_11.9.1_2170/ide/plugins/com.nxp.mcuxpresso.tools.win32_11.9.1.202402080819/tools/bin/../lib/gcc/arm-none-eabi/12.3.1/../../../../arm-none-eabi/lib/thumb/v8-m.main+fp/hard\libcr_c.a(initio.o) (setvbuf)
c:/nxp/mcuxpressoide_11.9.1_2170/ide/plugins/com.nxp.mcuxpresso.tools.win32_11.9.1.202402080819/tools/bin/../lib/gcc/arm-none-eabi/12.3.1/../../../../arm-none-eabi/lib/thumb/v8-m.main+fp/hard\libcr_c.a(strlen.o)
                              ./utilities/fsl_debug_console.o (strlen)
c:/nxp/mcuxpressoide_11.9.1_2170/ide/plugins/com.nxp.mcuxpresso.tools.win32_11.9.1.202402080819/tools/bin/../lib/gcc/arm-none-eabi/12.3.1/../../../../arm-none-eabi/lib/thumb/v8-m.main+fp/hard\libcr_c.a(ungetc.o)
                              c:/nxp/mcuxpressoide_11.9.1_2170/ide/plugins/com.nxp.mcuxpresso.tools.win32_11.9.1.202402080819/tools/bin/../lib/gcc/arm-none-eabi/12.3.1/../../../../arm-none-eabi/lib/thumb/v8-m.main+fp/hard\libcr_c.a(scanf.o) (ungetc)
c:/nxp/mcuxpressoide_11.9.1_2170/ide/plugins/com.nxp.mcuxpresso.tools.win32_11.9.1.202402080819/tools/bin/../lib/gcc/arm-none-eabi/12.3.1/../../../../arm-none-eabi/lib/thumb/v8-m.main+fp/hard\libcr_c.a(__fillbuf.o)
                              c:/nxp/mcuxpressoide_11.9.1_2170/ide/plugins/com.nxp.mcuxpresso.tools.win32_11.9.1.202402080819/tools/bin/../lib/gcc/arm-none-eabi/12.3.1/../../../../arm-none-eabi/lib/thumb/v8-m.main+fp/hard\libcr_c.a(scanf.o) (__filbuf)
c:/nxp/mcuxpressoide_11.9.1_2170/ide/plugins/com.nxp.mcuxpresso.tools.win32_11.9.1.202402080819/tools/bin/../lib/gcc/arm-none-eabi/12.3.1/../../../../arm-none-eabi/lib/thumb/v8-m.main+fp/hard\libcr_c.a(__init_alloc.o)
                              c:/nxp/mcuxpressoide_11.9.1_2170/ide/plugins/com.nxp.mcuxpresso.tools.win32_11.9.1.202402080819/tools/bin/../lib/gcc/arm-none-eabi/12.3.1/../../../../arm-none-eabi/lib/thumb/v8-m.main+fp/hard\libcr_c.a(alloc.o) (__heaps)
c:/nxp/mcuxpressoide_11.9.1_2170/ide/plugins/com.nxp.mcuxpresso.tools.win32_11.9.1.202402080819/tools/bin/../lib/gcc/arm-none-eabi/12.3.1/../../../../arm-none-eabi/lib/thumb/v8-m.main+fp/hard\libcr_c.a(_cr_sbrk.o)
                              c:/nxp/mcuxpressoide_11.9.1_2170/ide/plugins/com.nxp.mcuxpresso.tools.win32_11.9.1.202402080819/tools/bin/../lib/gcc/arm-none-eabi/12.3.1/../../../../arm-none-eabi/lib/thumb/v8-m.main+fp/hard\libcr_c.a(alloc.o) (_sbrk)
c:/nxp/mcuxpressoide_11.9.1_2170/ide/plugins/com.nxp.mcuxpresso.tools.win32_11.9.1.202402080819/tools/bin/../lib/gcc/arm-none-eabi/12.3.1/../../../../arm-none-eabi/lib/thumb/v8-m.main+fp/hard\libcr_c.a(_deferredlazyseek.o)
[...]
Memory Configuration

Name             Origin             Length             Attributes
PROGRAM_FLASH0   0x00000000         0x00100000         xr
PROGRAM_FLASH1   0x00100000         0x00100000         xr
SRAM             0x20000000         0x00060000         xrw
SRAMX            0x04000000         0x00018000         xrw
SRAMH            0x20060000         0x00008000         xrw
USB_RAM          0x400ba000         0x00001000         xrw
*default*        0x00000000         0xffffffff

Linker script and memory map

LOAD ./utilities/fsl_assert.o
LOAD ./utilities/fsl_debug_console.o
LOAD ./utilities/fsl_memcpy.o
LOAD ./utilities/fsl_str.o
LOAD ./startup/boot_multicore_slave.o
LOAD ./startup/startup_mcxn947_cm33_core0.o
LOAD ./source/lpi2c_interrupt.o
LOAD ./source/semihost_hardfault.o
LOAD ./drivers/fsl_clock.o
LOAD ./drivers/fsl_common.o
LOAD ./drivers/fsl_common_arm.o
LOAD ./drivers/fsl_gpio.o
LOAD ./drivers/fsl_lpflexcomm.o
LOAD ./drivers/fsl_lpi2c.o
LOAD ./drivers/fsl_lpuart.o
LOAD ./drivers/fsl_reset.o
LOAD ./drivers/fsl_spc.o
LOAD ./device/system_MCXN947_cm33_core0.o
LOAD ./component/uart/fsl_adapter_lpuart.o
LOAD ./component/lists/fsl_component_generic_list.o
LOAD ./board/board.o
LOAD ./board/clock_config.o
LOAD ./board/pin_mux.o
START GROUP
LOAD c:/nxp/mcuxpressoide_11.9.1_2170/ide/plugins/com.nxp.mcuxpresso.tools.win32_11.9.1.202402080819/tools/bin/../lib/gcc/arm-none-eabi/12.3.1/../../../../arm-none-eabi/lib/thumb/v8-m.main+fp/hard\libcr_nohost_nf.a
LOAD c:/nxp/mcuxpressoide_11.9.1_2170/ide/plugins/com.nxp.mcuxpresso.tools.win32_11.9.1.202402080819/tools/bin/../lib/gcc/arm-none-eabi/12.3.1/../../../../arm-none-eabi/lib/thumb/v8-m.main+fp/hard\libcr_c.a
LOAD c:/nxp/mcuxpressoide_11.9.1_2170/ide/plugins/com.nxp.mcuxpresso.tools.win32_11.9.1.202402080819/tools/bin/../lib/gcc/arm-none-eabi/12.3.1/thumb/v8-m.main+fp/hard\libcr_eabihelpers.a
LOAD c:/nxp/mcuxpressoide_11.9.1_2170/ide/plugins/com.nxp.mcuxpresso.tools.win32_11.9.1.202402080819/tools/bin/../lib/gcc/arm-none-eabi/12.3.1/thumb/v8-m.main+fp/hard\libgcc.a
END GROUP
                0x00000000                        __base_PROGRAM_FLASH0 = 0x0
                0x00000000                        __base_Flash = 0x0
                0x00100000                        __top_PROGRAM_FLASH0 = 0x100000
                0x00100000                        __top_Flash = 0x100000
                0x00100000                        __base_PROGRAM_FLASH1 = 0x100000
                0x00100000                        __base_Flash2 = 0x100000
                0x00200000                        __top_PROGRAM_FLASH1 = 0x200000
                0x00200000                        __top_Flash2 = 0x200000
                0x20000000                        __base_SRAM = 0x20000000
                0x20000000                        __base_RAM = 0x20000000
                0x20060000                        __top_SRAM = 0x20060000
                0x20060000                        __top_RAM = 0x20060000
                0x04000000                        __base_SRAMX = 0x4000000
                0x04000000                        __base_RAM2 = 0x4000000
                0x04018000                        __top_SRAMX = 0x4018000
                0x04018000                        __top_RAM2 = 0x4018000
                0x20060000                        __base_SRAMH = 0x20060000
                0x20060000                        __base_RAM3 = 0x20060000
                0x20068000                        __top_SRAMH = 0x20068000
                0x20068000                        __top_RAM3 = 0x20068000
                0x400ba000                        __base_USB_RAM = 0x400ba000
                0x400ba000                        __base_RAM4 = 0x400ba000
                0x400bb000                        __top_USB_RAM = 0x400bb000
                0x400bb000                        __top_RAM4 = 0x400bb000

.text_Flash2    0x00100000        0x0
 FILL mask 0xff
 *(SORT_BY_ALIGNMENT(.text_Flash2))
 *(SORT_BY_ALIGNMENT(.text_PROGRAM_FLASH1))
 *(SORT_BY_ALIGNMENT(.text.$Flash2))
 *(SORT_BY_ALIGNMENT(.text.$PROGRAM_FLASH1))
 *(SORT_BY_ALIGNMENT(.text_Flash2.*))
 *(SORT_BY_ALIGNMENT(.text_PROGRAM_FLASH1.*))
 *(SORT_BY_ALIGNMENT(.text.$Flash2.*))
 *(SORT_BY_ALIGNMENT(.text.$PROGRAM_FLASH1.*))
 *(SORT_BY_ALIGNMENT(.rodata.$Flash2))
 *(SORT_BY_ALIGNMENT(.rodata.$PROGRAM_FLASH1))
 *(SORT_BY_ALIGNMENT(.rodata.$Flash2.*))
 *(SORT_BY_ALIGNMENT(.rodata.$PROGRAM_FLASH1.*))

.text           0x00000000     0x48fc
 FILL mask 0xff
                0x00000000                        __vectors_start__ = ABSOLUTE (.)
 *(SORT_BY_ALIGNMENT(.isr_vector))
 .isr_vector    0x00000000      0x2b0 ./startup/startup_mcxn947_cm33_core0.o
                0x00000000                g_pfnVectors
                0x00000000                __Vectors
                0x000002b0                        . = ALIGN (0x4)
                0x000002b0                        __section_table_start = .
                0x000002b0                        __data_section_table = .
                0x000002b0        0x4 LONG 0x48fc LOADADDR (.data)
                0x000002b4        0x4 LONG 0x20000000 ADDR (.data)
                0x000002b8        0x4 LONG 0x1c SIZEOF (.data)
                0x000002bc        0x4 LONG 0x48fc LOADADDR (.data_RAM2)
                0x000002c0        0x4 LONG 0x4000000 ADDR (.data_RAM2)
                0x000002c4        0x4 LONG 0x0 SIZEOF (.data_RAM2)
                0x000002c8        0x4 LONG 0x48fc LOADADDR (.data_RAM3)
                0x000002cc        0x4 LONG 0x20060000 ADDR (.data_RAM3)
                0x000002d0        0x4 LONG 0x0 SIZEOF (.data_RAM3)
                0x000002d4        0x4 LONG 0x48fc LOADADDR (.data_RAM4)
                0x000002d8        0x4 LONG 0x400ba000 ADDR (.data_RAM4)
                0x000002dc        0x4 LONG 0x0 SIZEOF (.data_RAM4)
                0x000002e0                        __data_section_table_end = .
                0x000002e0                        __bss_section_table = .
                0x000002e0        0x4 LONG 0x2000001c ADDR (.bss)
                0x000002e4        0x4 LONG 0x230 SIZEOF (.bss)
                0x000002e8        0x4 LONG 0x4000000 ADDR (.bss_RAM2)
                0x000002ec        0x4 LONG 0x0 SIZEOF (.bss_RAM2)
                0x000002f0        0x4 LONG 0x20060000 ADDR (.bss_RAM3)
                0x000002f4        0x4 LONG 0x0 SIZEOF (.bss_RAM3)
                0x000002f8        0x4 LONG 0x400ba000 ADDR (.bss_RAM4)
                0x000002fc        0x4 LONG 0x0 SIZEOF (.bss_RAM4)
                0x00000300                        __bss_section_table_end = .
                0x00000300                        __section_table_end = .
 *(SORT_BY_ALIGNMENT(.after_vectors*))
 .after_vectors.reset
                0x00000300       0x68 ./startup/startup_mcxn947_cm33_core0.o
                0x00000300                ResetISR
 .after_vectors.init_data
                0x00000368       0x1e ./startup/startup_mcxn947_cm33_core0.o
                0x00000368                data_init
 .after_vectors.init_bss
                0x00000386       0x12 ./startup/startup_mcxn947_cm33_core0.o
                0x00000386                bss_init
 .after_vectors
                0x00000398       0x16 ./startup/startup_mcxn947_cm33_core0.o
                0x00000398                NMI_Handler
                0x0000039c                MemManage_Handler
                0x0000039e                BusFault_Handler
                0x000003a0                UsageFault_Handler
                0x000003a2                SecureFault_Handler
                0x000003a4                SVC_Handler
                0x000003a6                DebugMon_Handler
                0x000003a8                PendSV_Handler
                0x000003aa                SysTick_Handler
                0x000003ac                PKC_ERR_DriverIRQHandler
                0x000003ac                ENC0_IDX_DriverIRQHandler
                0x000003ac                EDMA_0_CH5_DriverIRQHandler
                0x000003ac                EDMA_0_CH14_DriverIRQHandler
                0x000003ac                EDMA_1_CH0_DriverIRQHandler
                0x000003ac                I3C0_DriverIRQHandler
                0x000003ac                CMC0_DriverIRQHandler
                0x000003ac                EDMA_0_CH15_DriverIRQHandler
                0x000003ac                LPTMR0_DriverIRQHandler
                0x000003ac                EDMA_0_CH2_DriverIRQHandler
                0x000003ac                USB0_FS_DriverIRQHandler
                0x000003ac                FLEXPWM1_SUBMODULE1_DriverIRQHandler
                0x000003ac                FLEXPWM0_SUBMODULE1_DriverIRQHandler
                0x000003ac                SCG_DriverIRQHandler
                0x000003ac                EDMA_1_CH13_DriverIRQHandler
                0x000003ac                EDMA_1_CH11_DriverIRQHandler
                0x000003ac                FLEXPWM0_RELOAD_ERROR_DriverIRQHandler
                0x000003ac                TRNG0_DriverIRQHandler
                0x000003ac                EDMA_1_CH9_DriverIRQHandler
                0x000003ac                SEC_VIO_DriverIRQHandler
                0x000003ac                ERM_MULTI_BIT_ERROR_DriverIRQHandler
                0x000003ac                GPIO31_DriverIRQHandler
                0x000003ac                EWM0_DriverIRQHandler
                0x000003ac                PKC_DriverIRQHandler
                0x000003ac                EDMA_0_CH10_DriverIRQHandler
                0x000003ac                USB1_HS_PHY_DriverIRQHandler
                0x000003ac                ELS_DriverIRQHandler
                0x000003ac                EDMA_1_CH2_DriverIRQHandler
                0x000003ac                ETHERNET_DriverIRQHandler
                0x000003ac                EDMA_1_CH14_DriverIRQHandler
                0x000003ac                FLEXPWM1_SUBMODULE3_DriverIRQHandler
                0x000003ac                EDMA_1_CH7_DriverIRQHandler
                0x000003ac                EDMA_1_CH6_DriverIRQHandler
                0x000003ac                DAC1_DriverIRQHandler
                0x000003ac                CTIMER2_DriverIRQHandler
                0x000003ac                EMVSIM0_DriverIRQHandler
                0x000003ac                ITRC0_DriverIRQHandler
                0x000003ac                EDMA_0_CH9_DriverIRQHandler
                0x000003ac                ETB0_DriverIRQHandler
                0x000003ac                Freqme_DriverIRQHandler
                0x000003ac                Reserved80_DriverIRQHandler
                0x000003ac                IntDefaultHandler
                0x000003ac                WWDT1_DriverIRQHandler
                0x000003ac                FLEXIO_DriverIRQHandler
                0x000003ac                DAC0_DriverIRQHandler
                0x000003ac                MRT0_DriverIRQHandler
                0x000003ac                UTICK0_DriverIRQHandler
                0x000003ac                FLEXPWM0_SUBMODULE2_DriverIRQHandler
                0x000003ac                GPIO01_DriverIRQHandler
                0x000003ac                EDMA_0_CH3_DriverIRQHandler
                0x000003ac                WWDT0_DriverIRQHandler
                0x000003ac                USDHC0_DriverIRQHandler
                0x000003ac                GPIO00_DriverIRQHandler
                0x000003ac                EDMA_0_CH4_DriverIRQHandler
                0x000003ac                GPIO11_DriverIRQHandler
                0x000003ac                CTIMER4_DriverIRQHandler
                0x000003ac                BSP32_DriverIRQHandler
                0x000003ac                FLEXPWM0_FAULT_DriverIRQHandler
                0x000003ac                EDMA_1_CH1_DriverIRQHandler
                0x000003ac                SAI1_DriverIRQHandler
                0x000003ac                ERM_SINGLE_BIT_ERROR_DriverIRQHandler
                0x000003ac                GPIO21_DriverIRQHandler
                0x000003ac                FLEXPWM1_FAULT_DriverIRQHandler
                0x000003ac                GPIO30_DriverIRQHandler
                0x000003ac                CTIMER0_DriverIRQHandler
                0x000003ac                CTIMER1_DriverIRQHandler
                0x000003ac                PINT0_DriverIRQHandler
                0x000003ac                ADC1_DriverIRQHandler
                0x000003ac                ENC0_HOME_DriverIRQHandler
                0x000003ac                PQ_DriverIRQHandler
                0x000003ac                ETHERNET_MACLP_DriverIRQHandler
                0x000003ac                USB0_DCD_DriverIRQHandler
                0x000003ac                EDMA_0_CH11_DriverIRQHandler
                0x000003ac                MAILBOX_DriverIRQHandler
                0x000003ac                WUU_DriverIRQHandler
                0x000003ac                EDMA_0_CH6_DriverIRQHandler
                0x000003ac                CTIMER3_DriverIRQHandler
                0x000003ac                FLEXPWM1_SUBMODULE0_DriverIRQHandler
                0x000003ac                SM3_DriverIRQHandler
                0x000003ac                CDOG1_DriverIRQHandler
                0x000003ac                TSI_OUT_OF_SCAN_DriverIRQHandler
                0x000003ac                ENC0_WDG_SAB_DriverIRQHandler
                0x000003ac                EDMA_1_CH4_DriverIRQHandler
                0x000003ac                PUF_DriverIRQHandler
                0x000003ac                SPC_DriverIRQHandler
                0x000003ac                RTC_DriverIRQHandler
                0x000003ac                VBAT0_DriverIRQHandler
                0x000003ac                Reserved65_DriverIRQHandler
                0x000003ac                HSCMP2_DriverIRQHandler
                0x000003ac                EDMA_0_CH0_DriverIRQHandler
                0x000003ac                EDMA_1_CH5_DriverIRQHandler
                0x000003ac                PDM_EVENT_DriverIRQHandler
                0x000003ac                ELS_ERR_DriverIRQHandler
                0x000003ac                ETHERNET_PMT_DriverIRQHandler
                0x000003ac                FLEXPWM1_RELOAD_ERROR_DriverIRQHandler
                0x000003ac                FMU0_DriverIRQHandler
                0x000003ac                EDMA_0_CH8_DriverIRQHandler
                0x000003ac                LPTMR1_DriverIRQHandler
                0x000003ac                GPIO40_DriverIRQHandler
                0x000003ac                CTI0_DriverIRQHandler
                0x000003ac                EDMA_1_CH3_DriverIRQHandler
                0x000003ac                EDMA_1_CH15_DriverIRQHandler
                0x000003ac                FLEXPWM1_SUBMODULE2_DriverIRQHandler
                0x000003ac                ENC1_HOME_DriverIRQHandler
                0x000003ac                GPIO20_DriverIRQHandler
                0x000003ac                EDMA_1_CH8_DriverIRQHandler
                0x000003ac                GDET_DriverIRQHandler
                0x000003ac                PORT_EFT_DriverIRQHandler
                0x000003ac                Reserved85_DriverIRQHandler
                0x000003ac                Reserved81_DriverIRQHandler
                0x000003ac                TSI_END_OF_SCAN_DriverIRQHandler
                0x000003ac                ENC1_IDX_DriverIRQHandler
                0x000003ac                FLEXPWM0_SUBMODULE3_DriverIRQHandler
                0x000003ac                ADC0_DriverIRQHandler
                0x000003ac                OR_DriverIRQHandler
                0x000003ac                EDMA_0_CH13_DriverIRQHandler
                0x000003ac                USB1_HS_DriverIRQHandler
                0x000003ac                EDMA_0_CH1_DriverIRQHandler
                0x000003ac                DAC2_DriverIRQHandler
                0x000003ac                GPIO51_DriverIRQHandler
                0x000003ac                HSCMP0_DriverIRQHandler
                0x000003ac                EDMA_0_CH12_DriverIRQHandler
                0x000003ac                CDOG0_DriverIRQHandler
                0x000003ac                CAN0_DriverIRQHandler
                0x000003ac                SMARTDMA_DriverIRQHandler
                0x000003ac                SAI0_DriverIRQHandler
                0x000003ac                EMVSIM1_DriverIRQHandler
                0x000003ac                I3C1_DriverIRQHandler
                0x000003ac                ENC0_COMPARE_DriverIRQHandler
                0x000003ac                EDMA_0_CH7_DriverIRQHandler
                0x000003ac                HSCMP1_DriverIRQHandler
                0x000003ac                EDMA_1_CH10_DriverIRQHandler
                0x000003ac                EDMA_1_CH12_DriverIRQHandler
                0x000003ac                FLEXSPI0_DriverIRQHandler
                0x000003ac                GPIO50_DriverIRQHandler
                0x000003ac                GPIO10_DriverIRQHandler
                0x000003ac                SCT0_DriverIRQHandler
                0x000003ac                CAN1_DriverIRQHandler
                0x000003ac                ENC1_COMPARE_DriverIRQHandler
                0x000003ac                PLU_DriverIRQHandler
                0x000003ac                FLEXPWM0_SUBMODULE0_DriverIRQHandler
                0x000003ac                OS_EVENT_DriverIRQHandler
                0x000003ac                ENC1_WDG_SAB_DriverIRQHandler
                0x000003ac                SINC_FILTER_DriverIRQHandler
                0x000003ac                NPU_DriverIRQHandler
                0x000003ac                GPIO41_DriverIRQHandler
                0x000003ac                SEC_HYPERVISOR_CALL_DriverIRQHandler
 *(SORT_BY_ALIGNMENT(.text*))
 *fill*         0x000003ae        0x2 ff
 .text.__assertion_failed
                0x000003b0       0x18 ./utilities/fsl_assert.o
                0x000003b0                __assertion_failed
 .text.DbgConsole_Init
                0x000003c8       0x88 ./utilities/fsl_debug_console.o
                0x000003c8                DbgConsole_Init
 .text.DbgConsole_Vprintf
                0x00000450       0x3c ./utilities/fsl_debug_console.o
                0x00000450                DbgConsole_Vprintf
 .text.DbgConsole_Putchar
                0x0000048c       0x30 ./utilities/fsl_debug_console.o
                0x0000048c                DbgConsole_Putchar
 .text.DbgConsole_PrintfFormattedData
                0x000004bc      0x3e0 ./utilities/fsl_debug_console.o
 .text          0x0000089c       0xa0 ./utilities/fsl_memcpy.o
                0x0000089c                memcpy
 .text.__NVIC_EnableIRQ
                0x0000093c       0x3c ./source/lpi2c_interrupt.o
 .text.__NVIC_SetPriority
                0x00000978       0x54 ./source/lpi2c_interrupt.o
 .text.LP_FLEXCOMM2_IRQHandler
                0x000009cc       0xe0 ./source/lpi2c_interrupt.o
                0x000009cc                LP_FLEXCOMM2_IRQHandler
 .text.main     0x00000aac      0x104 ./source/lpi2c_interrupt.o
                0x00000aac                main
 .text.CLOCK_IsPLL0Locked
                0x00000bb0       0x28 ./drivers/fsl_clock.o
 .text.CLOCK_IsPLL1Locked
                0x00000bd8       0x28 ./drivers/fsl_clock.o
 .text.CLOCK_SetupFROHFClocking
                0x00000c00       0x9c ./drivers/fsl_clock.o
                0x00000c00                CLOCK_SetupFROHFClocking
 .text.CLOCK_SetPll0MonitorMode
                0x00000c9c       0x38 ./drivers/fsl_clock.o
                0x00000c9c                CLOCK_SetPll0MonitorMode
 .text.CLOCK_AttachClk
                0x00000cd4       0xb0 ./drivers/fsl_clock.o
                0x00000cd4                CLOCK_AttachClk
 .text.CLOCK_SetClkDiv
                0x00000d84       0x54 ./drivers/fsl_clock.o
                0x00000d84                CLOCK_SetClkDiv
 .text.CLOCK_GetLPFlexCommClkFreq
                0x00000dd8       0xa0 ./drivers/fsl_clock.o
                0x00000dd8                CLOCK_GetLPFlexCommClkFreq
 .text.CLOCK_GetPLL0InClockRate
                0x00000e78       0x58 ./drivers/fsl_clock.o
                0x00000e78                CLOCK_GetPLL0InClockRate
 .text.CLOCK_GetPLL1InClockRate
                0x00000ed0       0x58 ./drivers/fsl_clock.o
                0x00000ed0                CLOCK_GetPLL1InClockRate
 .text.CLOCK_SetPLL0Freq
                0x00000f28      0x10c ./drivers/fsl_clock.o
                0x00000f28                CLOCK_SetPLL0Freq
 .text.CLOCK_GetFro12MFreq
                0x00001034       0x2c ./drivers/fsl_clock.o
 .text.CLOCK_GetClk1MFreq
                0x00001060       0x14 ./drivers/fsl_clock.o
 .text.CLOCK_GetFroHfFreq
                0x00001074       0x4c ./drivers/fsl_clock.o
 .text.CLOCK_GetClk48MFreq
                0x000010c0       0x2c ./drivers/fsl_clock.o
 .text.CLOCK_GetClk16KFreq
                0x000010ec       0x44 ./drivers/fsl_clock.o
 .text.CLOCK_GetExtClkFreq
                0x00001130       0x2c ./drivers/fsl_clock.o
 .text.CLOCK_GetOsc32KFreq
                0x0000115c       0x4c ./drivers/fsl_clock.o
 .text.CLOCK_GetLposcFreq
                0x000011a8       0x48 ./drivers/fsl_clock.o
 .text.findPll0PreDiv
                0x000011f0       0x40 ./drivers/fsl_clock.o
 .text.findPll1PreDiv
                0x00001230       0x40 ./drivers/fsl_clock.o
 .text.findPll0PostDiv
                0x00001270       0x60 ./drivers/fsl_clock.o
 .text.findPll1PostDiv
                0x000012d0       0x60 ./drivers/fsl_clock.o
 .text.findPll0MMult
                0x00001330       0xac ./drivers/fsl_clock.o
 .text.findPll1MMult
                0x000013dc       0xac ./drivers/fsl_clock.o
 .text.LP_FLEXCOMM_GetBaseAddress
                0x00001488       0x2c ./drivers/fsl_lpflexcomm.o
                0x00001488                LP_FLEXCOMM_GetBaseAddress
 .text.LP_FLEXCOMM_GetInterruptStatus
                0x000014b4       0x28 ./drivers/fsl_lpflexcomm.o
                0x000014b4                LP_FLEXCOMM_GetInterruptStatus
 .text.LP_FLEXCOMM_SetPeriph
                0x000014dc       0x94 ./drivers/fsl_lpflexcomm.o
 .text.LP_FLEXCOMM_Init
                0x00001570       0x58 ./drivers/fsl_lpflexcomm.o
                0x00001570                LP_FLEXCOMM_Init
 .text.LP_FLEXCOMM_CommonIRQHandler
                0x000015c8       0xb8 ./drivers/fsl_lpflexcomm.o
 .text.LPI2C_GetInstance
                0x00001680       0x4c ./drivers/fsl_lpi2c.o
                0x00001680                LPI2C_GetInstance
 .text.LPI2C_GetCyclesForWidth
                0x000016cc       0x9c ./drivers/fsl_lpi2c.o
 .text.LPI2C_MasterGetDefaultConfig
                0x00001768       0x6c ./drivers/fsl_lpi2c.o
                0x00001768                LPI2C_MasterGetDefaultConfig
 .text.LPI2C_MasterInit
                0x000017d4      0x208 ./drivers/fsl_lpi2c.o
                0x000017d4                LPI2C_MasterInit
 .text.LPI2C_MasterSetBaudRate
                0x000019dc      0x2c4 ./drivers/fsl_lpi2c.o
                0x000019dc                LPI2C_MasterSetBaudRate
 .text.LPI2C_MasterSend
                0x00001ca0       0x58 ./drivers/fsl_lpi2c.o
                0x00001ca0                LPI2C_MasterSend
 .text.LPUART_GetInstance
                0x00001cf8       0x4c ./drivers/fsl_lpuart.o
                0x00001cf8                LPUART_GetInstance
 .text.LPUART_Init
                0x00001d44      0x3c4 ./drivers/fsl_lpuart.o
                0x00001d44                LPUART_Init
 .text.LPUART_GetDefaultConfig
                0x00002108       0x8c ./drivers/fsl_lpuart.o
                0x00002108                LPUART_GetDefaultConfig
 .text.LPUART_GetStatusFlags
                0x00002194       0x60 ./drivers/fsl_lpuart.o
                0x00002194                LPUART_GetStatusFlags
 .text.LPUART_ClearStatusFlags
                0x000021f4       0x94 ./drivers/fsl_lpuart.o
                0x000021f4                LPUART_ClearStatusFlags
 .text.LPUART_WriteBlocking
                0x00002288       0x68 ./drivers/fsl_lpuart.o
                0x00002288                LPUART_WriteBlocking
 .text.LPUART_ReadBlocking
                0x000022f0      0x160 ./drivers/fsl_lpuart.o
                0x000022f0                LPUART_ReadBlocking
 .text.RESET_ClearPeripheralReset
                0x00002450       0x64 ./drivers/fsl_reset.o
                0x00002450                RESET_ClearPeripheralReset
 .text.SPC_SetSRAMOperateVoltage
                0x000024b4       0x64 ./drivers/fsl_spc.o
                0x000024b4                SPC_SetSRAMOperateVoltage
 .text.SPC_SetActiveModeCoreLDORegulatorConfig
                0x00002518       0xbc ./drivers/fsl_spc.o
                0x00002518                SPC_SetActiveModeCoreLDORegulatorConfig
 .text.SPC_SetActiveModeDCDCRegulatorConfig
                0x000025d4       0x68 ./drivers/fsl_spc.o
                0x000025d4                SPC_SetActiveModeDCDCRegulatorConfig
 .text.SystemInit
                0x0000263c      0x114 ./device/system_MCXN947_cm33_core0.o
                0x0000263c                SystemInit
 .text.HAL_UartInitCommon
                0x00002750       0xe4 ./component/uart/fsl_adapter_lpuart.o
 .text.HAL_UartInit
                0x00002834       0x84 ./component/uart/fsl_adapter_lpuart.o
                0x00002834                HAL_UartInit
 .text.HAL_UartReceiveBlocking
                0x000028b8       0x6c ./component/uart/fsl_adapter_lpuart.o
                0x000028b8                HAL_UartReceiveBlocking
 .text.HAL_UartSendBlocking
                0x00002924       0x64 ./component/uart/fsl_adapter_lpuart.o
                0x00002924                HAL_UartSendBlocking
 .text.BOARD_InitDebugConsole
                0x00002988       0x38 ./board/board.o
                0x00002988                BOARD_InitDebugConsole
 .text.BOARD_BootClockPLL150M
                0x000029c0       0xd8 ./board/clock_config.o
                0x000029c0                BOARD_BootClockPLL150M
 .text.PORT_SetPinConfig
                0x00002a98       0x38 ./board/pin_mux.o
 .text.BOARD_InitPins
                0x00002ad0       0x5c ./board/pin_mux.o
                0x00002ad0                BOARD_InitPins
 .text.LPI2C1_InitPins
                0x00002b2c       0x7c ./board/pin_mux.o
                0x00002b2c                LPI2C1_InitPins
 .text.LPI2C2_InitPins
                0x00002ba8       0x7c ./board/pin_mux.o
                0x00002ba8                LPI2C2_InitPins
 .text._initio  0x00002c24       0x78 c:/nxp/mcuxpressoide_11.9.1_2170/ide/plugins/com.nxp.mcuxpresso.tools.win32_11.9.1.202402080819/tools/bin/../lib/gcc/arm-none-eabi/12.3.1/../../../../arm-none-eabi/lib/thumb/v8-m.main+fp/hard\libcr_c.a(initio.o)
                0x00002c24                _initio
 .text._Cwritebuf
                0x00002c9c       0x6c c:/nxp/mcuxpressoide_11.9.1_2170/ide/plugins/com.nxp.mcuxpresso.tools.win32_11.9.1.202402080819/tools/bin/../lib/gcc/arm-none-eabi/12.3.1/../../../../arm-none-eabi/lib/thumb/v8-m.main+fp/hard\libcr_c.a(_writebuf.o)
                0x00002c9c                _Cwritebuf
 .text.fflush   0x00002d08       0x3c c:/nxp/mcuxpressoide_11.9.1_2170/ide/plugins/com.nxp.mcuxpresso.tools.win32_11.9.1.202402080819/tools/bin/../lib/gcc/arm-none-eabi/12.3.1/../../../../arm-none-eabi/lib/thumb/v8-m.main+fp/hard\libcr_c.a(fflush.o)
                0x00002d08                fflush
 .text.fseek    0x00002d44       0xf8 c:/nxp/mcuxpressoide_11.9.1_2170/ide/plugins/com.nxp.mcuxpresso.tools.win32_11.9.1.202402080819/tools/bin/../lib/gcc/arm-none-eabi/12.3.1/../../../../arm-none-eabi/lib/thumb/v8-m.main+fp/hard\libcr_c.a(fseek.o)
                0x00002d44                fseek
 .text.ftell    0x00002e3c       0x44 c:/nxp/mcuxpressoide_11.9.1_2170/ide/plugins/com.nxp.mcuxpresso.tools.win32_11.9.1.202402080819/tools/bin/../lib/gcc/arm-none-eabi/12.3.1/../../../../arm-none-eabi/lib/thumb/v8-m.main+fp/hard\libcr_c.a(ftell.o)
                0x00002e3c                ftell
 .text.DbgConsole_Printf
                0x00002e80       0x2c ./utilities/fsl_debug_console.o
                0x00002e80                DbgConsole_Printf
 .text.DbgConsole_PrintfPaddingCharacter
                0x00002eac       0x40 ./utilities/fsl_debug_console.o
 .text.DbgConsole_ConvertRadixNumToString
                0x00002eec       0xc2 ./utilities/fsl_debug_console.o
 .text.OR_IRQHandler
                0x00002fae        0x8 ./startup/startup_mcxn947_cm33_core0.o
                0x00002fae                OR_IRQHandler
 .text.EDMA_0_CH0_IRQHandler
                0x00002fb6        0x8 ./startup/startup_mcxn947_cm33_core0.o
                0x00002fb6                EDMA_0_CH0_IRQHandler
 .text.EDMA_0_CH1_IRQHandler
                0x00002fbe        0x8 ./startup/startup_mcxn947_cm33_core0.o
                0x00002fbe                EDMA_0_CH1_IRQHandler
 .text.EDMA_0_CH2_IRQHandler
                0x00002fc6        0x8 ./startup/startup_mcxn947_cm33_core0.o
                0x00002fc6                EDMA_0_CH2_IRQHandler
 .text.EDMA_0_CH3_IRQHandler
                0x00002fce        0x8 ./startup/startup_mcxn947_cm33_core0.o
                0x00002fce                EDMA_0_CH3_IRQHandler
 .text.EDMA_0_CH4_IRQHandler
                0x00002fd6        0x8 ./startup/startup_mcxn947_cm33_core0.o
                0x00002fd6                EDMA_0_CH4_IRQHandler
 .text.EDMA_0_CH5_IRQHandler
                0x00002fde        0x8 ./startup/startup_mcxn947_cm33_core0.o
                0x00002fde                EDMA_0_CH5_IRQHandler
 .text.EDMA_0_CH6_IRQHandler
                0x00002fe6        0x8 ./startup/startup_mcxn947_cm33_core0.o
                0x00002fe6                EDMA_0_CH6_IRQHandler
 .text.EDMA_0_CH7_IRQHandler
                0x00002fee        0x8 ./startup/startup_mcxn947_cm33_core0.o
                0x00002fee                EDMA_0_CH7_IRQHandler
 .text.EDMA_0_CH8_IRQHandler
                0x00002ff6        0x8 ./startup/startup_mcxn947_cm33_core0.o
                0x00002ff6                EDMA_0_CH8_IRQHandler
 .text.EDMA_0_CH9_IRQHandler
                0x00002ffe        0x8 ./startup/startup_mcxn947_cm33_core0.o
                0x00002ffe                EDMA_0_CH9_IRQHandler
 .text.EDMA_0_CH10_IRQHandler
                0x00003006        0x8 ./startup/startup_mcxn947_cm33_core0.o
                0x00003006                EDMA_0_CH10_IRQHandler
 .text.EDMA_0_CH11_IRQHandler
                0x0000300e        0x8 ./startup/startup_mcxn947_cm33_core0.o
                0x0000300e                EDMA_0_CH11_IRQHandler
 .text.EDMA_0_CH12_IRQHandler
                0x00003016        0x8 ./startup/startup_mcxn947_cm33_core0.o
                0x00003016                EDMA_0_CH12_IRQHandler
 .text.EDMA_0_CH13_IRQHandler
                0x0000301e        0x8 ./startup/startup_mcxn947_cm33_core0.o
                0x0000301e                EDMA_0_CH13_IRQHandler
 .text.EDMA_0_CH14_IRQHandler
                0x00003026        0x8 ./startup/startup_mcxn947_cm33_core0.o
                0x00003026                EDMA_0_CH14_IRQHandler
 .text.EDMA_0_CH15_IRQHandler
                0x0000302e        0x8 ./startup/startup_mcxn947_cm33_core0.o
                0x0000302e                EDMA_0_CH15_IRQHandler
 .text.GPIO00_IRQHandler
                0x00003036        0x8 ./startup/startup_mcxn947_cm33_core0.o
                0x00003036                GPIO00_IRQHandler
 .text.GPIO01_IRQHandler
                0x0000303e        0x8 ./startup/startup_mcxn947_cm33_core0.o
                0x0000303e                GPIO01_IRQHandler
 .text.GPIO10_IRQHandler
                0x00003046        0x8 ./startup/startup_mcxn947_cm33_core0.o
                0x00003046                GPIO10_IRQHandler
 .text.GPIO11_IRQHandler
                0x0000304e        0x8 ./startup/startup_mcxn947_cm33_core0.o
                0x0000304e                GPIO11_IRQHandler
 .text.GPIO20_IRQHandler
                0x00003056        0x8 ./startup/startup_mcxn947_cm33_core0.o
                0x00003056                GPIO20_IRQHandler
 .text.GPIO21_IRQHandler
                0x0000305e        0x8 ./startup/startup_mcxn947_cm33_core0.o
                0x0000305e                GPIO21_IRQHandler
 .text.GPIO30_IRQHandler
                0x00003066        0x8 ./startup/startup_mcxn947_cm33_core0.o
                0x00003066                GPIO30_IRQHandler
 .text.GPIO31_IRQHandler
                0x0000306e        0x8 ./startup/startup_mcxn947_cm33_core0.o
                0x0000306e                GPIO31_IRQHandler
 .text.GPIO40_IRQHandler
                0x00003076        0x8 ./startup/startup_mcxn947_cm33_core0.o
                0x00003076                GPIO40_IRQHandler
 .text.GPIO41_IRQHandler
                0x0000307e        0x8 ./startup/startup_mcxn947_cm33_core0.o
                0x0000307e                GPIO41_IRQHandler
 .text.GPIO50_IRQHandler
                0x00003086        0x8 ./startup/startup_mcxn947_cm33_core0.o
                0x00003086                GPIO50_IRQHandler
 .text.GPIO51_IRQHandler
                0x0000308e        0x8 ./startup/startup_mcxn947_cm33_core0.o
                0x0000308e                GPIO51_IRQHandler
 .text.UTICK0_IRQHandler
                0x00003096        0x8 ./startup/startup_mcxn947_cm33_core0.o
                0x00003096                UTICK0_IRQHandler
 .text.MRT0_IRQHandler
                0x0000309e        0x8 ./startup/startup_mcxn947_cm33_core0.o
                0x0000309e                MRT0_IRQHandler
 .text.CTIMER0_IRQHandler
                0x000030a6        0x8 ./startup/startup_mcxn947_cm33_core0.o
                0x000030a6                CTIMER0_IRQHandler
 .text.CTIMER1_IRQHandler
                0x000030ae        0x8 ./startup/startup_mcxn947_cm33_core0.o
                0x000030ae                CTIMER1_IRQHandler
 .text.SCT0_IRQHandler
                0x000030b6        0x8 ./startup/startup_mcxn947_cm33_core0.o
                0x000030b6                SCT0_IRQHandler
 .text.CTIMER2_IRQHandler
                0x000030be        0x8 ./startup/startup_mcxn947_cm33_core0.o
                0x000030be                CTIMER2_IRQHandler
 .text.LP_FLEXCOMM0_IRQHandler
                0x000030c6        0x8 ./startup/startup_mcxn947_cm33_core0.o
                0x000030c6                LP_FLEXCOMM0_IRQHandler
 .text.LP_FLEXCOMM1_IRQHandler
                0x000030ce        0x8 ./startup/startup_mcxn947_cm33_core0.o
                0x000030ce                LP_FLEXCOMM1_IRQHandler
 .text.LP_FLEXCOMM3_IRQHandler
                0x000030d6        0x8 ./startup/startup_mcxn947_cm33_core0.o
                0x000030d6                LP_FLEXCOMM3_IRQHandler
 .text.LP_FLEXCOMM4_IRQHandler
                0x000030de        0x8 ./startup/startup_mcxn947_cm33_core0.o
                0x000030de                LP_FLEXCOMM4_IRQHandler
 .text.LP_FLEXCOMM5_IRQHandler
                0x000030e6        0x8 ./startup/startup_mcxn947_cm33_core0.o
                0x000030e6                LP_FLEXCOMM5_IRQHandler
 .text.LP_FLEXCOMM6_IRQHandler
                0x000030ee        0x8 ./startup/startup_mcxn947_cm33_core0.o
                0x000030ee                LP_FLEXCOMM6_IRQHandler
 .text.LP_FLEXCOMM7_IRQHandler
                0x000030f6        0x8 ./startup/startup_mcxn947_cm33_core0.o
                0x000030f6                LP_FLEXCOMM7_IRQHandler
 .text.LP_FLEXCOMM8_IRQHandler
                0x000030fe        0x8 ./startup/startup_mcxn947_cm33_core0.o
                0x000030fe                LP_FLEXCOMM8_IRQHandler
 .text.LP_FLEXCOMM9_IRQHandler
                0x00003106        0x8 ./startup/startup_mcxn947_cm33_core0.o
                0x00003106                LP_FLEXCOMM9_IRQHandler
 .text.ADC0_IRQHandler
                0x0000310e        0x8 ./startup/startup_mcxn947_cm33_core0.o
                0x0000310e                ADC0_IRQHandler
 .text.ADC1_IRQHandler
                0x00003116        0x8 ./startup/startup_mcxn947_cm33_core0.o
                0x00003116                ADC1_IRQHandler
 .text.PINT0_IRQHandler
                0x0000311e        0x8 ./startup/startup_mcxn947_cm33_core0.o
                0x0000311e                PINT0_IRQHandler
 .text.PDM_EVENT_IRQHandler
                0x00003126        0x8 ./startup/startup_mcxn947_cm33_core0.o
                0x00003126                PDM_EVENT_IRQHandler
 .text.Reserved65_IRQHandler
                0x0000312e        0x8 ./startup/startup_mcxn947_cm33_core0.o
                0x0000312e                Reserved65_IRQHandler
 .text.USB0_FS_IRQHandler
                0x00003136        0x8 ./startup/startup_mcxn947_cm33_core0.o
                0x00003136                USB0_FS_IRQHandler
 .text.USB0_DCD_IRQHandler
                0x0000313e        0x8 ./startup/startup_mcxn947_cm33_core0.o
                0x0000313e                USB0_DCD_IRQHandler
 .text.RTC_IRQHandler
                0x00003146        0x8 ./startup/startup_mcxn947_cm33_core0.o
                0x00003146                RTC_IRQHandler
 .text.SMARTDMA_IRQHandler
                0x0000314e        0x8 ./startup/startup_mcxn947_cm33_core0.o
                0x0000314e                SMARTDMA_IRQHandler
 .text.MAILBOX_IRQHandler
                0x00003156        0x8 ./startup/startup_mcxn947_cm33_core0.o
                0x00003156                MAILBOX_IRQHandler
 .text.CTIMER3_IRQHandler
                0x0000315e        0x8 ./startup/startup_mcxn947_cm33_core0.o
                0x0000315e                CTIMER3_IRQHandler
 .text.CTIMER4_IRQHandler
                0x00003166        0x8 ./startup/startup_mcxn947_cm33_core0.o
                0x00003166                CTIMER4_IRQHandler
 .text.OS_EVENT_IRQHandler
                0x0000316e        0x8 ./startup/startup_mcxn947_cm33_core0.o
                0x0000316e                OS_EVENT_IRQHandler
 .text.FLEXSPI0_IRQHandler
                0x00003176        0x8 ./startup/startup_mcxn947_cm33_core0.o
                0x00003176                FLEXSPI0_IRQHandler
 .text.SAI0_IRQHandler
                0x0000317e        0x8 ./startup/startup_mcxn947_cm33_core0.o
                0x0000317e                SAI0_IRQHandler
 .text.SAI1_IRQHandler
                0x00003186        0x8 ./startup/startup_mcxn947_cm33_core0.o
                0x00003186                SAI1_IRQHandler
 .text.USDHC0_IRQHandler
                0x0000318e        0x8 ./startup/startup_mcxn947_cm33_core0.o
                0x0000318e                USDHC0_IRQHandler
 .text.CAN0_IRQHandler
                0x00003196        0x8 ./startup/startup_mcxn947_cm33_core0.o
                0x00003196                CAN0_IRQHandler
 .text.CAN1_IRQHandler
                0x0000319e        0x8 ./startup/startup_mcxn947_cm33_core0.o
                0x0000319e                CAN1_IRQHandler
 .text.Reserved80_IRQHandler
                0x000031a6        0x8 ./startup/startup_mcxn947_cm33_core0.o
                0x000031a6                Reserved80_IRQHandler
 .text.Reserved81_IRQHandler
                0x000031ae        0x8 ./startup/startup_mcxn947_cm33_core0.o
                0x000031ae                Reserved81_IRQHandler
 .text.USB1_HS_PHY_IRQHandler
                0x000031b6        0x8 ./startup/startup_mcxn947_cm33_core0.o
                0x000031b6                USB1_HS_PHY_IRQHandler
 .text.USB1_HS_IRQHandler
                0x000031be        0x8 ./startup/startup_mcxn947_cm33_core0.o
                0x000031be                USB1_HS_IRQHandler
 .text.SEC_HYPERVISOR_CALL_IRQHandler
                0x000031c6        0x8 ./startup/startup_mcxn947_cm33_core0.o
                0x000031c6                SEC_HYPERVISOR_CALL_IRQHandler
 .text.Reserved85_IRQHandler
                0x000031ce        0x8 ./startup/startup_mcxn947_cm33_core0.o
                0x000031ce                Reserved85_IRQHandler
 .text.PLU_IRQHandler
                0x000031d6        0x8 ./startup/startup_mcxn947_cm33_core0.o
                0x000031d6                PLU_IRQHandler
 .text.Freqme_IRQHandler
                0x000031de        0x8 ./startup/startup_mcxn947_cm33_core0.o
                0x000031de                Freqme_IRQHandler
 .text.SEC_VIO_IRQHandler
                0x000031e6        0x8 ./startup/startup_mcxn947_cm33_core0.o
                0x000031e6                SEC_VIO_IRQHandler
 .text.ELS_IRQHandler
                0x000031ee        0x8 ./startup/startup_mcxn947_cm33_core0.o
                0x000031ee                ELS_IRQHandler
 .text.PKC_IRQHandler
                0x000031f6        0x8 ./startup/startup_mcxn947_cm33_core0.o
                0x000031f6                PKC_IRQHandler
 .text.PUF_IRQHandler
                0x000031fe        0x8 ./startup/startup_mcxn947_cm33_core0.o
                0x000031fe                PUF_IRQHandler
 .text.PQ_IRQHandler
                0x00003206        0x8 ./startup/startup_mcxn947_cm33_core0.o
                0x00003206                PQ_IRQHandler
 .text.EDMA_1_CH0_IRQHandler
                0x0000320e        0x8 ./startup/startup_mcxn947_cm33_core0.o
                0x0000320e                EDMA_1_CH0_IRQHandler
 .text.EDMA_1_CH1_IRQHandler
                0x00003216        0x8 ./startup/startup_mcxn947_cm33_core0.o
                0x00003216                EDMA_1_CH1_IRQHandler
 .text.EDMA_1_CH2_IRQHandler
                0x0000321e        0x8 ./startup/startup_mcxn947_cm33_core0.o
                0x0000321e                EDMA_1_CH2_IRQHandler
 .text.EDMA_1_CH3_IRQHandler
                0x00003226        0x8 ./startup/startup_mcxn947_cm33_core0.o
                0x00003226                EDMA_1_CH3_IRQHandler
 .text.EDMA_1_CH4_IRQHandler
                0x0000322e        0x8 ./startup/startup_mcxn947_cm33_core0.o
                0x0000322e                EDMA_1_CH4_IRQHandler
 .text.EDMA_1_CH5_IRQHandler
                0x00003236        0x8 ./startup/startup_mcxn947_cm33_core0.o
                0x00003236                EDMA_1_CH5_IRQHandler
 .text.EDMA_1_CH6_IRQHandler
                0x0000323e        0x8 ./startup/startup_mcxn947_cm33_core0.o
                0x0000323e                EDMA_1_CH6_IRQHandler
 .text.EDMA_1_CH7_IRQHandler
                0x00003246        0x8 ./startup/startup_mcxn947_cm33_core0.o
                0x00003246                EDMA_1_CH7_IRQHandler
 .text.EDMA_1_CH8_IRQHandler
                0x0000324e        0x8 ./startup/startup_mcxn947_cm33_core0.o
                0x0000324e                EDMA_1_CH8_IRQHandler
 .text.EDMA_1_CH9_IRQHandler
                0x00003256        0x8 ./startup/startup_mcxn947_cm33_core0.o
                0x00003256                EDMA_1_CH9_IRQHandler
 .text.EDMA_1_CH10_IRQHandler
                0x0000325e        0x8 ./startup/startup_mcxn947_cm33_core0.o
                0x0000325e                EDMA_1_CH10_IRQHandler
 .text.EDMA_1_CH11_IRQHandler
                0x00003266        0x8 ./startup/startup_mcxn947_cm33_core0.o
                0x00003266                EDMA_1_CH11_IRQHandler
 .text.EDMA_1_CH12_IRQHandler
                0x0000326e        0x8 ./startup/startup_mcxn947_cm33_core0.o
                0x0000326e                EDMA_1_CH12_IRQHandler
 .text.EDMA_1_CH13_IRQHandler
                0x00003276        0x8 ./startup/startup_mcxn947_cm33_core0.o
                0x00003276                EDMA_1_CH13_IRQHandler
 .text.EDMA_1_CH14_IRQHandler
                0x0000327e        0x8 ./startup/startup_mcxn947_cm33_core0.o
                0x0000327e                EDMA_1_CH14_IRQHandler
 .text.EDMA_1_CH15_IRQHandler
                0x00003286        0x8 ./startup/startup_mcxn947_cm33_core0.o
                0x00003286                EDMA_1_CH15_IRQHandler
 .text.CDOG0_IRQHandler
                0x0000328e        0x8 ./startup/startup_mcxn947_cm33_core0.o
                0x0000328e                CDOG0_IRQHandler
 .text.CDOG1_IRQHandler
                0x00003296        0x8 ./startup/startup_mcxn947_cm33_core0.o
                0x00003296                CDOG1_IRQHandler
 .text.I3C0_IRQHandler
                0x0000329e        0x8 ./startup/startup_mcxn947_cm33_core0.o
                0x0000329e                I3C0_IRQHandler
 .text.I3C1_IRQHandler
                0x000032a6        0x8 ./startup/startup_mcxn947_cm33_core0.o
                0x000032a6                I3C1_IRQHandler
 .text.NPU_IRQHandler
                0x000032ae        0x8 ./startup/startup_mcxn947_cm33_core0.o
                0x000032ae                NPU_IRQHandler
 .text.GDET_IRQHandler
                0x000032b6        0x8 ./startup/startup_mcxn947_cm33_core0.o
                0x000032b6                GDET_IRQHandler
 .text.VBAT0_IRQHandler
                0x000032be        0x8 ./startup/startup_mcxn947_cm33_core0.o
                0x000032be                VBAT0_IRQHandler
 .text.EWM0_IRQHandler
                0x000032c6        0x8 ./startup/startup_mcxn947_cm33_core0.o
                0x000032c6                EWM0_IRQHandler
 .text.TSI_END_OF_SCAN_IRQHandler
                0x000032ce        0x8 ./startup/startup_mcxn947_cm33_core0.o
                0x000032ce                TSI_END_OF_SCAN_IRQHandler
 .text.TSI_OUT_OF_SCAN_IRQHandler
                0x000032d6        0x8 ./startup/startup_mcxn947_cm33_core0.o
                0x000032d6                TSI_OUT_OF_SCAN_IRQHandler
 .text.EMVSIM0_IRQHandler
                0x000032de        0x8 ./startup/startup_mcxn947_cm33_core0.o
                0x000032de                EMVSIM0_IRQHandler
 .text.EMVSIM1_IRQHandler
                0x000032e6        0x8 ./startup/startup_mcxn947_cm33_core0.o
                0x000032e6                EMVSIM1_IRQHandler
 .text.FLEXIO_IRQHandler
                0x000032ee        0x8 ./startup/startup_mcxn947_cm33_core0.o
                0x000032ee                FLEXIO_IRQHandler
 .text.DAC0_IRQHandler
                0x000032f6        0x8 ./startup/startup_mcxn947_cm33_core0.o
                0x000032f6                DAC0_IRQHandler
 .text.DAC1_IRQHandler
                0x000032fe        0x8 ./startup/startup_mcxn947_cm33_core0.o
                0x000032fe                DAC1_IRQHandler
 .text.DAC2_IRQHandler
                0x00003306        0x8 ./startup/startup_mcxn947_cm33_core0.o
                0x00003306                DAC2_IRQHandler
 .text.HSCMP0_IRQHandler
                0x0000330e        0x8 ./startup/startup_mcxn947_cm33_core0.o
                0x0000330e                HSCMP0_IRQHandler
 .text.HSCMP1_IRQHandler
                0x00003316        0x8 ./startup/startup_mcxn947_cm33_core0.o
                0x00003316                HSCMP1_IRQHandler
 .text.HSCMP2_IRQHandler
                0x0000331e        0x8 ./startup/startup_mcxn947_cm33_core0.o
                0x0000331e                HSCMP2_IRQHandler
 .text.FLEXPWM0_RELOAD_ERROR_IRQHandler
                0x00003326        0x8 ./startup/startup_mcxn947_cm33_core0.o
                0x00003326                FLEXPWM0_RELOAD_ERROR_IRQHandler
 .text.FLEXPWM0_FAULT_IRQHandler
                0x0000332e        0x8 ./startup/startup_mcxn947_cm33_core0.o
                0x0000332e                FLEXPWM0_FAULT_IRQHandler
 .text.FLEXPWM0_SUBMODULE0_IRQHandler
                0x00003336        0x8 ./startup/startup_mcxn947_cm33_core0.o
                0x00003336                FLEXPWM0_SUBMODULE0_IRQHandler
 .text.FLEXPWM0_SUBMODULE1_IRQHandler
                0x0000333e        0x8 ./startup/startup_mcxn947_cm33_core0.o
                0x0000333e                FLEXPWM0_SUBMODULE1_IRQHandler
 .text.FLEXPWM0_SUBMODULE2_IRQHandler
                0x00003346        0x8 ./startup/startup_mcxn947_cm33_core0.o
                0x00003346                FLEXPWM0_SUBMODULE2_IRQHandler
 .text.FLEXPWM0_SUBMODULE3_IRQHandler
                0x0000334e        0x8 ./startup/startup_mcxn947_cm33_core0.o
                0x0000334e                FLEXPWM0_SUBMODULE3_IRQHandler
 .text.FLEXPWM1_RELOAD_ERROR_IRQHandler
                0x00003356        0x8 ./startup/startup_mcxn947_cm33_core0.o
                0x00003356                FLEXPWM1_RELOAD_ERROR_IRQHandler
 .text.FLEXPWM1_FAULT_IRQHandler
                0x0000335e        0x8 ./startup/startup_mcxn947_cm33_core0.o
                0x0000335e                FLEXPWM1_FAULT_IRQHandler
 .text.FLEXPWM1_SUBMODULE0_IRQHandler
                0x00003366        0x8 ./startup/startup_mcxn947_cm33_core0.o
                0x00003366                FLEXPWM1_SUBMODULE0_IRQHandler
 .text.FLEXPWM1_SUBMODULE1_IRQHandler
                0x0000336e        0x8 ./startup/startup_mcxn947_cm33_core0.o
                0x0000336e                FLEXPWM1_SUBMODULE1_IRQHandler
 .text.FLEXPWM1_SUBMODULE2_IRQHandler
                0x00003376        0x8 ./startup/startup_mcxn947_cm33_core0.o
                0x00003376                FLEXPWM1_SUBMODULE2_IRQHandler
 .text.FLEXPWM1_SUBMODULE3_IRQHandler
                0x0000337e        0x8 ./startup/startup_mcxn947_cm33_core0.o
                0x0000337e                FLEXPWM1_SUBMODULE3_IRQHandler
 .text.ENC0_COMPARE_IRQHandler
                0x00003386        0x8 ./startup/startup_mcxn947_cm33_core0.o
                0x00003386                ENC0_COMPARE_IRQHandler
 .text.ENC0_HOME_IRQHandler
                0x0000338e        0x8 ./startup/startup_mcxn947_cm33_core0.o
                0x0000338e                ENC0_HOME_IRQHandler
 .text.ENC0_WDG_SAB_IRQHandler
                0x00003396        0x8 ./startup/startup_mcxn947_cm33_core0.o
                0x00003396                ENC0_WDG_SAB_IRQHandler
 .text.ENC0_IDX_IRQHandler
                0x0000339e        0x8 ./startup/startup_mcxn947_cm33_core0.o
                0x0000339e                ENC0_IDX_IRQHandler
 .text.ENC1_COMPARE_IRQHandler
                0x000033a6        0x8 ./startup/startup_mcxn947_cm33_core0.o
                0x000033a6                ENC1_COMPARE_IRQHandler
 .text.ENC1_HOME_IRQHandler
                0x000033ae        0x8 ./startup/startup_mcxn947_cm33_core0.o
                0x000033ae                ENC1_HOME_IRQHandler
 .text.ENC1_WDG_SAB_IRQHandler
                0x000033b6        0x8 ./startup/startup_mcxn947_cm33_core0.o
                0x000033b6                ENC1_WDG_SAB_IRQHandler
 .text.ENC1_IDX_IRQHandler
                0x000033be        0x8 ./startup/startup_mcxn947_cm33_core0.o
                0x000033be                ENC1_IDX_IRQHandler
 .text.ITRC0_IRQHandler
                0x000033c6        0x8 ./startup/startup_mcxn947_cm33_core0.o
                0x000033c6                ITRC0_IRQHandler
 .text.BSP32_IRQHandler
                0x000033ce        0x8 ./startup/startup_mcxn947_cm33_core0.o
                0x000033ce                BSP32_IRQHandler
 .text.ELS_ERR_IRQHandler
                0x000033d6        0x8 ./startup/startup_mcxn947_cm33_core0.o
                0x000033d6                ELS_ERR_IRQHandler
 .text.PKC_ERR_IRQHandler
                0x000033de        0x8 ./startup/startup_mcxn947_cm33_core0.o
                0x000033de                PKC_ERR_IRQHandler
 .text.ERM_SINGLE_BIT_ERROR_IRQHandler
                0x000033e6        0x8 ./startup/startup_mcxn947_cm33_core0.o
                0x000033e6                ERM_SINGLE_BIT_ERROR_IRQHandler
 .text.ERM_MULTI_BIT_ERROR_IRQHandler
                0x000033ee        0x8 ./startup/startup_mcxn947_cm33_core0.o
                0x000033ee                ERM_MULTI_BIT_ERROR_IRQHandler
 .text.FMU0_IRQHandler
                0x000033f6        0x8 ./startup/startup_mcxn947_cm33_core0.o
                0x000033f6                FMU0_IRQHandler
 .text.ETHERNET_IRQHandler
                0x000033fe        0x8 ./startup/startup_mcxn947_cm33_core0.o
                0x000033fe                ETHERNET_IRQHandler
 .text.ETHERNET_PMT_IRQHandler
                0x00003406        0x8 ./startup/startup_mcxn947_cm33_core0.o
                0x00003406                ETHERNET_PMT_IRQHandler
 .text.ETHERNET_MACLP_IRQHandler
                0x0000340e        0x8 ./startup/startup_mcxn947_cm33_core0.o
                0x0000340e                ETHERNET_MACLP_IRQHandler
 .text.SINC_FILTER_IRQHandler
                0x00003416        0x8 ./startup/startup_mcxn947_cm33_core0.o
                0x00003416                SINC_FILTER_IRQHandler
 .text.LPTMR0_IRQHandler
                0x0000341e        0x8 ./startup/startup_mcxn947_cm33_core0.o
                0x0000341e                LPTMR0_IRQHandler
 .text.LPTMR1_IRQHandler
                0x00003426        0x8 ./startup/startup_mcxn947_cm33_core0.o
                0x00003426                LPTMR1_IRQHandler
 .text.SCG_IRQHandler
                0x0000342e        0x8 ./startup/startup_mcxn947_cm33_core0.o
                0x0000342e                SCG_IRQHandler
 .text.SPC_IRQHandler
                0x00003436        0x8 ./startup/startup_mcxn947_cm33_core0.o
                0x00003436                SPC_IRQHandler
 .text.WUU_IRQHandler
                0x0000343e        0x8 ./startup/startup_mcxn947_cm33_core0.o
                0x0000343e                WUU_IRQHandler
 .text.PORT_EFT_IRQHandler
                0x00003446        0x8 ./startup/startup_mcxn947_cm33_core0.o
                0x00003446                PORT_EFT_IRQHandler
 .text.ETB0_IRQHandler
                0x0000344e        0x8 ./startup/startup_mcxn947_cm33_core0.o
                0x0000344e                ETB0_IRQHandler
 .text.SM3_IRQHandler
                0x00003456        0x8 ./startup/startup_mcxn947_cm33_core0.o
                0x00003456                SM3_IRQHandler
 .text.TRNG0_IRQHandler
                0x0000345e        0x8 ./startup/startup_mcxn947_cm33_core0.o
                0x0000345e                TRNG0_IRQHandler
 .text.WWDT0_IRQHandler
                0x00003466        0x8 ./startup/startup_mcxn947_cm33_core0.o
                0x00003466                WWDT0_IRQHandler
 .text.WWDT1_IRQHandler
                0x0000346e        0x8 ./startup/startup_mcxn947_cm33_core0.o
                0x0000346e                WWDT1_IRQHandler
 .text.CMC0_IRQHandler
                0x00003476        0x8 ./startup/startup_mcxn947_cm33_core0.o
                0x00003476                CMC0_IRQHandler
 .text.CTI0_IRQHandler
                0x0000347e        0x8 ./startup/startup_mcxn947_cm33_core0.o
                0x0000347e                CTI0_IRQHandler
 .text.EnableIRQ
                0x00003486       0x32 ./source/lpi2c_interrupt.o
 .text.LPI2C_MasterGetStatusFlags
                0x000034b8       0x18 ./source/lpi2c_interrupt.o
 .text.LPI2C_MasterDisableInterrupts
                0x000034d0       0x24 ./source/lpi2c_interrupt.o
 .text.HardFault_Handler
                0x000034f4       0x36 ./source/semihost_hardfault.o
                0x000034f4                HardFault_Handler
 .text.CLOCK_GetPll0OutFreq
                0x0000352a       0x82 ./drivers/fsl_clock.o
                0x0000352a                CLOCK_GetPll0OutFreq
 .text.CLOCK_GetPll1OutFreq
                0x000035ac       0x82 ./drivers/fsl_clock.o
                0x000035ac                CLOCK_GetPll1OutFreq
 .text.CLOCK_GetPllClkDivFreq
                0x0000362e       0x5e ./drivers/fsl_clock.o
                0x0000362e                CLOCK_GetPllClkDivFreq
 .text.CLOCK_EnableClock
                0x0000368c       0x94 ./drivers/fsl_lpflexcomm.o
 .text.LP_FLEXCOMM_PeripheralIsPresent
                0x00003720       0x52 ./drivers/fsl_lpflexcomm.o
 .text.LP_FLEXCOMM0_DriverIRQHandler
                0x00003772        0xe ./drivers/fsl_lpflexcomm.o
                0x00003772                LP_FLEXCOMM0_DriverIRQHandler
 .text.LP_FLEXCOMM1_DriverIRQHandler
                0x00003780        0xe ./drivers/fsl_lpflexcomm.o
                0x00003780                LP_FLEXCOMM1_DriverIRQHandler
 .text.LP_FLEXCOMM3_DriverIRQHandler
                0x0000378e        0xe ./drivers/fsl_lpflexcomm.o
                0x0000378e                LP_FLEXCOMM3_DriverIRQHandler
 .text.LP_FLEXCOMM4_DriverIRQHandler
                0x0000379c        0xe ./drivers/fsl_lpflexcomm.o
                0x0000379c                LP_FLEXCOMM4_DriverIRQHandler
 .text.LP_FLEXCOMM5_DriverIRQHandler
                0x000037aa        0xe ./drivers/fsl_lpflexcomm.o
                0x000037aa                LP_FLEXCOMM5_DriverIRQHandler
 .text.LP_FLEXCOMM6_DriverIRQHandler
                0x000037b8        0xe ./drivers/fsl_lpflexcomm.o
                0x000037b8                LP_FLEXCOMM6_DriverIRQHandler
 .text.LP_FLEXCOMM7_DriverIRQHandler
                0x000037c6        0xe ./drivers/fsl_lpflexcomm.o
                0x000037c6                LP_FLEXCOMM7_DriverIRQHandler
 .text.LP_FLEXCOMM8_DriverIRQHandler
                0x000037d4        0xe ./drivers/fsl_lpflexcomm.o
                0x000037d4                LP_FLEXCOMM8_DriverIRQHandler
 .text.LP_FLEXCOMM9_DriverIRQHandler
                0x000037e2        0xe ./drivers/fsl_lpflexcomm.o
                0x000037e2                LP_FLEXCOMM9_DriverIRQHandler
 .text.CLOCK_EnableClock
                0x000037f0       0x94 ./drivers/fsl_lpi2c.o
 .text.LPI2C_MasterReset
                0x00003884       0x20 ./drivers/fsl_lpi2c.o
 .text.LPI2C_MasterEnable
                0x000038a4       0x28 ./drivers/fsl_lpi2c.o
 .text.LPI2C_MasterGetStatusFlags
                0x000038cc       0x18 ./drivers/fsl_lpi2c.o
 .text.LPI2C_MasterClearStatusFlags
                0x000038e4       0x1c ./drivers/fsl_lpi2c.o
 .text.LPI2C_MasterSetWatermarks
                0x00003900       0x2c ./drivers/fsl_lpi2c.o
 .text.LPI2C_MasterGetFifoCounts
                0x0000392c       0x3e ./drivers/fsl_lpi2c.o
 .text.LPI2C_MasterCheckAndClearError
                0x0000396a       0x80 ./drivers/fsl_lpi2c.o
                0x0000396a                LPI2C_MasterCheckAndClearError
 .text.LPI2C_MasterWaitForTxReady
                0x000039ea       0x52 ./drivers/fsl_lpi2c.o
 .text.LPI2C_CheckForBusyBus
                0x00003a3c       0x38 ./drivers/fsl_lpi2c.o
                0x00003a3c                LPI2C_CheckForBusyBus
 .text.LPI2C_MasterStart
                0x00003a74       0x5c ./drivers/fsl_lpi2c.o
                0x00003a74                LPI2C_MasterStart
 .text.LPI2C_MasterStop
                0x00003ad0       0x62 ./drivers/fsl_lpi2c.o
                0x00003ad0                LPI2C_MasterStop
 .text.LPUART_SoftwareReset
                0x00003b32       0x2c ./drivers/fsl_lpuart.o
 .text.SPC_GetActiveModeBandgapMode
                0x00003b5e       0x22 ./drivers/fsl_spc.o
 .text.SPC_GetActiveModeVoltageDetectStatus
                0x00003b80       0x22 ./drivers/fsl_spc.o
 .text.SPC_GetActiveModeCoreLDOVDDVoltageLevel
                0x00003ba2       0x22 ./drivers/fsl_spc.o
 .text.SPC_GetActiveModeCoreLDODriveStrength
                0x00003bc4       0x22 ./drivers/fsl_spc.o
 .text.SPC_SetActiveModeDCDCRegulatorVoltageLevel
                0x00003be6       0x32 ./drivers/fsl_spc.o
 .text.SPC_SetActiveModeCoreLDORegulatorVoltageLevel
                0x00003c18       0x34 ./drivers/fsl_spc.o
                0x00003c18                SPC_SetActiveModeCoreLDORegulatorVoltageLevel
 .text.SPC_SetActiveModeCoreLDORegulatorDriveStrength
                0x00003c4c       0x5e ./drivers/fsl_spc.o
                0x00003c4c                SPC_SetActiveModeCoreLDORegulatorDriveStrength
 .text.SPC_SetActiveModeDCDCRegulatorDriveStrength
                0x00003caa       0x60 ./drivers/fsl_spc.o
                0x00003caa                SPC_SetActiveModeDCDCRegulatorDriveStrength
 .text.SystemInitHook
                0x00003d0a        0xe ./device/system_MCXN947_cm33_core0.o
                0x00003d0a                SystemInitHook
 .text.HAL_UartGetStatus
                0x00003d18       0x28 ./component/uart/fsl_adapter_lpuart.o
 .text.CLOCK_EnableClock
                0x00003d40       0x94 ./board/clock_config.o
 .text.BOARD_InitBootClocks
                0x00003dd4        0xc ./board/clock_config.o
                0x00003dd4                BOARD_InitBootClocks
 .text.CLOCK_EnableClock
                0x00003de0       0x94 ./board/pin_mux.o
 .text.BOARD_InitBootPins
                0x00003e74       0x14 ./board/pin_mux.o
                0x00003e74                BOARD_InitBootPins
 .text.__main   0x00003e88        0xe c:/nxp/mcuxpressoide_11.9.1_2170/ide/plugins/com.nxp.mcuxpresso.tools.win32_11.9.1.202402080819/tools/bin/../lib/gcc/arm-none-eabi/12.3.1/../../../../arm-none-eabi/lib/thumb/v8-m.main+fp/hard\libcr_nohost_nf.a(_cr__main.o)
                0x00003e88                __main
 .text.memset   0x00003e96        0x4 c:/nxp/mcuxpressoide_11.9.1_2170/ide/plugins/com.nxp.mcuxpresso.tools.win32_11.9.1.202402080819/tools/bin/../lib/gcc/arm-none-eabi/12.3.1/../../../../arm-none-eabi/lib/thumb/v8-m.main+fp/hard\libcr_c.a(memset.o)
                0x00003e96                memset
 .text.free     0x00003e9a       0x30 c:/nxp/mcuxpressoide_11.9.1_2170/ide/plugins/com.nxp.mcuxpresso.tools.win32_11.9.1.202402080819/tools/bin/../lib/gcc/arm-none-eabi/12.3.1/../../../../arm-none-eabi/lib/thumb/v8-m.main+fp/hard\libcr_c.a(alloc.o)
                0x00003e9a                free
 .text.setvbuf  0x00003eca       0x3e c:/nxp/mcuxpressoide_11.9.1_2170/ide/plugins/com.nxp.mcuxpresso.tools.win32_11.9.1.202402080819/tools/bin/../lib/gcc/arm-none-eabi/12.3.1/../../../../arm-none-eabi/lib/thumb/v8-m.main+fp/hard\libcr_c.a(setvbuf.o)
                0x00003eca                setvbuf
 .text.strlen   0x00003f08       0x4e c:/nxp/mcuxpressoide_11.9.1_2170/ide/plugins/com.nxp.mcuxpresso.tools.win32_11.9.1.202402080819/tools/bin/../lib/gcc/arm-none-eabi/12.3.1/../../../../arm-none-eabi/lib/thumb/v8-m.main+fp/hard\libcr_c.a(strlen.o)
                0x00003f08                strlen
 .text._deferredlazyseek
                0x00003f56       0x40 c:/nxp/mcuxpressoide_11.9.1_2170/ide/plugins/com.nxp.mcuxpresso.tools.win32_11.9.1.202402080819/tools/bin/../lib/gcc/arm-none-eabi/12.3.1/../../../../arm-none-eabi/lib/thumb/v8-m.main+fp/hard\libcr_c.a(_deferredlazyseek.o)
                0x00003f56                _deferredlazyseek
 .text._fdopen  0x00003f96       0x68 c:/nxp/mcuxpressoide_11.9.1_2170/ide/plugins/com.nxp.mcuxpresso.tools.win32_11.9.1.202402080819/tools/bin/../lib/gcc/arm-none-eabi/12.3.1/../../../../arm-none-eabi/lib/thumb/v8-m.main+fp/hard\libcr_c.a(_fdopen.o)
                0x00003f96                _fdopen
 .text._fflush  0x00003ffe       0x52 c:/nxp/mcuxpressoide_11.9.1_2170/ide/plugins/com.nxp.mcuxpresso.tools.win32_11.9.1.202402080819/tools/bin/../lib/gcc/arm-none-eabi/12.3.1/../../../../arm-none-eabi/lib/thumb/v8-m.main+fp/hard\libcr_c.a(_fflush.o)
                0x00003ffe                _fflush
 .text.fclose   0x00004050       0x58 c:/nxp/mcuxpressoide_11.9.1_2170/ide/plugins/com.nxp.mcuxpresso.tools.win32_11.9.1.202402080819/tools/bin/../lib/gcc/arm-none-eabi/12.3.1/../../../../arm-none-eabi/lib/thumb/v8-m.main+fp/hard\libcr_c.a(fclose.o)
                0x00004050                fclose
 .text.remove   0x000040a8       0x14 c:/nxp/mcuxpressoide_11.9.1_2170/ide/plugins/com.nxp.mcuxpresso.tools.win32_11.9.1.202402080819/tools/bin/../lib/gcc/arm-none-eabi/12.3.1/../../../../arm-none-eabi/lib/thumb/v8-m.main+fp/hard\libcr_c.a(remove.o)
                0x000040a8                remove
 .text._do_fflush
                0x000040bc       0x40 c:/nxp/mcuxpressoide_11.9.1_2170/ide/plugins/com.nxp.mcuxpresso.tools.win32_11.9.1.202402080819/tools/bin/../lib/gcc/arm-none-eabi/12.3.1/../../../../arm-none-eabi/lib/thumb/v8-m.main+fp/hard\libcr_c.a(_do_fflush.o)
                0x000040bc                _do_fflush
 .text.__aeabi_f2ulz
                0x000040fc       0x3e c:/nxp/mcuxpressoide_11.9.1_2170/ide/plugins/com.nxp.mcuxpresso.tools.win32_11.9.1.202402080819/tools/bin/../lib/gcc/arm-none-eabi/12.3.1/thumb/v8-m.main+fp/hard\libcr_eabihelpers.a(float.o)
                0x000040fc                __aeabi_f2ulz
 .text.__aeabi_memset_lowlevel
                0x0000413a       0x32 c:/nxp/mcuxpressoide_11.9.1_2170/ide/plugins/com.nxp.mcuxpresso.tools.win32_11.9.1.202402080819/tools/bin/../lib/gcc/arm-none-eabi/12.3.1/thumb/v8-m.main+fp/hard\libcr_eabihelpers.a(memcpy.o)
                0x0000413a                __aeabi_lowlevel_memset
 .text.__sys_close
                0x0000416c        0x6 c:/nxp/mcuxpressoide_11.9.1_2170/ide/plugins/com.nxp.mcuxpresso.tools.win32_11.9.1.202402080819/tools/bin/../lib/gcc/arm-none-eabi/12.3.1/../../../../arm-none-eabi/lib/thumb/v8-m.main+fp/hard\libcr_nohost_nf.a(__sys_close.o)
                0x0000416c                __sys_close
 .text.__sys_flen
                0x00004172        0x6 c:/nxp/mcuxpressoide_11.9.1_2170/ide/plugins/com.nxp.mcuxpresso.tools.win32_11.9.1.202402080819/tools/bin/../lib/gcc/arm-none-eabi/12.3.1/../../../../arm-none-eabi/lib/thumb/v8-m.main+fp/hard\libcr_nohost_nf.a(__sys_flen.o)
                0x00004172                __sys_flen
 .text.__sys_istty
                0x00004178        0x6 c:/nxp/mcuxpressoide_11.9.1_2170/ide/plugins/com.nxp.mcuxpresso.tools.win32_11.9.1.202402080819/tools/bin/../lib/gcc/arm-none-eabi/12.3.1/../../../../arm-none-eabi/lib/thumb/v8-m.main+fp/hard\libcr_nohost_nf.a(__sys_istty.o)
                0x00004178                __sys_istty
 .text.__sys_remove
                0x0000417e        0x6 c:/nxp/mcuxpressoide_11.9.1_2170/ide/plugins/com.nxp.mcuxpresso.tools.win32_11.9.1.202402080819/tools/bin/../lib/gcc/arm-none-eabi/12.3.1/../../../../arm-none-eabi/lib/thumb/v8-m.main+fp/hard\libcr_nohost_nf.a(__sys_remove.o)
                0x0000417e                __sys_remove
 .text.__sys_seek
                0x00004184        0x6 c:/nxp/mcuxpressoide_11.9.1_2170/ide/plugins/com.nxp.mcuxpresso.tools.win32_11.9.1.202402080819/tools/bin/../lib/gcc/arm-none-eabi/12.3.1/../../../../arm-none-eabi/lib/thumb/v8-m.main+fp/hard\libcr_nohost_nf.a(__sys_seek.o)
                0x00004184                __sys_seek
 .text.__sys_tmpnam
                0x0000418a        0x6 c:/nxp/mcuxpressoide_11.9.1_2170/ide/plugins/com.nxp.mcuxpresso.tools.win32_11.9.1.202402080819/tools/bin/../lib/gcc/arm-none-eabi/12.3.1/../../../../arm-none-eabi/lib/thumb/v8-m.main+fp/hard\libcr_nohost_nf.a(__sys_tmpnam.o)
                0x0000418a                __sys_tmpnam
 .text.__sys_write
                0x00004190        0x4 c:/nxp/mcuxpressoide_11.9.1_2170/ide/plugins/com.nxp.mcuxpresso.tools.win32_11.9.1.202402080819/tools/bin/../lib/gcc/arm-none-eabi/12.3.1/../../../../arm-none-eabi/lib/thumb/v8-m.main+fp/hard\libcr_nohost_nf.a(__sys_write.o)
                0x00004190                __sys_write
 *(SORT_BY_ALIGNMENT(.rodata) SORT_BY_ALIGNMENT(.rodata.*) SORT_BY_ALIGNMENT(.constdata) SORT_BY_ALIGNMENT(.constdata.*))
 .rodata.__assertion_failed.str1.4
                0x00004194       0x14 ./utilities/fsl_assert.o
 .rodata.main.str1.4
                0x000041a8       0x25 ./source/lpi2c_interrupt.o
 *fill*         0x000041cd        0x3 ff
 .rodata.s_lpflexcommBaseAddrs
                0x000041d0       0x28 ./drivers/fsl_lpflexcomm.o
 .rodata.s_lpflexcommBase
                0x000041f8       0x28 ./drivers/fsl_lpflexcomm.o
 .rodata.s_lpflexcommClocks
                0x00004220       0x14 ./drivers/fsl_lpflexcomm.o
 .rodata.s_lpflexcommResets
                0x00004234       0x28 ./drivers/fsl_lpflexcomm.o
 .rodata.LP_FLEXCOMM_SetPeriph.str1.4
                0x0000425c       0x43 ./drivers/fsl_lpflexcomm.o
 *fill*         0x0000429f        0x1 ff
 .rodata.LP_FLEXCOMM_Init.str1.4
                0x000042a0       0x49 ./drivers/fsl_lpflexcomm.o
 *fill*         0x000042e9        0x3 ff
 .rodata.kLpi2cBases
                0x000042ec       0x28 ./drivers/fsl_lpi2c.o
 .rodata.kLpi2cClocks
                0x00004314       0x14 ./drivers/fsl_lpi2c.o
 .rodata.LPI2C_GetInstance.str1.4
                0x00004328       0x35 ./drivers/fsl_lpi2c.o
 *fill*         0x0000435d        0x3 ff
 .rodata.LPI2C_GetCyclesForWidth.str1.4
                0x00004360       0x26 ./drivers/fsl_lpi2c.o
 *fill*         0x00004386        0x2 ff
 .rodata.LPI2C_MasterInit.str1.4
                0x00004388       0x18 ./drivers/fsl_lpi2c.o
 .rodata.LPI2C_MasterSend.str1.4
                0x000043a0       0x21 ./drivers/fsl_lpi2c.o
 *fill*         0x000043c1        0x3 ff
 .rodata.s_lpuartBases
                0x000043c4       0x28 ./drivers/fsl_lpuart.o
 .rodata.LPUART_GetInstance.str1.4
                0x000043ec       0x38 ./drivers/fsl_lpuart.o
 .rodata.LPUART_Init.str1.4
                0x00004424      0x10a ./drivers/fsl_lpuart.o
 *fill*         0x0000452e        0x2 ff
 .rodata.LPUART_GetDefaultConfig.str1.4
                0x00004530       0x22 ./drivers/fsl_lpuart.o
 *fill*         0x00004552        0x2 ff
 .rodata.LPUART_WriteBlocking.str1.4
                0x00004554       0x21 ./drivers/fsl_lpuart.o
 *fill*         0x00004575        0x3 ff
 .rodata.LPUART_ReadBlocking.str1.4
                0x00004578       0x21 ./drivers/fsl_lpuart.o
 *fill*         0x00004599        0x3 ff
 .rodata.RESET_ClearPeripheralReset.str1.4
                0x0000459c       0x1e ./drivers/fsl_reset.o
 *fill*         0x000045ba        0x2 ff
 .rodata.SPC_SetSRAMOperateVoltage.str1.4
                0x000045bc       0x1f ./drivers/fsl_spc.o
 *fill*         0x000045db        0x1 ff
 .rodata.SPC_SetActiveModeCoreLDORegulatorConfig.str1.4
                0x000045dc       0x1f ./drivers/fsl_spc.o
 *fill*         0x000045fb        0x1 ff
 .rodata.SPC_SetActiveModeDCDCRegulatorConfig.str1.4
                0x000045fc       0x20 ./drivers/fsl_spc.o
 .rodata.s_LpuartAdapterBase
                0x0000461c       0x28 ./component/uart/fsl_adapter_lpuart.o
 .rodata.HAL_UartInit.str1.4
                0x00004644      0x116 ./component/uart/fsl_adapter_lpuart.o
 *fill*         0x0000475a        0x2 ff
 .rodata.HAL_UartReceiveBlocking.str1.4
                0x0000475c       0x7b ./component/uart/fsl_adapter_lpuart.o
 *fill*         0x000047d7        0x1 ff
 .rodata.HAL_UartSendBlocking.str1.4
                0x000047d8       0x7b ./component/uart/fsl_adapter_lpuart.o
 *fill*         0x00004853        0x1 ff
 .rodata        0x00004854       0x22 ./board/clock_config.o
 *fill*         0x00004876        0x2 ff
 .rodata.PORT_SetPinConfig.str1.4
                0x00004878       0x7a ./board/pin_mux.o
 *fill*         0x000048f2        0x2 ff
 .rodata.__num_Ciob_streams
                0x000048f4        0x4 c:/nxp/mcuxpressoide_11.9.1_2170/ide/plugins/com.nxp.mcuxpresso.tools.win32_11.9.1.202402080819/tools/bin/../lib/gcc/arm-none-eabi/12.3.1/../../../../arm-none-eabi/lib/thumb/v8-m.main+fp/hard\libcr_nohost_nf.a(__ciob.o)
                0x000048f4                __num_Ciob_streams
 .rodata._initio.str1.1
                0x000048f8        0x4 c:/nxp/mcuxpressoide_11.9.1_2170/ide/plugins/com.nxp.mcuxpresso.tools.win32_11.9.1.202402080819/tools/bin/../lib/gcc/arm-none-eabi/12.3.1/../../../../arm-none-eabi/lib/thumb/v8-m.main+fp/hard\libcr_c.a(initio.o)
                0x000048fc                        . = ALIGN (0x4)

.glue_7         0x000048fc        0x0
 .glue_7        0x000048fc        0x0 linker stubs

.glue_7t        0x000048fc        0x0
 .glue_7t       0x000048fc        0x0 linker stubs

.vfp11_veneer   0x000048fc        0x0
 .vfp11_veneer  0x000048fc        0x0 linker stubs

.v4_bx          0x000048fc        0x0
 .v4_bx         0x000048fc        0x0 linker stubs

.iplt           0x000048fc        0x0
 .iplt          0x000048fc        0x0 ./utilities/fsl_assert.o

.rel.dyn        0x000048fc        0x0
 .rel.iplt      0x000048fc        0x0 ./utilities/fsl_assert.o

.ARM.extab
 *(SORT_BY_ALIGNMENT(.ARM.extab*) SORT_BY_ALIGNMENT(.gnu.linkonce.armextab.*))

.ARM.exidx      0x000048fc        0x0
                0x000048fc                        __exidx_start = .
 *(SORT_BY_ALIGNMENT(.ARM.exidx*) SORT_BY_ALIGNMENT(.gnu.linkonce.armexidx.*))
                0x000048fc                        __exidx_end = .
                0x000048fc                        _etext = .

.m_usb_data
 *(SORT_BY_ALIGNMENT(m_usb_global))

.data_RAM2      0x04000000        0x0 load address 0x000048fc
 FILL mask 0xff
                [!provide]                        PROVIDE (__start_data_RAM2 = .)
                [!provide]                        PROVIDE (__start_data_SRAMX = .)
 *(SORT_BY_ALIGNMENT(.ramfunc.$RAM2))
 *(SORT_BY_ALIGNMENT(.ramfunc.$SRAMX))
 *(SORT_BY_ALIGNMENT(.data.$RAM2))
 *(SORT_BY_ALIGNMENT(.data.$SRAMX))
 *(SORT_BY_ALIGNMENT(.data.$RAM2.*))
 *(SORT_BY_ALIGNMENT(.data.$SRAMX.*))
                0x04000000                        . = ALIGN (0x4)
                [!provide]                        PROVIDE (__end_data_RAM2 = .)
                [!provide]                        PROVIDE (__end_data_SRAMX = .)

.data_RAM3      0x20060000        0x0 load address 0x000048fc
 FILL mask 0xff
                [!provide]                        PROVIDE (__start_data_RAM3 = .)
                [!provide]                        PROVIDE (__start_data_SRAMH = .)
 *(SORT_BY_ALIGNMENT(.ramfunc.$RAM3))
 *(SORT_BY_ALIGNMENT(.ramfunc.$SRAMH))
 *(SORT_BY_ALIGNMENT(.data.$RAM3))
 *(SORT_BY_ALIGNMENT(.data.$SRAMH))
 *(SORT_BY_ALIGNMENT(.data.$RAM3.*))
 *(SORT_BY_ALIGNMENT(.data.$SRAMH.*))
                0x20060000                        . = ALIGN (0x4)
                [!provide]                        PROVIDE (__end_data_RAM3 = .)
                [!provide]                        PROVIDE (__end_data_SRAMH = .)

.data_RAM4      0x400ba000        0x0 load address 0x000048fc
 FILL mask 0xff
                [!provide]                        PROVIDE (__start_data_RAM4 = .)
                [!provide]                        PROVIDE (__start_data_USB_RAM = .)
 *(SORT_BY_ALIGNMENT(.ramfunc.$RAM4))
 *(SORT_BY_ALIGNMENT(.ramfunc.$USB_RAM))
 *(SORT_BY_ALIGNMENT(.data.$RAM4))
 *(SORT_BY_ALIGNMENT(.data.$USB_RAM))
 *(SORT_BY_ALIGNMENT(.data.$RAM4.*))
 *(SORT_BY_ALIGNMENT(.data.$USB_RAM.*))
                0x400ba000                        . = ALIGN (0x4)
                [!provide]                        PROVIDE (__end_data_RAM4 = .)
                [!provide]                        PROVIDE (__end_data_USB_RAM = .)

.uninit_RESERVED
                0x20000000        0x0
                0x20000000                        _start_uninit_RESERVED = .
 *(SORT_BY_ALIGNMENT(.bss.$RESERVED*))
                0x20000000                        . = ALIGN (0x4)
                0x20000000                        _end_uninit_RESERVED = .

.data           0x20000000       0x1c load address 0x000048fc
 FILL mask 0xff
                0x20000000                        _data = .
                [!provide]                        PROVIDE (__start_data_RAM = .)
                [!provide]                        PROVIDE (__start_data_SRAM = .)
 *(SORT_BY_ALIGNMENT(vtable))
 *(SORT_BY_ALIGNMENT(.ramfunc*))
 *(SORT_BY_ALIGNMENT(CodeQuickAccess))
 *(SORT_BY_ALIGNMENT(DataQuickAccess))
 *(SORT_BY_ALIGNMENT(RamFunction))
 *(SORT_BY_ALIGNMENT(.data*))
 .data.tx_data  0x20000000        0xe ./source/lpi2c_interrupt.o
                0x20000000                tx_data
 *fill*         0x2000000e        0x2 ff
 .data.s_Ext_Clk_Freq
                0x20000010        0x4 ./drivers/fsl_clock.o
 .data.s_Xtal32_Freq
                0x20000014        0x4 ./drivers/fsl_clock.o
 .data.SystemCoreClock
                0x20000018        0x4 ./device/system_MCXN947_cm33_core0.o
                0x20000018                SystemCoreClock
                0x2000001c                        . = ALIGN (0x4)
                0x2000001c                        _edata = .
                [!provide]                        PROVIDE (__end_data_RAM = .)
                [!provide]                        PROVIDE (__end_data_SRAM = .)

.igot.plt       0x2000001c        0x0 load address 0x00004918
 .igot.plt      0x2000001c        0x0 ./utilities/fsl_assert.o

.bss_RAM2       0x04000000        0x0
                [!provide]                        PROVIDE (__start_bss_RAM2 = .)
                [!provide]                        PROVIDE (__start_bss_SRAMX = .)
 *(SORT_BY_ALIGNMENT(.bss.$RAM2))
 *(SORT_BY_ALIGNMENT(.bss.$SRAMX))
 *(SORT_BY_ALIGNMENT(.bss.$RAM2.*))
 *(SORT_BY_ALIGNMENT(.bss.$SRAMX.*))
                0x04000000                        . = ALIGN ((. != 0x0)?0x4:0x1)
                [!provide]                        PROVIDE (__end_bss_RAM2 = .)
                [!provide]                        PROVIDE (__end_bss_SRAMX = .)

.bss_RAM3       0x20060000        0x0
                [!provide]                        PROVIDE (__start_bss_RAM3 = .)
                [!provide]                        PROVIDE (__start_bss_SRAMH = .)
 *(SORT_BY_ALIGNMENT(.bss.$RAM3))
 *(SORT_BY_ALIGNMENT(.bss.$SRAMH))
 *(SORT_BY_ALIGNMENT(.bss.$RAM3.*))
 *(SORT_BY_ALIGNMENT(.bss.$SRAMH.*))
                0x20060000                        . = ALIGN ((. != 0x0)?0x4:0x1)
                [!provide]                        PROVIDE (__end_bss_RAM3 = .)
                [!provide]                        PROVIDE (__end_bss_SRAMH = .)

.bss_RAM4       0x400ba000        0x0
                [!provide]                        PROVIDE (__start_bss_RAM4 = .)
                [!provide]                        PROVIDE (__start_bss_USB_RAM = .)
 *(SORT_BY_ALIGNMENT(.bss.$RAM4))
 *(SORT_BY_ALIGNMENT(.bss.$USB_RAM))
 *(SORT_BY_ALIGNMENT(.bss.$RAM4.*))
 *(SORT_BY_ALIGNMENT(.bss.$USB_RAM.*))
                0x400ba000                        . = ALIGN ((. != 0x0)?0x4:0x1)
                [!provide]                        PROVIDE (__end_bss_RAM4 = .)
                [!provide]                        PROVIDE (__end_bss_USB_RAM = .)

.bss            0x2000001c      0x230
                0x2000001c                        _bss = .
                [!provide]                        PROVIDE (__start_bss_RAM = .)
                [!provide]                        PROVIDE (__start_bss_SRAM = .)
 *(SORT_BY_ALIGNMENT(.bss*))
 .bss.s_debugConsole
                0x2000001c       0x14 ./utilities/fsl_debug_console.o
 .bss.g_master_buff
                0x20000030       0x20 ./source/lpi2c_interrupt.o
                0x20000030                g_master_buff
 .bss.s_lpflexcommIrqHandler
                0x20000050       0xa0 ./drivers/fsl_lpflexcomm.o
 .bss.s_lpflexcommHandle
                0x200000f0       0xa0 ./drivers/fsl_lpflexcomm.o
 .bss.errno     0x20000190        0x4 c:/nxp/mcuxpressoide_11.9.1_2170/ide/plugins/com.nxp.mcuxpresso.tools.win32_11.9.1.202402080819/tools/bin/../lib/gcc/arm-none-eabi/12.3.1/../../../../arm-none-eabi/lib/thumb/v8-m.main+fp/hard\libcr_c.a(errno.o)
                0x20000190                errno
 .bss.__Ciob    0x20000194       0xb4 c:/nxp/mcuxpressoide_11.9.1_2170/ide/plugins/com.nxp.mcuxpresso.tools.win32_11.9.1.202402080819/tools/bin/../lib/gcc/arm-none-eabi/12.3.1/../../../../arm-none-eabi/lib/thumb/v8-m.main+fp/hard\libcr_nohost_nf.a(__ciob.o)
                0x20000194                __Ciob
 .bss.g_masterTxIndex
                0x20000248        0x1 ./source/lpi2c_interrupt.o
                0x20000248                g_masterTxIndex
 .bss.g_masterRxIndex
                0x20000249        0x1 ./source/lpi2c_interrupt.o
                0x20000249                g_masterRxIndex
 *(SORT_BY_ALIGNMENT(COMMON))
                0x2000024c                        . = ALIGN (0x4)
 *fill*         0x2000024a        0x2 
                0x2000024c                        _ebss = .
                [!provide]                        PROVIDE (__end_bss_RAM = .)
                [!provide]                        PROVIDE (__end_bss_SRAM = .)
                [!provide]                        PROVIDE (end = .)

.noinit_RAM2    0x04000000        0x0
                [!provide]                        PROVIDE (__start_noinit_RAM2 = .)
                [!provide]                        PROVIDE (__start_noinit_SRAMX = .)
 *(SORT_BY_ALIGNMENT(.noinit.$RAM2))
 *(SORT_BY_ALIGNMENT(.noinit.$SRAMX))
 *(SORT_BY_ALIGNMENT(.noinit.$RAM2.*))
 *(SORT_BY_ALIGNMENT(.noinit.$SRAMX.*))
                0x04000000                        . = ALIGN (0x4)
                [!provide]                        PROVIDE (__end_noinit_RAM2 = .)
                [!provide]                        PROVIDE (__end_noinit_SRAMX = .)

.noinit_RAM3    0x20060000        0x0
                [!provide]                        PROVIDE (__start_noinit_RAM3 = .)
                [!provide]                        PROVIDE (__start_noinit_SRAMH = .)
 *(SORT_BY_ALIGNMENT(.noinit.$RAM3))
 *(SORT_BY_ALIGNMENT(.noinit.$SRAMH))
 *(SORT_BY_ALIGNMENT(.noinit.$RAM3.*))
 *(SORT_BY_ALIGNMENT(.noinit.$SRAMH.*))
                0x20060000                        . = ALIGN (0x4)
                [!provide]                        PROVIDE (__end_noinit_RAM3 = .)
                [!provide]                        PROVIDE (__end_noinit_SRAMH = .)

.noinit_RAM4    0x400ba000        0x0
                [!provide]                        PROVIDE (__start_noinit_RAM4 = .)
                [!provide]                        PROVIDE (__start_noinit_USB_RAM = .)
 *(SORT_BY_ALIGNMENT(.noinit.$RAM4))
 *(SORT_BY_ALIGNMENT(.noinit.$USB_RAM))
 *(SORT_BY_ALIGNMENT(.noinit.$RAM4.*))
 *(SORT_BY_ALIGNMENT(.noinit.$USB_RAM.*))
                0x400ba000                        . = ALIGN (0x4)
                [!provide]                        PROVIDE (__end_noinit_RAM4 = .)
                [!provide]                        PROVIDE (__end_noinit_USB_RAM = .)

.noinit         0x2000024c        0x0
                0x2000024c                        _noinit = .
                [!provide]                        PROVIDE (__start_noinit_RAM = .)
                [!provide]                        PROVIDE (__start_noinit_SRAM = .)
 *(SORT_BY_ALIGNMENT(.noinit*))
                0x2000024c                        . = ALIGN (0x4)
                0x2000024c                        _end_noinit = .
                [!provide]                        PROVIDE (__end_noinit_RAM = .)
                [!provide]                        PROVIDE (__end_noinit_SRAM = .)
                0x00001000                        _HeapSize = 0x1000

.heap           0x2000024c     0x1000
                0x2000024c                        _pvHeapStart = .
                0x2000124c                        . = (. + _HeapSize)
 *fill*         0x2000024c     0x1000 
                0x2000124c                        . = ALIGN (0x4)
                0x2000124c                        _pvHeapLimit = .
                0x00001000                        _StackSize = 0x1000

.heap2stackfill
                0x2000124c     0x1000
                0x2000224c                        . = (. + _StackSize)
 *fill*         0x2000124c     0x1000 

.stack          0x2005f000        0x0
                0x2005f000                        _vStackBase = .
                0x2005f000                        . = ALIGN (0x4)
                0x20060000                        _vStackTop = (. + _StackSize)
                0x00000000                        _image_start = LOADADDR (.text)
                0x00004918                        _image_end = (LOADADDR (.data) + SIZEOF (.data))
                0x00004918                        _image_size = (_image_end - _image_start)
OUTPUT(frdmmcxn947_lpi2c_interrupt.axf elf32-littlearm)
LOAD linker stubs

.debug_info     0x00000000    0x20f7f
 .debug_info    0x00000000       0xcc ./utilities/fsl_assert.o
 .debug_info    0x000000cc      0xcce ./utilities/fsl_debug_console.o
 .debug_info    0x00000d9a       0x24 ./utilities/fsl_memcpy.o
 .debug_info    0x00000dbe     0x14af ./startup/startup_mcxn947_cm33_core0.o
 .debug_info    0x0000226d     0x2126 ./source/lpi2c_interrupt.o
 .debug_info    0x00004393       0x3c ./source/semihost_hardfault.o
 .debug_info    0x000043cf     0x539b ./drivers/fsl_clock.o
 .debug_info    0x0000976a     0x2522 ./drivers/fsl_lpflexcomm.o
 .debug_info    0x0000bc8c     0x3f0d ./drivers/fsl_lpi2c.o
 .debug_info    0x0000fb99     0x235a ./drivers/fsl_lpuart.o
 .debug_info    0x00011ef3     0x14c6 ./drivers/fsl_reset.o
 .debug_info    0x000133b9     0x1b11 ./drivers/fsl_spc.o
 .debug_info    0x00014eca     0x1851 ./device/system_MCXN947_cm33_core0.o
 .debug_info    0x0001671b      0xe45 ./component/uart/fsl_adapter_lpuart.o
 .debug_info    0x00017560     0x133a ./board/board.o
 .debug_info    0x0001889a     0x29ea ./board/clock_config.o
 .debug_info    0x0001b284     0x19a1 ./board/pin_mux.o
 .debug_info    0x0001cc25       0x85 c:/nxp/mcuxpressoide_11.9.1_2170/ide/plugins/com.nxp.mcuxpresso.tools.win32_11.9.1.202402080819/tools/bin/../lib/gcc/arm-none-eabi/12.3.1/../../../../arm-none-eabi/lib/thumb/v8-m.main+fp/hard\libcr_nohost_nf.a(_cr__main.o)
 .debug_info    0x0001ccaa       0xe3 c:/nxp/mcuxpressoide_11.9.1_2170/ide/plugins/com.nxp.mcuxpresso.tools.win32_11.9.1.202402080819/tools/bin/../lib/gcc/arm-none-eabi/12.3.1/../../../../arm-none-eabi/lib/thumb/v8-m.main+fp/hard\libcr_c.a(memset.o)
 .debug_info    0x0001cd8d      0x506 c:/nxp/mcuxpressoide_11.9.1_2170/ide/plugins/com.nxp.mcuxpresso.tools.win32_11.9.1.202402080819/tools/bin/../lib/gcc/arm-none-eabi/12.3.1/../../../../arm-none-eabi/lib/thumb/v8-m.main+fp/hard\libcr_c.a(alloc.o)
 .debug_info    0x0001d293       0x44 c:/nxp/mcuxpressoide_11.9.1_2170/ide/plugins/com.nxp.mcuxpresso.tools.win32_11.9.1.202402080819/tools/bin/../lib/gcc/arm-none-eabi/12.3.1/../../../../arm-none-eabi/lib/thumb/v8-m.main+fp/hard\libcr_c.a(errno.o)
 .debug_info    0x0001d2d7      0x339 c:/nxp/mcuxpressoide_11.9.1_2170/ide/plugins/com.nxp.mcuxpresso.tools.win32_11.9.1.202402080819/tools/bin/../lib/gcc/arm-none-eabi/12.3.1/../../../../arm-none-eabi/lib/thumb/v8-m.main+fp/hard\libcr_c.a(initio.o)
 .debug_info    0x0001d610      0x1f6 c:/nxp/mcuxpressoide_11.9.1_2170/ide/plugins/com.nxp.mcuxpresso.tools.win32_11.9.1.202402080819/tools/bin/../lib/gcc/arm-none-eabi/12.3.1/../../../../arm-none-eabi/lib/thumb/v8-m.main+fp/hard\libcr_c.a(setvbuf.o)
 .debug_info    0x0001d806       0xda c:/nxp/mcuxpressoide_11.9.1_2170/ide/plugins/com.nxp.mcuxpresso.tools.win32_11.9.1.202402080819/tools/bin/../lib/gcc/arm-none-eabi/12.3.1/../../../../arm-none-eabi/lib/thumb/v8-m.main+fp/hard\libcr_c.a(strlen.o)
 .debug_info    0x0001d8e0      0x362 c:/nxp/mcuxpressoide_11.9.1_2170/ide/plugins/com.nxp.mcuxpresso.tools.win32_11.9.1.202402080819/tools/bin/../lib/gcc/arm-none-eabi/12.3.1/../../../../arm-none-eabi/lib/thumb/v8-m.main+fp/hard\libcr_c.a(_deferredlazyseek.o)
 .debug_info    0x0001dc42      0x244 c:/nxp/mcuxpressoide_11.9.1_2170/ide/plugins/com.nxp.mcuxpresso.tools.win32_11.9.1.202402080819/tools/bin/../lib/gcc/arm-none-eabi/12.3.1/../../../../arm-none-eabi/lib/thumb/v8-m.main+fp/hard\libcr_c.a(_fdopen.o)
 .debug_info    0x0001de86      0x1e3 c:/nxp/mcuxpressoide_11.9.1_2170/ide/plugins/com.nxp.mcuxpresso.tools.win32_11.9.1.202402080819/tools/bin/../lib/gcc/arm-none-eabi/12.3.1/../../../../arm-none-eabi/lib/thumb/v8-m.main+fp/hard\libcr_c.a(_fflush.o)
 .debug_info    0x0001e069      0x282 c:/nxp/mcuxpressoide_11.9.1_2170/ide/plugins/com.nxp.mcuxpresso.tools.win32_11.9.1.202402080819/tools/bin/../lib/gcc/arm-none-eabi/12.3.1/../../../../arm-none-eabi/lib/thumb/v8-m.main+fp/hard\libcr_c.a(_writebuf.o)
 .debug_info    0x0001e2eb      0x318 c:/nxp/mcuxpressoide_11.9.1_2170/ide/plugins/com.nxp.mcuxpresso.tools.win32_11.9.1.202402080819/tools/bin/../lib/gcc/arm-none-eabi/12.3.1/../../../../arm-none-eabi/lib/thumb/v8-m.main+fp/hard\libcr_c.a(fclose.o)
 .debug_info    0x0001e603      0x202 c:/nxp/mcuxpressoide_11.9.1_2170/ide/plugins/com.nxp.mcuxpresso.tools.win32_11.9.1.202402080819/tools/bin/../lib/gcc/arm-none-eabi/12.3.1/../../../../arm-none-eabi/lib/thumb/v8-m.main+fp/hard\libcr_c.a(fflush.o)
 .debug_info    0x0001e805      0x276 c:/nxp/mcuxpressoide_11.9.1_2170/ide/plugins/com.nxp.mcuxpresso.tools.win32_11.9.1.202402080819/tools/bin/../lib/gcc/arm-none-eabi/12.3.1/../../../../arm-none-eabi/lib/thumb/v8-m.main+fp/hard\libcr_c.a(fseek.o)
 .debug_info    0x0001ea7b      0x190 c:/nxp/mcuxpressoide_11.9.1_2170/ide/plugins/com.nxp.mcuxpresso.tools.win32_11.9.1.202402080819/tools/bin/../lib/gcc/arm-none-eabi/12.3.1/../../../../arm-none-eabi/lib/thumb/v8-m.main+fp/hard\libcr_c.a(ftell.o)
 .debug_info    0x0001ec0b      0x1ca c:/nxp/mcuxpressoide_11.9.1_2170/ide/plugins/com.nxp.mcuxpresso.tools.win32_11.9.1.202402080819/tools/bin/../lib/gcc/arm-none-eabi/12.3.1/../../../../arm-none-eabi/lib/thumb/v8-m.main+fp/hard\libcr_c.a(remove.o)
 .debug_info    0x0001edd5      0x23a c:/nxp/mcuxpressoide_11.9.1_2170/ide/plugins/com.nxp.mcuxpresso.tools.win32_11.9.1.202402080819/tools/bin/../lib/gcc/arm-none-eabi/12.3.1/../../../../arm-none-eabi/lib/thumb/v8-m.main+fp/hard\libcr_c.a(_do_fflush.o)
 .debug_info    0x0001f00f     0x1ae1 c:/nxp/mcuxpressoide_11.9.1_2170/ide/plugins/com.nxp.mcuxpresso.tools.win32_11.9.1.202402080819/tools/bin/../lib/gcc/arm-none-eabi/12.3.1/thumb/v8-m.main+fp/hard\libcr_eabihelpers.a(float.o)
 .debug_info    0x00020af0      0x18b c:/nxp/mcuxpressoide_11.9.1_2170/ide/plugins/com.nxp.mcuxpresso.tools.win32_11.9.1.202402080819/tools/bin/../lib/gcc/arm-none-eabi/12.3.1/../../../../arm-none-eabi/lib/thumb/v8-m.main+fp/hard\libcr_nohost_nf.a(__ciob.o)
 .debug_info    0x00020c7b       0x5c c:/nxp/mcuxpressoide_11.9.1_2170/ide/plugins/com.nxp.mcuxpresso.tools.win32_11.9.1.202402080819/tools/bin/../lib/gcc/arm-none-eabi/12.3.1/../../../../arm-none-eabi/lib/thumb/v8-m.main+fp/hard\libcr_nohost_nf.a(__sys_close.o)
 .debug_info    0x00020cd7       0x5c c:/nxp/mcuxpressoide_11.9.1_2170/ide/plugins/com.nxp.mcuxpresso.tools.win32_11.9.1.202402080819/tools/bin/../lib/gcc/arm-none-eabi/12.3.1/../../../../arm-none-eabi/lib/thumb/v8-m.main+fp/hard\libcr_nohost_nf.a(__sys_flen.o)
 .debug_info    0x00020d33       0x5c c:/nxp/mcuxpressoide_11.9.1_2170/ide/plugins/com.nxp.mcuxpresso.tools.win32_11.9.1.202402080819/tools/bin/../lib/gcc/arm-none-eabi/12.3.1/../../../../arm-none-eabi/lib/thumb/v8-m.main+fp/hard\libcr_nohost_nf.a(__sys_istty.o)
 .debug_info    0x00020d8f       0x7c c:/nxp/mcuxpressoide_11.9.1_2170/ide/plugins/com.nxp.mcuxpresso.tools.win32_11.9.1.202402080819/tools/bin/../lib/gcc/arm-none-eabi/12.3.1/../../../../arm-none-eabi/lib/thumb/v8-m.main+fp/hard\libcr_nohost_nf.a(__sys_remove.o)
 .debug_info    0x00020e0b       0x6a c:/nxp/mcuxpressoide_11.9.1_2170/ide/plugins/com.nxp.mcuxpresso.tools.win32_11.9.1.202402080819/tools/bin/../lib/gcc/arm-none-eabi/12.3.1/../../../../arm-none-eabi/lib/thumb/v8-m.main+fp/hard\libcr_nohost_nf.a(__sys_seek.o)
 .debug_info    0x00020e75       0x85 c:/nxp/mcuxpressoide_11.9.1_2170/ide/plugins/com.nxp.mcuxpresso.tools.win32_11.9.1.202402080819/tools/bin/../lib/gcc/arm-none-eabi/12.3.1/../../../../arm-none-eabi/lib/thumb/v8-m.main+fp/hard\libcr_nohost_nf.a(__sys_tmpnam.o)
 .debug_info    0x00020efa       0x85 c:/nxp/mcuxpressoide_11.9.1_2170/ide/plugins/com.nxp.mcuxpresso.tools.win32_11.9.1.202402080819/tools/bin/../lib/gcc/arm-none-eabi/12.3.1/../../../../arm-none-eabi/lib/thumb/v8-m.main+fp/hard\libcr_nohost_nf.a(__sys_write.o)

.debug_abbrev   0x00000000     0x3e45
 .debug_abbrev  0x00000000       0x90 ./utilities/fsl_assert.o
 .debug_abbrev  0x00000090      0x267 ./utilities/fsl_debug_console.o
 .debug_abbrev  0x000002f7       0x14 ./utilities/fsl_memcpy.o
 .debug_abbrev  0x0000030b      0x147 ./startup/startup_mcxn947_cm33_core0.o
 .debug_abbrev  0x00000452      0x2cf ./source/lpi2c_interrupt.o
 .debug_abbrev  0x00000721       0x31 ./source/semihost_hardfault.o
 .debug_abbrev  0x00000752      0x386 ./drivers/fsl_clock.o
 .debug_abbrev  0x00000ad8      0x381 ./drivers/fsl_lpflexcomm.o
 .debug_abbrev  0x00000e59      0x3fa ./drivers/fsl_lpi2c.o
 .debug_abbrev  0x00001253      0x434 ./drivers/fsl_lpuart.o
 .debug_abbrev  0x00001687      0x16c ./drivers/fsl_reset.o
 .debug_abbrev  0x000017f3      0x2e0 ./drivers/fsl_spc.o
 .debug_abbrev  0x00001ad3      0x1a3 ./device/system_MCXN947_cm33_core0.o
 .debug_abbrev  0x00001c76      0x238 ./component/uart/fsl_adapter_lpuart.o
 .debug_abbrev  0x00001eae      0x1f5 ./board/board.o
 .debug_abbrev  0x000020a3      0x261 ./board/clock_config.o
 .debug_abbrev  0x00002304      0x27c ./board/pin_mux.o
 .debug_abbrev  0x00002580       0x70 c:/nxp/mcuxpressoide_11.9.1_2170/ide/plugins/com.nxp.mcuxpresso.tools.win32_11.9.1.202402080819/tools/bin/../lib/gcc/arm-none-eabi/12.3.1/../../../../arm-none-eabi/lib/thumb/v8-m.main+fp/hard\libcr_nohost_nf.a(_cr__main.o)
 .debug_abbrev  0x000025f0       0xa8 c:/nxp/mcuxpressoide_11.9.1_2170/ide/plugins/com.nxp.mcuxpresso.tools.win32_11.9.1.202402080819/tools/bin/../lib/gcc/arm-none-eabi/12.3.1/../../../../arm-none-eabi/lib/thumb/v8-m.main+fp/hard\libcr_c.a(memset.o)
 .debug_abbrev  0x00002698      0x284 c:/nxp/mcuxpressoide_11.9.1_2170/ide/plugins/com.nxp.mcuxpresso.tools.win32_11.9.1.202402080819/tools/bin/../lib/gcc/arm-none-eabi/12.3.1/../../../../arm-none-eabi/lib/thumb/v8-m.main+fp/hard\libcr_c.a(alloc.o)
 .debug_abbrev  0x0000291c       0x44 c:/nxp/mcuxpressoide_11.9.1_2170/ide/plugins/com.nxp.mcuxpresso.tools.win32_11.9.1.202402080819/tools/bin/../lib/gcc/arm-none-eabi/12.3.1/../../../../arm-none-eabi/lib/thumb/v8-m.main+fp/hard\libcr_c.a(errno.o)
 .debug_abbrev  0x00002960      0x169 c:/nxp/mcuxpressoide_11.9.1_2170/ide/plugins/com.nxp.mcuxpresso.tools.win32_11.9.1.202402080819/tools/bin/../lib/gcc/arm-none-eabi/12.3.1/../../../../arm-none-eabi/lib/thumb/v8-m.main+fp/hard\libcr_c.a(initio.o)
 .debug_abbrev  0x00002ac9       0xe1 c:/nxp/mcuxpressoide_11.9.1_2170/ide/plugins/com.nxp.mcuxpresso.tools.win32_11.9.1.202402080819/tools/bin/../lib/gcc/arm-none-eabi/12.3.1/../../../../arm-none-eabi/lib/thumb/v8-m.main+fp/hard\libcr_c.a(setvbuf.o)
 .debug_abbrev  0x00002baa       0xa7 c:/nxp/mcuxpressoide_11.9.1_2170/ide/plugins/com.nxp.mcuxpresso.tools.win32_11.9.1.202402080819/tools/bin/../lib/gcc/arm-none-eabi/12.3.1/../../../../arm-none-eabi/lib/thumb/v8-m.main+fp/hard\libcr_c.a(strlen.o)
 .debug_abbrev  0x00002c51      0x152 c:/nxp/mcuxpressoide_11.9.1_2170/ide/plugins/com.nxp.mcuxpresso.tools.win32_11.9.1.202402080819/tools/bin/../lib/gcc/arm-none-eabi/12.3.1/../../../../arm-none-eabi/lib/thumb/v8-m.main+fp/hard\libcr_c.a(_deferredlazyseek.o)
 .debug_abbrev  0x00002da3      0x119 c:/nxp/mcuxpressoide_11.9.1_2170/ide/plugins/com.nxp.mcuxpresso.tools.win32_11.9.1.202402080819/tools/bin/../lib/gcc/arm-none-eabi/12.3.1/../../../../arm-none-eabi/lib/thumb/v8-m.main+fp/hard\libcr_c.a(_fdopen.o)
 .debug_abbrev  0x00002ebc       0xf1 c:/nxp/mcuxpressoide_11.9.1_2170/ide/plugins/com.nxp.mcuxpresso.tools.win32_11.9.1.202402080819/tools/bin/../lib/gcc/arm-none-eabi/12.3.1/../../../../arm-none-eabi/lib/thumb/v8-m.main+fp/hard\libcr_c.a(_fflush.o)