C:\Users\CEINFO\Documents\MCUXpressoIDE_11.9.1_2170\workspace\uart_cmsis_lpuart\CMSIS/core_cm33.h:2378:22:__NVIC_EnableIRQ	16	static
../drivers/fsl_clock.h:1389:20:CLOCK_EnableClock	24	static
../drivers/fsl_clock.h:1418:20:CLOCK_DisableClock	24	static
../drivers/fsl_reset.h:250:20:RESET_ReleasePeripheralReset	16	static
../drivers/fsl_common_arm.h:514:24:EnableIRQ	24	static
../drivers/fsl_common_arm.h:732:24:DisableGlobalIRQ	16	static
../drivers/fsl_common_arm.h:758:20:EnableGlobalIRQ	24	static
../drivers/fsl_edma.h:678:20:EDMA_SetChannelMux	24	static
../drivers/fsl_edma.h:711:20:EDMA_EnableChannelMasterIDReplication	24	static
../drivers/fsl_edma.h:733:20:EDMA_SetChannelSecurityLevel	24	static
../drivers/fsl_edma.h:755:20:EDMA_SetChannelProtectionLevel	24	static
../drivers/fsl_edma.h:925:20:EDMA_EnableAutoStopRequest	24	static
../drivers/fsl_edma.c:72:17:EDMA_GetInstance	24	static
../drivers/fsl_edma.c:91:24:EDMA_CheckErrata	24	static
../drivers/fsl_edma.c:115:6:EDMA_InstallTCD	32	static
../drivers/fsl_edma.c:158:6:EDMA_Init	24	static
../drivers/fsl_edma.c:221:6:EDMA_Deinit	16	static
../drivers/fsl_edma.c:237:6:EDMA_InitChannel	24	static
../drivers/fsl_edma.c:291:6:EDMA_GetDefaultConfig	16	static
../drivers/fsl_edma.c:326:6:EDMA_ResetChannel	16	static
../drivers/fsl_edma.c:361:6:EDMA_SetTransferConfig	24	static
../drivers/fsl_edma.c:383:6:EDMA_SetMinorOffsetConfig	32	static
../drivers/fsl_edma.c:408:6:EDMA_SetMajorOffsetConfig	24	static
../drivers/fsl_edma.c:425:6:EDMA_SetChannelPreemptionConfig	32	static
../drivers/fsl_edma.c:464:6:EDMA_SetChannelLink	24	static
../drivers/fsl_edma.c:487:6:EDMA_SetBandWidth	24	static
../drivers/fsl_edma.c:508:6:EDMA_SetModulo	32	static
../drivers/fsl_edma.c:524:6:EDMA_TcdReset	16	static
../drivers/fsl_edma.c:571:6:EDMA_TcdSetTransferConfig	24	static
../drivers/fsl_edma.c:607:6:EDMA_ConfigChannelSoftwareTCD	24	static
../drivers/fsl_edma.c:713:6:EDMA_TcdSetMinorOffsetConfig	24	static
../drivers/fsl_edma.c:737:6:EDMA_TcdSetMajorOffsetConfig	24	static
../drivers/fsl_edma.c:761:6:EDMA_TcdSetChannelLink	32	static
../drivers/fsl_edma.c:811:6:EDMA_TcdSetModulo	24	static
../drivers/fsl_edma.c:829:6:EDMA_TcdEnableInterrupts	16	static
../drivers/fsl_edma.c:853:6:EDMA_TcdDisableInterrupts	16	static
../drivers/fsl_edma.c:891:10:EDMA_GetRemainingMajorLoopCount	24	static
../drivers/fsl_edma.c:927:6:EDMA_EnableChannelInterrupts	24	static
../drivers/fsl_edma.c:958:6:EDMA_DisableChannelInterrupts	24	static
../drivers/fsl_edma.c:989:10:EDMA_GetChannelStatusFlags	24	static
../drivers/fsl_edma.c:1013:6:EDMA_ClearChannelStatusFlags	24	static
../drivers/fsl_edma.c:1045:6:EDMA_CreateHandle	32	static
../drivers/fsl_edma.c:1099:6:EDMA_InstallTCDMemory	24	static
../drivers/fsl_edma.c:1130:6:EDMA_SetCallback	24	static
../drivers/fsl_edma.c:1138:29:EDMA_TransferWidthMapping	24	static
../drivers/fsl_edma.c:1214:6:EDMA_PrepareTransferConfig	24	static
../drivers/fsl_edma.c:1285:6:EDMA_PrepareTransfer	56	static
../drivers/fsl_edma.c:1347:6:EDMA_PrepareTransferTCD	32	static
../drivers/fsl_edma.c:1495:10:EDMA_SubmitTransferTCD	40	static
../drivers/fsl_edma.c:1672:10:EDMA_SubmitTransfer	40	static
../drivers/fsl_edma.c:1860:10:EDMA_SubmitLoopTransfer	32	static
../drivers/fsl_edma.c:1937:6:EDMA_StartTransfer	24	static
../drivers/fsl_edma.c:2013:6:EDMA_StopTransfer	16	static
../drivers/fsl_edma.c:2031:6:EDMA_AbortTransfer	16	static
../drivers/fsl_edma.c:2078:6:EDMA_HandleIRQ	48	static
../drivers/fsl_edma.c:2210:6:EDMA_DriverIRQHandler	16	static
