../drivers/fsl_lpuart.h:801:20:LPUART_EnableTx	16	static
../drivers/fsl_lpuart.h:821:20:LPUART_EnableRx	16	static
../drivers/fsl_lpuart_cmsis.c:332:16:LPUART_CommonControl	80	static
../drivers/fsl_lpuart_cmsis.c:471:27:LPUARTx_GetVersion	16	static
../drivers/fsl_lpuart_cmsis.c:476:31:LPUARTx_GetCapabilities	4	static
../drivers/fsl_lpuart_cmsis.c:481:16:LPUARTx_SetModemControl	16	static
../drivers/fsl_lpuart_cmsis.c:486:31:LPUARTx_GetModemStatus	16	static
../drivers/fsl_lpuart_cmsis.c:787:13:KSDK_LPUART_EdmaCallback	32	static
../drivers/fsl_lpuart_cmsis.c:807:16:LPUART_EdmaInitialize	16	static
../drivers/fsl_lpuart_cmsis.c:818:16:LPUART_EdmaUninitialize	16	static
../drivers/fsl_lpuart_cmsis.c:824:16:LPUART_EdmaPowerControl	80	static
../drivers/fsl_lpuart_cmsis.c:893:16:LPUART_EdmaSend	40	static
../drivers/fsl_lpuart_cmsis.c:923:16:LPUART_EdmaReceive	40	static
../drivers/fsl_lpuart_cmsis.c:953:16:LPUART_EdmaTransfer	24	static
../drivers/fsl_lpuart_cmsis.c:962:17:LPUART_EdmaGetTxCount	24	static
../drivers/fsl_lpuart_cmsis.c:974:17:LPUART_EdmaGetRxCount	24	static
../drivers/fsl_lpuart_cmsis.c:987:16:LPUART_EdmaControl	32	static
../drivers/fsl_lpuart_cmsis.c:1028:25:LPUART_EdmaGetStatus	24	static
../drivers/fsl_lpuart_cmsis.c:2708:16:LPUART4_EdmaInitialize	16	static
../drivers/fsl_lpuart_cmsis.c:2716:16:LPUART4_EdmaUninitialize	8	static
../drivers/fsl_lpuart_cmsis.c:2724:16:LPUART4_EdmaPowerControl	16	static
../drivers/fsl_lpuart_cmsis.c:2729:16:LPUART4_EdmaSend	16	static
../drivers/fsl_lpuart_cmsis.c:2734:16:LPUART4_EdmaReceive	16	static
../drivers/fsl_lpuart_cmsis.c:2739:16:LPUART4_EdmaTransfer	24	static
../drivers/fsl_lpuart_cmsis.c:2744:17:LPUART4_EdmaGetTxCount	8	static
../drivers/fsl_lpuart_cmsis.c:2749:17:LPUART4_EdmaGetRxCount	8	static
../drivers/fsl_lpuart_cmsis.c:2754:16:LPUART4_EdmaControl	16	static
../drivers/fsl_lpuart_cmsis.c:2759:25:LPUART4_EdmaGetStatus	8	static
